

================================================================
== Vitis HLS Report for 'ifft_1024_top'
================================================================
* Date:           Tue May  5 17:01:04 2026

* Version:        2022.1 (Build 3526262 on Mon Apr 18 15:48:16 MDT 2022)
* Project:        ifft_project_wlo
* Solution:       solution1 (Vivado IP Flow Target)
* Product family: zynq
* Target device:  xc7z020-clg484-1


================================================================
== Performance Estimates
================================================================
+ Timing: 
    * Summary: 
    +--------+----------+----------+------------+
    |  Clock |  Target  | Estimated| Uncertainty|
    +--------+----------+----------+------------+
    |ap_clk  |  10.00 ns|  7.222 ns|     2.70 ns|
    +--------+----------+----------+------------+

+ Latency: 
    * Summary: 
    +---------+---------+----------+----------+-----+-----+---------+
    |  Latency (cycles) |  Latency (absolute) |  Interval | Pipeline|
    |   min   |   max   |    min   |    max   | min | max |   Type  |
    +---------+---------+----------+----------+-----+-----+---------+
    |        ?|        ?|         ?|         ?|    ?|    ?|       no|
    +---------+---------+----------+----------+-----+-----+---------+

    + Detail: 
        * Instance: 
        +---------------------------------------------------+----------------------------------------+---------+---------+-----------+-----------+------+------+---------+
        |                                                   |                                        |  Latency (cycles) |   Latency (absolute)  |   Interval  | Pipeline|
        |                      Instance                     |                 Module                 |   min   |   max   |    min    |    max    |  min |  max |   Type  |
        +---------------------------------------------------+----------------------------------------+---------+---------+-----------+-----------+------+------+---------+
        |grp_ifft_1024_top_Pipeline_VITIS_LOOP_57_1_fu_72   |ifft_1024_top_Pipeline_VITIS_LOOP_57_1  |     1035|     1035|  10.350 us|  10.350 us|  1035|  1035|       no|
        |grp_ifft_1024_top_Pipeline_VITIS_LOOP_63_2_fu_86   |ifft_1024_top_Pipeline_VITIS_LOOP_63_2  |     1035|     1035|  10.350 us|  10.350 us|  1035|  1035|       no|
        |grp_ifft_fast_fu_100                               |ifft_fast                               |        ?|        ?|          ?|          ?|     ?|     ?|       no|
        |grp_ifft_fast_fu_112                               |ifft_fast                               |        ?|        ?|          ?|          ?|     ?|     ?|       no|
        |grp_ifft_1024_top_Pipeline_VITIS_LOOP_72_3_fu_124  |ifft_1024_top_Pipeline_VITIS_LOOP_72_3  |     1034|     1034|  10.340 us|  10.340 us|  1034|  1034|       no|
        +---------------------------------------------------+----------------------------------------+---------+---------+-----------+-----------+------+------+---------+

        * Loop: 
        N/A



================================================================
== Utilization Estimates
================================================================
* Summary: 
+-----------------+---------+-----+--------+-------+-----+
|       Name      | BRAM_18K| DSP |   FF   |  LUT  | URAM|
+-----------------+---------+-----+--------+-------+-----+
|DSP              |        -|    -|       -|      -|    -|
|Expression       |        -|    -|       0|      4|    -|
|FIFO             |        -|    -|       -|      -|    -|
|Instance         |       10|   14|    5227|   8124|    -|
|Memory           |        8|    -|       0|      0|    0|
|Multiplexer      |        -|    -|       -|    599|    -|
|Register         |        -|    -|      16|      -|    -|
+-----------------+---------+-----+--------+-------+-----+
|Total            |       18|   14|    5243|   8727|    0|
+-----------------+---------+-----+--------+-------+-----+
|Available        |      280|  220|  106400|  53200|    0|
+-----------------+---------+-----+--------+-------+-----+
|Utilization (%)  |        6|    6|       4|     16|    0|
+-----------------+---------+-----+--------+-------+-----+

+ Detail: 
    * Instance: 
    +---------------------------------------------------+----------------------------------------+---------+----+------+------+-----+
    |                      Instance                     |                 Module                 | BRAM_18K| DSP|  FF  |  LUT | URAM|
    +---------------------------------------------------+----------------------------------------+---------+----+------+------+-----+
    |fmul_32ns_32ns_32_4_max_dsp_1_U49                  |fmul_32ns_32ns_32_4_max_dsp_1           |        0|   3|   143|   321|    0|
    |fmul_32ns_32ns_32_4_max_dsp_1_U50                  |fmul_32ns_32ns_32_4_max_dsp_1           |        0|   3|   143|   321|    0|
    |fpext_32ns_64_2_no_dsp_1_U51                       |fpext_32ns_64_2_no_dsp_1                |        0|   0|     0|     0|    0|
    |fpext_32ns_64_2_no_dsp_1_U52                       |fpext_32ns_64_2_no_dsp_1                |        0|   0|     0|     0|    0|
    |grp_ifft_1024_top_Pipeline_VITIS_LOOP_57_1_fu_72   |ifft_1024_top_Pipeline_VITIS_LOOP_57_1  |        0|   0|  1077|  1433|    0|
    |grp_ifft_1024_top_Pipeline_VITIS_LOOP_63_2_fu_86   |ifft_1024_top_Pipeline_VITIS_LOOP_63_2  |        0|   0|  1077|  1433|    0|
    |grp_ifft_1024_top_Pipeline_VITIS_LOOP_72_3_fu_124  |ifft_1024_top_Pipeline_VITIS_LOOP_72_3  |        0|   0|  1161|  2256|    0|
    |grp_ifft_fast_fu_100                               |ifft_fast                               |        5|   4|   813|  1180|    0|
    |grp_ifft_fast_fu_112                               |ifft_fast                               |        5|   4|   813|  1180|    0|
    +---------------------------------------------------+----------------------------------------+---------+----+------+------+-----+
    |Total                                              |                                        |       10|  14|  5227|  8124|    0|
    +---------------------------------------------------+----------------------------------------+---------+----+------+------+-----+

    * DSP: 
    N/A

    * Memory: 
    +---------------+---------------------------+---------+---+----+-----+------+-----+------+-------------+
    |     Memory    |           Module          | BRAM_18K| FF| LUT| URAM| Words| Bits| Banks| W*Bits*Banks|
    +---------------+---------------------------+---------+---+----+-----+------+-----+------+-------------+
    |ga_M_real_V_U  |ga_M_real_V_RAM_AUTO_1R1W  |        2|  0|   0|    0|  1024|   24|     1|        24576|
    |ga_M_imag_V_U  |ga_M_real_V_RAM_AUTO_1R1W  |        2|  0|   0|    0|  1024|   24|     1|        24576|
    |gb_M_real_V_U  |ga_M_real_V_RAM_AUTO_1R1W  |        2|  0|   0|    0|  1024|   24|     1|        24576|
    |gb_M_imag_V_U  |ga_M_real_V_RAM_AUTO_1R1W  |        2|  0|   0|    0|  1024|   24|     1|        24576|
    +---------------+---------------------------+---------+---+----+-----+------+-----+------+-------------+
    |Total          |                           |        8|  0|   0|    0|  4096|   96|     4|        98304|
    +---------------+---------------------------+---------+---+----+-----+------+-----+------+-------------+

    * FIFO: 
    N/A

    * Expression: 
    +-------------------------------------------------------------------+----------+----+---+----+------------+------------+
    |                           Variable Name                           | Operation| DSP| FF| LUT| Bitwidth P0| Bitwidth P1|
    +-------------------------------------------------------------------+----------+----+---+----+------------+------------+
    |grp_ifft_1024_top_Pipeline_VITIS_LOOP_72_3_fu_124_output_r_TREADY  |       and|   0|  0|   2|           1|           1|
    |ap_block_state8_on_subcall_done                                    |        or|   0|  0|   2|           1|           1|
    +-------------------------------------------------------------------+----------+----+---+----+------------+------------+
    |Total                                                              |          |   0|  0|   4|           2|           2|
    +-------------------------------------------------------------------+----------+----+---+----+------------+------------+

    * Multiplexer: 
    +-----------------------------+----+-----------+-----+-----------+
    |             Name            | LUT| Input Size| Bits| Total Bits|
    +-----------------------------+----+-----------+-----+-----------+
    |ap_NS_fsm                    |  65|         12|    1|         12|
    |ga_M_imag_V_address0         |  20|          4|   10|         40|
    |ga_M_imag_V_ce0              |  20|          4|    1|          4|
    |ga_M_imag_V_ce1              |   9|          2|    1|          2|
    |ga_M_imag_V_d0               |  14|          3|   24|         72|
    |ga_M_imag_V_we0              |  14|          3|    1|          3|
    |ga_M_imag_V_we1              |   9|          2|    1|          2|
    |ga_M_real_V_address0         |  20|          4|   10|         40|
    |ga_M_real_V_ce0              |  20|          4|    1|          4|
    |ga_M_real_V_ce1              |   9|          2|    1|          2|
    |ga_M_real_V_d0               |  14|          3|   24|         72|
    |ga_M_real_V_we0              |  14|          3|    1|          3|
    |ga_M_real_V_we1              |   9|          2|    1|          2|
    |gb_M_imag_V_address0         |  20|          4|   10|         40|
    |gb_M_imag_V_ce0              |  20|          4|    1|          4|
    |gb_M_imag_V_ce1              |   9|          2|    1|          2|
    |gb_M_imag_V_d0               |  14|          3|   24|         72|
    |gb_M_imag_V_we0              |  14|          3|    1|          3|
    |gb_M_imag_V_we1              |   9|          2|    1|          2|
    |gb_M_real_V_address0         |  20|          4|   10|         40|
    |gb_M_real_V_ce0              |  20|          4|    1|          4|
    |gb_M_real_V_ce1              |   9|          2|    1|          2|
    |gb_M_real_V_d0               |  14|          3|   24|         72|
    |gb_M_real_V_we0              |  14|          3|    1|          3|
    |gb_M_real_V_we1              |   9|          2|    1|          2|
    |grp_fu_140_ce                |  20|          4|    1|          4|
    |grp_fu_140_p0                |  20|          4|   32|        128|
    |grp_fu_140_p1                |  20|          4|   32|        128|
    |grp_fu_144_ce                |  20|          4|    1|          4|
    |grp_fu_144_p0                |  20|          4|   32|        128|
    |grp_fu_144_p1                |  20|          4|   32|        128|
    |grp_fu_148_ce                |  14|          3|    1|          3|
    |grp_fu_148_p0                |  14|          3|   32|         96|
    |grp_fu_151_ce                |  14|          3|    1|          3|
    |grp_fu_151_p0                |  14|          3|   32|         96|
    |input_r_TREADY_int_regslice  |  14|          3|    1|          3|
    +-----------------------------+----+-----------+-----+-----------+
    |Total                        | 599|        123|  350|       1225|
    +-----------------------------+----+-----------+-----+-----------+

    * Register: 
    +----------------------------------------------------------------+----+----+-----+-----------+
    |                              Name                              | FF | LUT| Bits| Const Bits|
    +----------------------------------------------------------------+----+----+-----+-----------+
    |ap_CS_fsm                                                       |  11|   0|   11|          0|
    |grp_ifft_1024_top_Pipeline_VITIS_LOOP_57_1_fu_72_ap_start_reg   |   1|   0|    1|          0|
    |grp_ifft_1024_top_Pipeline_VITIS_LOOP_63_2_fu_86_ap_start_reg   |   1|   0|    1|          0|
    |grp_ifft_1024_top_Pipeline_VITIS_LOOP_72_3_fu_124_ap_start_reg  |   1|   0|    1|          0|
    |grp_ifft_fast_fu_100_ap_start_reg                               |   1|   0|    1|          0|
    |grp_ifft_fast_fu_112_ap_start_reg                               |   1|   0|    1|          0|
    +----------------------------------------------------------------+----+----+-----+-----------+
    |Total                                                           |  16|   0|   16|          0|
    +----------------------------------------------------------------+----+----+-----+-----------+



================================================================
== Interface
================================================================
* Summary: 
+-----------------+-----+-----+--------------+-------------------+--------------+
|    RTL Ports    | Dir | Bits|   Protocol   |   Source Object   |    C Type    |
+-----------------+-----+-----+--------------+-------------------+--------------+
|ap_clk           |   in|    1|  ap_ctrl_none|      ifft_1024_top|  return value|
|ap_rst_n         |   in|    1|  ap_ctrl_none|      ifft_1024_top|  return value|
|input_r_TDATA    |   in|   64|          axis|   input_r_V_data_V|       pointer|
|input_r_TVALID   |   in|    1|          axis|   input_r_V_last_V|       pointer|
|input_r_TREADY   |  out|    1|          axis|   input_r_V_last_V|       pointer|
|input_r_TLAST    |   in|    1|          axis|   input_r_V_last_V|       pointer|
|input_r_TKEEP    |   in|    8|          axis|   input_r_V_keep_V|       pointer|
|input_r_TSTRB    |   in|    8|          axis|   input_r_V_strb_V|       pointer|
|output_r_TDATA   |  out|   64|          axis|  output_r_V_data_V|       pointer|
|output_r_TVALID  |  out|    1|          axis|  output_r_V_last_V|       pointer|
|output_r_TREADY  |   in|    1|          axis|  output_r_V_last_V|       pointer|
|output_r_TLAST   |  out|    1|          axis|  output_r_V_last_V|       pointer|
|output_r_TKEEP   |  out|    8|          axis|  output_r_V_keep_V|       pointer|
|output_r_TSTRB   |  out|    8|          axis|  output_r_V_strb_V|       pointer|
+-----------------+-----+-----+--------------+-------------------+--------------+

