

================================================================
== Vitis HLS Report for 'ifft_1024_top_Pipeline_VITIS_LOOP_72_3'
================================================================
* Date:           Tue May  5 17:01:00 2026

* Version:        2022.1 (Build 3526262 on Mon Apr 18 15:48:16 MDT 2022)
* Project:        ifft_project_wlo
* Solution:       solution1 (Vivado IP Flow Target)
* Product family: zynq
* Target device:  xc7z020-clg484-1


================================================================
== Performance Estimates
================================================================
+ Timing: 
    * Summary: 
    +--------+----------+----------+------------+
    |  Clock |  Target  | Estimated| Uncertainty|
    +--------+----------+----------+------------+
    |ap_clk  |  10.00 ns|  6.972 ns|     2.70 ns|
    +--------+----------+----------+------------+

+ Latency: 
    * Summary: 
    +---------+---------+-----------+-----------+------+------+---------+
    |  Latency (cycles) |   Latency (absolute)  |   Interval  | Pipeline|
    |   min   |   max   |    min    |    max    |  min |  max |   Type  |
    +---------+---------+-----------+-----------+------+------+---------+
    |     1034|     1034|  10.340 us|  10.340 us|  1034|  1034|       no|
    +---------+---------+-----------+-----------+------+------+---------+

    + Detail: 
        * Instance: 
        N/A

        * Loop: 
        +-------------------+---------+---------+----------+-----------+-----------+------+----------+
        |                   |  Latency (cycles) | Iteration|  Initiation Interval  | Trip |          |
        |     Loop Name     |   min   |   max   |  Latency |  achieved |   target  | Count| Pipelined|
        +-------------------+---------+---------+----------+-----------+-----------+------+----------+
        |- VITIS_LOOP_72_3  |     1032|     1032|        10|          1|          1|  1024|       yes|
        +-------------------+---------+---------+----------+-----------+-----------+------+----------+



================================================================
== Utilization Estimates
================================================================
* Summary: 
+-----------------+---------+-----+--------+-------+-----+
|       Name      | BRAM_18K| DSP |   FF   |  LUT  | URAM|
+-----------------+---------+-----+--------+-------+-----+
|DSP              |        -|    -|       -|      -|    -|
|Expression       |        -|    -|       0|   1987|    -|
|FIFO             |        -|    -|       -|      -|    -|
|Instance         |        -|    -|       -|      -|    -|
|Memory           |        -|    -|       -|      -|    -|
|Multiplexer      |        -|    -|       -|     45|    -|
|Register         |        -|    -|    1161|    224|    -|
+-----------------+---------+-----+--------+-------+-----+
|Total            |        0|    0|    1161|   2256|    0|
+-----------------+---------+-----+--------+-------+-----+
|Available        |      280|  220|  106400|  53200|    0|
+-----------------+---------+-----+--------+-------+-----+
|Utilization (%)  |        0|    0|       1|      4|    0|
+-----------------+---------+-----+--------+-------+-----+

+ Detail: 
    * Instance: 
    N/A

    * DSP: 
    N/A

    * Memory: 
    N/A

    * FIFO: 
    N/A

    * Expression: 
    +---------------------------+----------+----+---+-----+------------+------------+
    |       Variable Name       | Operation| DSP| FF| LUT | Bitwidth P0| Bitwidth P1|
    +---------------------------+----------+----+---+-----+------------+------------+
    |add_ln1150_1_fu_587_p2     |         +|   0|  0|   32|          25|           6|
    |add_ln1150_fu_482_p2       |         +|   0|  0|   32|          25|           6|
    |add_ln1159_1_fu_689_p2     |         +|   0|  0|   39|          32|           6|
    |add_ln1159_fu_628_p2       |         +|   0|  0|   39|          32|           6|
    |add_ln1170_1_fu_806_p2     |         +|   0|  0|    8|           8|           8|
    |add_ln1170_fu_762_p2       |         +|   0|  0|    8|           8|           8|
    |add_ln72_fu_218_p2         |         +|   0|  0|   12|          11|           1|
    |lsb_index_1_fu_520_p2      |         +|   0|  0|   39|          32|           6|
    |lsb_index_fu_415_p2        |         +|   0|  0|   39|          32|           6|
    |m_3_fu_662_p2              |         +|   0|  0|   71|          64|          64|
    |m_6_fu_723_p2              |         +|   0|  0|   71|          64|          64|
    |ret_V_6_fu_273_p2          |         +|   0|  0|   32|          25|          25|
    |ret_V_fu_251_p2            |         +|   0|  0|   32|          25|          25|
    |sub_ln1145_1_fu_397_p2     |         -|   0|  0|   39|           5|          32|
    |sub_ln1145_fu_333_p2       |         -|   0|  0|   39|           5|          32|
    |sub_ln1148_1_fu_541_p2     |         -|   0|  0|   13|           5|           5|
    |sub_ln1148_fu_436_p2       |         -|   0|  0|   13|           5|           5|
    |sub_ln1165_1_fu_801_p2     |         -|   0|  0|    8|           2|           8|
    |sub_ln1165_fu_757_p2       |         -|   0|  0|    8|           2|           8|
    |tmp_V_2_fu_356_p2          |         -|   0|  0|   32|           1|          25|
    |tmp_V_fu_292_p2            |         -|   0|  0|   32|           1|          25|
    |a_1_fu_567_p2              |       and|   0|  0|    2|           1|           1|
    |a_fu_462_p2                |       and|   0|  0|    2|           1|           1|
    |and_ln1150_1_fu_599_p2     |       and|   0|  0|    2|           1|           1|
    |and_ln1150_fu_494_p2       |       and|   0|  0|    2|           1|           1|
    |ap_block_pp0_stage0_01001  |       and|   0|  0|    2|           1|           1|
    |p_Result_10_fu_556_p2      |       and|   0|  0|   25|          25|          25|
    |p_Result_3_fu_451_p2       |       and|   0|  0|   25|          25|          25|
    |icmp_ln1136_1_fu_351_p2    |      icmp|   0|  0|   15|          25|           1|
    |icmp_ln1136_fu_287_p2      |      icmp|   0|  0|   15|          25|           1|
    |icmp_ln1147_1_fu_535_p2    |      icmp|   0|  0|   17|          31|           1|
    |icmp_ln1147_fu_430_p2      |      icmp|   0|  0|   17|          31|           1|
    |icmp_ln1148_1_fu_561_p2    |      icmp|   0|  0|   15|          25|           1|
    |icmp_ln1148_fu_456_p2      |      icmp|   0|  0|   15|          25|           1|
    |icmp_ln1159_1_fu_619_p2    |      icmp|   0|  0|   18|          32|           1|
    |icmp_ln1159_fu_514_p2      |      icmp|   0|  0|   18|          32|           1|
    |icmp_ln72_fu_212_p2        |      icmp|   0|  0|   12|          11|          12|
    |tmp_last_V_fu_232_p2       |      icmp|   0|  0|   11|          11|          10|
    |lshr_ln1148_1_fu_550_p2    |      lshr|   0|  0|   71|           2|          25|
    |lshr_ln1148_fu_445_p2      |      lshr|   0|  0|   71|           2|          25|
    |lshr_ln1159_1_fu_698_p2    |      lshr|   0|  0|  182|          64|          64|
    |lshr_ln1159_fu_637_p2      |      lshr|   0|  0|  182|          64|          64|
    |or_ln1150_2_fu_500_p2      |        or|   0|  0|    2|           1|           1|
    |or_ln1150_fu_605_p2        |        or|   0|  0|    2|           1|           1|
    |m_2_fu_652_p3              |    select|   0|  0|   64|           1|          64|
    |m_5_fu_713_p3              |    select|   0|  0|   64|           1|          64|
    |select_ln1144_1_fu_794_p3  |    select|   0|  0|    7|           1|           7|
    |select_ln1144_fu_750_p3    |    select|   0|  0|    7|           1|           7|
    |select_ln304_1_fu_858_p3   |    select|   0|  0|   32|           1|           1|
    |select_ln304_fu_847_p3     |    select|   0|  0|   32|           1|           1|
    |tmp_V_4_fu_297_p3          |    select|   0|  0|   25|           1|          25|
    |tmp_V_5_fu_361_p3          |    select|   0|  0|   25|           1|          25|
    |shl_ln1160_1_fu_707_p2     |       shl|   0|  0|  182|          64|          64|
    |shl_ln1160_fu_646_p2       |       shl|   0|  0|  182|          64|          64|
    |ap_enable_pp0              |       xor|   0|  0|    2|           1|           2|
    |xor_ln1150_1_fu_581_p2     |       xor|   0|  0|    2|           1|           2|
    |xor_ln1150_fu_476_p2       |       xor|   0|  0|    2|           1|           2|
    +---------------------------+----------+----+---+-----+------------+------------+
    |Total                      |          |   0|  0| 1987|         985|         964|
    +---------------------------+----------+----+---+-----+------------+------------+

    * Multiplexer: 
    +-------------------------+----+-----------+-----+-----------+
    |           Name          | LUT| Input Size| Bits| Total Bits|
    +-------------------------+----+-----------+-----+-----------+
    |ap_done_int              |   9|          2|    1|          2|
    |ap_enable_reg_pp0_iter1  |   9|          2|    1|          2|
    |ap_sig_allocacmp_i_2     |   9|          2|   11|         22|
    |i_fu_120                 |   9|          2|   11|         22|
    |output_r_TDATA_blk_n     |   9|          2|    1|          2|
    +-------------------------+----+-----------+-----+-----------+
    |Total                    |  45|         10|   25|         50|
    +-------------------------+----+-----------+-----+-----------+

    * Register: 
    +------------------------------------+----+----+-----+-----------+
    |                Name                | FF | LUT| Bits| Const Bits|
    +------------------------------------+----+----+-----+-----------+
    |LD_1_reg_1057                       |  32|   0|   32|          0|
    |LD_reg_1052                         |  32|   0|   32|          0|
    |ap_CS_fsm                           |   1|   0|    1|          0|
    |ap_done_reg                         |   1|   0|    1|          0|
    |ap_enable_reg_pp0_iter1             |   1|   0|    1|          0|
    |ap_enable_reg_pp0_iter2             |   1|   0|    1|          0|
    |ap_enable_reg_pp0_iter3             |   1|   0|    1|          0|
    |ap_enable_reg_pp0_iter4             |   1|   0|    1|          0|
    |ap_enable_reg_pp0_iter5             |   1|   0|    1|          0|
    |ap_enable_reg_pp0_iter6             |   1|   0|    1|          0|
    |ap_enable_reg_pp0_iter7             |   1|   0|    1|          0|
    |ap_enable_reg_pp0_iter8             |   1|   0|    1|          0|
    |ap_enable_reg_pp0_iter9             |   1|   0|    1|          0|
    |ap_loop_exit_ready_pp0_iter1_reg    |   1|   0|    1|          0|
    |ap_loop_exit_ready_pp0_iter2_reg    |   1|   0|    1|          0|
    |ap_loop_exit_ready_pp0_iter3_reg    |   1|   0|    1|          0|
    |ap_loop_exit_ready_pp0_iter4_reg    |   1|   0|    1|          0|
    |ap_loop_exit_ready_pp0_iter5_reg    |   1|   0|    1|          0|
    |ap_loop_exit_ready_pp0_iter6_reg    |   1|   0|    1|          0|
    |ap_loop_exit_ready_pp0_iter7_reg    |   1|   0|    1|          0|
    |ap_loop_exit_ready_pp0_iter8_reg    |   1|   0|    1|          0|
    |i_fu_120                            |  11|   0|   11|          0|
    |icmp_ln1136_1_reg_974               |   1|   0|    1|          0|
    |icmp_ln1136_reg_936                 |   1|   0|    1|          0|
    |icmp_ln1159_1_reg_1027              |   1|   0|    1|          0|
    |icmp_ln1159_reg_1017                |   1|   0|    1|          0|
    |l_1_reg_986                         |  32|   0|   32|          0|
    |l_1_reg_986_pp0_iter3_reg           |  32|   0|   32|          0|
    |l_reg_948                           |  32|   0|   32|          0|
    |l_reg_948_pp0_iter3_reg             |  32|   0|   32|          0|
    |m_9_reg_1032                        |  63|   0|   63|          0|
    |m_reg_1042                          |  63|   0|   63|          0|
    |or_ln1150_1_reg_1022                |   1|   0|    2|          1|
    |or_ln_reg_1012                      |   1|   0|    2|          1|
    |p_Result_12_reg_1047                |   1|   0|    1|          0|
    |p_Result_14_reg_917                 |   1|   0|    1|          0|
    |p_Result_17_reg_930                 |   1|   0|    1|          0|
    |p_Result_5_reg_1037                 |   1|   0|    1|          0|
    |ret_V_6_reg_923                     |  25|   0|   25|          0|
    |ret_V_reg_910                       |  25|   0|   25|          0|
    |sub_ln1145_1_reg_991                |  32|   0|   32|          0|
    |sub_ln1145_1_reg_991_pp0_iter3_reg  |  32|   0|   32|          0|
    |sub_ln1145_reg_953                  |  32|   0|   32|          0|
    |sub_ln1145_reg_953_pp0_iter3_reg    |  32|   0|   32|          0|
    |tmp_V_4_reg_941                     |  25|   0|   25|          0|
    |tmp_V_4_reg_941_pp0_iter3_reg       |  25|   0|   25|          0|
    |tmp_V_5_reg_979                     |  25|   0|   25|          0|
    |tmp_V_5_reg_979_pp0_iter3_reg       |  25|   0|   25|          0|
    |tmp_last_V_reg_905                  |   1|   0|    1|          0|
    |trunc_ln1144_1_reg_1007             |   8|   0|    8|          0|
    |trunc_ln1144_reg_969                |   8|   0|    8|          0|
    |trunc_ln1145_1_reg_997              |  25|   0|   25|          0|
    |trunc_ln1145_reg_959                |  25|   0|   25|          0|
    |trunc_ln1148_1_reg_1002             |   5|   0|    5|          0|
    |trunc_ln1148_reg_964                |   5|   0|    5|          0|
    |icmp_ln1136_1_reg_974               |  64|  32|    1|          0|
    |icmp_ln1136_reg_936                 |  64|  32|    1|          0|
    |p_Result_14_reg_917                 |  64|  32|    1|          0|
    |p_Result_17_reg_930                 |  64|  32|    1|          0|
    |tmp_last_V_reg_905                  |  64|  32|    1|          0|
    |trunc_ln1144_1_reg_1007             |  64|  32|    8|          0|
    |trunc_ln1144_reg_969                |  64|  32|    8|          0|
    +------------------------------------+----+----+-----+-----------+
    |Total                               |1161| 224|  736|          2|
    +------------------------------------+----+----+-----+-----------+



================================================================
== Interface
================================================================
* Summary: 
+----------------------+-----+-----+------------+----------------------------------------+--------------+
|       RTL Ports      | Dir | Bits|  Protocol  |              Source Object             |    C Type    |
+----------------------+-----+-----+------------+----------------------------------------+--------------+
|ap_clk                |   in|    1|  ap_ctrl_hs|  ifft_1024_top_Pipeline_VITIS_LOOP_72_3|  return value|
|ap_rst                |   in|    1|  ap_ctrl_hs|  ifft_1024_top_Pipeline_VITIS_LOOP_72_3|  return value|
|ap_start              |   in|    1|  ap_ctrl_hs|  ifft_1024_top_Pipeline_VITIS_LOOP_72_3|  return value|
|ap_done               |  out|    1|  ap_ctrl_hs|  ifft_1024_top_Pipeline_VITIS_LOOP_72_3|  return value|
|ap_idle               |  out|    1|  ap_ctrl_hs|  ifft_1024_top_Pipeline_VITIS_LOOP_72_3|  return value|
|ap_ready              |  out|    1|  ap_ctrl_hs|  ifft_1024_top_Pipeline_VITIS_LOOP_72_3|  return value|
|grp_fu_140_p_din0     |  out|   32|  ap_ctrl_hs|  ifft_1024_top_Pipeline_VITIS_LOOP_72_3|  return value|
|grp_fu_140_p_din1     |  out|   32|  ap_ctrl_hs|  ifft_1024_top_Pipeline_VITIS_LOOP_72_3|  return value|
|grp_fu_140_p_dout0    |   in|   32|  ap_ctrl_hs|  ifft_1024_top_Pipeline_VITIS_LOOP_72_3|  return value|
|grp_fu_140_p_ce       |  out|    1|  ap_ctrl_hs|  ifft_1024_top_Pipeline_VITIS_LOOP_72_3|  return value|
|grp_fu_144_p_din0     |  out|   32|  ap_ctrl_hs|  ifft_1024_top_Pipeline_VITIS_LOOP_72_3|  return value|
|grp_fu_144_p_din1     |  out|   32|  ap_ctrl_hs|  ifft_1024_top_Pipeline_VITIS_LOOP_72_3|  return value|
|grp_fu_144_p_dout0    |   in|   32|  ap_ctrl_hs|  ifft_1024_top_Pipeline_VITIS_LOOP_72_3|  return value|
|grp_fu_144_p_ce       |  out|    1|  ap_ctrl_hs|  ifft_1024_top_Pipeline_VITIS_LOOP_72_3|  return value|
|output_r_TREADY       |   in|    1|        axis|                       output_r_V_data_V|       pointer|
|output_r_TDATA        |  out|   64|        axis|                       output_r_V_data_V|       pointer|
|ga_M_real_V_address0  |  out|   10|   ap_memory|                             ga_M_real_V|         array|
|ga_M_real_V_ce0       |  out|    1|   ap_memory|                             ga_M_real_V|         array|
|ga_M_real_V_q0        |   in|   24|   ap_memory|                             ga_M_real_V|         array|
|gb_M_real_V_address0  |  out|   10|   ap_memory|                             gb_M_real_V|         array|
|gb_M_real_V_ce0       |  out|    1|   ap_memory|                             gb_M_real_V|         array|
|gb_M_real_V_q0        |   in|   24|   ap_memory|                             gb_M_real_V|         array|
|ga_M_imag_V_address0  |  out|   10|   ap_memory|                             ga_M_imag_V|         array|
|ga_M_imag_V_ce0       |  out|    1|   ap_memory|                             ga_M_imag_V|         array|
|ga_M_imag_V_q0        |   in|   24|   ap_memory|                             ga_M_imag_V|         array|
|gb_M_imag_V_address0  |  out|   10|   ap_memory|                             gb_M_imag_V|         array|
|gb_M_imag_V_ce0       |  out|    1|   ap_memory|                             gb_M_imag_V|         array|
|gb_M_imag_V_q0        |   in|   24|   ap_memory|                             gb_M_imag_V|         array|
|output_r_TVALID       |  out|    1|        axis|                       output_r_V_last_V|       pointer|
|output_r_TLAST        |  out|    1|        axis|                       output_r_V_last_V|       pointer|
|output_r_TKEEP        |  out|    8|        axis|                       output_r_V_keep_V|       pointer|
|output_r_TSTRB        |  out|    8|        axis|                       output_r_V_strb_V|       pointer|
+----------------------+-----+-----+------------+----------------------------------------+--------------+

