

================================================================
== Vitis HLS Report for 'corr_multiplication_Pipeline_VITIS_LOOP_45_2'
================================================================
* Date:           Sun Apr 26 23:31:41 2026

* Version:        2022.1 (Build 3526262 on Mon Apr 18 15:47:01 MDT 2022)
* Project:        project_multiplication_ip
* Solution:       solution1 (Vivado IP Flow Target)
* Product family: zynq
* Target device:  xc7z020-clg484-1


================================================================
== Performance Estimates
================================================================
+ Timing: 
    * Summary: 
    +--------+----------+----------+------------+
    |  Clock |  Target  | Estimated| Uncertainty|
    +--------+----------+----------+------------+
    |ap_clk  |  10.00 ns|  7.256 ns|     2.70 ns|
    +--------+----------+----------+------------+

+ Latency: 
    * Summary: 
    +---------+---------+-----------+-----------+------+------+---------+
    |  Latency (cycles) |   Latency (absolute)  |   Interval  | Pipeline|
    |   min   |   max   |    min    |    max    |  min |  max |   Type  |
    +---------+---------+-----------+-----------+------+------+---------+
    |     1035|     1035|  10.350 us|  10.350 us|  1035|  1035|       no|
    +---------+---------+-----------+-----------+------+------+---------+

    + Detail: 
        * Instance: 
        N/A

        * Loop: 
        +-------------------+---------+---------+----------+-----------+-----------+------+----------+
        |                   |  Latency (cycles) | Iteration|  Initiation Interval  | Trip |          |
        |     Loop Name     |   min   |   max   |  Latency |  achieved |   target  | Count| Pipelined|
        +-------------------+---------+---------+----------+-----------+-----------+------+----------+
        |- VITIS_LOOP_45_2  |     1033|     1033|        11|          1|          1|  1024|       yes|
        +-------------------+---------+---------+----------+-----------+-----------+------+----------+



================================================================
== Utilization Estimates
================================================================
* Summary: 
+-----------------+---------+-----+--------+-------+-----+
|       Name      | BRAM_18K| DSP |   FF   |  LUT  | URAM|
+-----------------+---------+-----+--------+-------+-----+
|DSP              |        -|    -|       -|      -|    -|
|Expression       |        -|    -|       0|     41|    -|
|FIFO             |        -|    -|       -|      -|    -|
|Instance         |        -|    -|       -|      -|    -|
|Memory           |        4|    -|       0|      0|    -|
|Multiplexer      |        -|    -|       -|     54|    -|
|Register         |        -|    -|     417|     32|    -|
+-----------------+---------+-----+--------+-------+-----+
|Total            |        4|    0|     417|    127|    0|
+-----------------+---------+-----+--------+-------+-----+
|Available        |      280|  220|  106400|  53200|    0|
+-----------------+---------+-----+--------+-------+-----+
|Utilization (%)  |        1|    0|      ~0|     ~0|    0|
+-----------------+---------+-----+--------+-------+-----+

+ Detail: 
    * Instance: 
    N/A

    * DSP: 
    N/A

    * Memory: 
    +---------------------+----------------------------------------------------------------------------+---------+---+----+-----+------+-----+------+-------------+
    |        Memory       |                                   Module                                   | BRAM_18K| FF| LUT| URAM| Words| Bits| Banks| W*Bits*Banks|
    +---------------------+----------------------------------------------------------------------------+---------+---+----+-----+------+-----+------+-------------+
    |gb_conj_M_value_1_U  |corr_multiplication_Pipeline_VITIS_LOOP_45_2_gb_conj_M_value_1_ROM_AUTO_1R  |        2|  0|   0|    0|  1024|   32|     1|        32768|
    |gb_conj_M_value_U    |corr_multiplication_Pipeline_VITIS_LOOP_45_2_gb_conj_M_value_ROM_AUTO_1R    |        2|  0|   0|    0|  1024|   32|     1|        32768|
    +---------------------+----------------------------------------------------------------------------+---------+---+----+-----+------+-----+------+-------------+
    |Total                |                                                                            |        4|  0|   0|    0|  2048|   64|     2|        65536|
    +---------------------+----------------------------------------------------------------------------+---------+---+----+-----+------+-----+------+-------------+

    * FIFO: 
    N/A

    * Expression: 
    +----------------------------------+----------+----+---+----+------------+------------+
    |           Variable Name          | Operation| DSP| FF| LUT| Bitwidth P0| Bitwidth P1|
    +----------------------------------+----------+----+---+----+------------+------------+
    |add_ln45_fu_170_p2                |         +|   0|  0|  12|          11|           1|
    |ap_block_state1_pp0_stage0_iter0  |       and|   0|  0|   2|           1|           1|
    |icmp_ln45_fu_164_p2               |      icmp|   0|  0|  12|          11|          12|
    |tmp_last_V_fu_200_p2              |      icmp|   0|  0|  11|          11|          10|
    |ap_block_pp0_stage0_00001         |        or|   0|  0|   2|           1|           1|
    |ap_enable_pp0                     |       xor|   0|  0|   2|           1|           2|
    +----------------------------------+----------+----+---+----+------------+------------+
    |Total                             |          |   0|  0|  41|          36|          27|
    +----------------------------------+----------+----+---+----+------------+------------+

    * Multiplexer: 
    +-------------------------+----+-----------+-----+-----------+
    |           Name          | LUT| Input Size| Bits| Total Bits|
    +-------------------------+----+-----------+-----+-----------+
    |ap_done_int              |   9|          2|    1|          2|
    |ap_enable_reg_pp0_iter1  |   9|          2|    1|          2|
    |ap_sig_allocacmp_i_1     |   9|          2|   11|         22|
    |i_fu_72                  |   9|          2|   11|         22|
    |input_r_TDATA_blk_n      |   9|          2|    1|          2|
    |output_r_TDATA_blk_n     |   9|          2|    1|          2|
    +-------------------------+----+-----------+-----+-----------+
    |Total                    |  54|         12|   26|         52|
    +-------------------------+----+-----------+-----+-----------+

    * Register: 
    +-------------------------------------+----+----+-----+-----------+
    |                 Name                | FF | LUT| Bits| Const Bits|
    +-------------------------------------+----+----+-----+-----------+
    |ap_CS_fsm                            |   1|   0|    1|          0|
    |ap_done_reg                          |   1|   0|    1|          0|
    |ap_enable_reg_pp0_iter1              |   1|   0|    1|          0|
    |ap_enable_reg_pp0_iter10             |   1|   0|    1|          0|
    |ap_enable_reg_pp0_iter2              |   1|   0|    1|          0|
    |ap_enable_reg_pp0_iter3              |   1|   0|    1|          0|
    |ap_enable_reg_pp0_iter4              |   1|   0|    1|          0|
    |ap_enable_reg_pp0_iter5              |   1|   0|    1|          0|
    |ap_enable_reg_pp0_iter6              |   1|   0|    1|          0|
    |ap_enable_reg_pp0_iter7              |   1|   0|    1|          0|
    |ap_enable_reg_pp0_iter8              |   1|   0|    1|          0|
    |ap_enable_reg_pp0_iter9              |   1|   0|    1|          0|
    |ap_loop_exit_ready_pp0_iter1_reg     |   1|   0|    1|          0|
    |ap_loop_exit_ready_pp0_iter2_reg     |   1|   0|    1|          0|
    |ap_loop_exit_ready_pp0_iter3_reg     |   1|   0|    1|          0|
    |ap_loop_exit_ready_pp0_iter4_reg     |   1|   0|    1|          0|
    |ap_loop_exit_ready_pp0_iter5_reg     |   1|   0|    1|          0|
    |ap_loop_exit_ready_pp0_iter6_reg     |   1|   0|    1|          0|
    |ap_loop_exit_ready_pp0_iter7_reg     |   1|   0|    1|          0|
    |ap_loop_exit_ready_pp0_iter8_reg     |   1|   0|    1|          0|
    |ap_loop_exit_ready_pp0_iter9_reg     |   1|   0|    1|          0|
    |i_fu_72                              |  11|   0|   11|          0|
    |mul_ac_i_i1_reg_298                  |  32|   0|   32|          0|
    |mul_ad_i_i1_reg_308                  |  32|   0|   32|          0|
    |mul_bc_i_i1_reg_313                  |  32|   0|   32|          0|
    |mul_bd_i_i1_reg_303                  |  32|   0|   32|          0|
    |p_t_1_reg_280                        |  32|   0|   32|          0|
    |p_t_reg_274                          |  32|   0|   32|          0|
    |tmp_last_V_reg_269                   |   1|   0|    1|          0|
    |trunc_ln293_3_reg_254                |  32|   0|   32|          0|
    |trunc_ln293_3_reg_254_pp0_iter1_reg  |  32|   0|   32|          0|
    |trunc_ln293_reg_249                  |  32|   0|   32|          0|
    |trunc_ln293_reg_249_pp0_iter1_reg    |  32|   0|   32|          0|
    |tmp_last_V_reg_269                   |  64|  32|    1|          0|
    +-------------------------------------+----+----+-----+-----------+
    |Total                                | 417|  32|  354|          0|
    +-------------------------------------+----+----+-----+-----------+



================================================================
== Interface
================================================================
* Summary: 
+---------------------+-----+-----+------------+----------------------------------------------+--------------+
|      RTL Ports      | Dir | Bits|  Protocol  |                 Source Object                |    C Type    |
+---------------------+-----+-----+------------+----------------------------------------------+--------------+
|ap_clk               |   in|    1|  ap_ctrl_hs|  corr_multiplication_Pipeline_VITIS_LOOP_45_2|  return value|
|ap_rst               |   in|    1|  ap_ctrl_hs|  corr_multiplication_Pipeline_VITIS_LOOP_45_2|  return value|
|ap_start             |   in|    1|  ap_ctrl_hs|  corr_multiplication_Pipeline_VITIS_LOOP_45_2|  return value|
|ap_done              |  out|    1|  ap_ctrl_hs|  corr_multiplication_Pipeline_VITIS_LOOP_45_2|  return value|
|ap_idle              |  out|    1|  ap_ctrl_hs|  corr_multiplication_Pipeline_VITIS_LOOP_45_2|  return value|
|ap_ready             |  out|    1|  ap_ctrl_hs|  corr_multiplication_Pipeline_VITIS_LOOP_45_2|  return value|
|grp_fu_100_p_din0    |  out|   32|  ap_ctrl_hs|  corr_multiplication_Pipeline_VITIS_LOOP_45_2|  return value|
|grp_fu_100_p_din1    |  out|   32|  ap_ctrl_hs|  corr_multiplication_Pipeline_VITIS_LOOP_45_2|  return value|
|grp_fu_100_p_opcode  |  out|    2|  ap_ctrl_hs|  corr_multiplication_Pipeline_VITIS_LOOP_45_2|  return value|
|grp_fu_100_p_dout0   |   in|   32|  ap_ctrl_hs|  corr_multiplication_Pipeline_VITIS_LOOP_45_2|  return value|
|grp_fu_100_p_ce      |  out|    1|  ap_ctrl_hs|  corr_multiplication_Pipeline_VITIS_LOOP_45_2|  return value|
|grp_fu_104_p_din0    |  out|   32|  ap_ctrl_hs|  corr_multiplication_Pipeline_VITIS_LOOP_45_2|  return value|
|grp_fu_104_p_din1    |  out|   32|  ap_ctrl_hs|  corr_multiplication_Pipeline_VITIS_LOOP_45_2|  return value|
|grp_fu_104_p_opcode  |  out|    2|  ap_ctrl_hs|  corr_multiplication_Pipeline_VITIS_LOOP_45_2|  return value|
|grp_fu_104_p_dout0   |   in|   32|  ap_ctrl_hs|  corr_multiplication_Pipeline_VITIS_LOOP_45_2|  return value|
|grp_fu_104_p_ce      |  out|    1|  ap_ctrl_hs|  corr_multiplication_Pipeline_VITIS_LOOP_45_2|  return value|
|grp_fu_108_p_din0    |  out|   32|  ap_ctrl_hs|  corr_multiplication_Pipeline_VITIS_LOOP_45_2|  return value|
|grp_fu_108_p_din1    |  out|   32|  ap_ctrl_hs|  corr_multiplication_Pipeline_VITIS_LOOP_45_2|  return value|
|grp_fu_108_p_dout0   |   in|   32|  ap_ctrl_hs|  corr_multiplication_Pipeline_VITIS_LOOP_45_2|  return value|
|grp_fu_108_p_ce      |  out|    1|  ap_ctrl_hs|  corr_multiplication_Pipeline_VITIS_LOOP_45_2|  return value|
|grp_fu_112_p_din0    |  out|   32|  ap_ctrl_hs|  corr_multiplication_Pipeline_VITIS_LOOP_45_2|  return value|
|grp_fu_112_p_din1    |  out|   32|  ap_ctrl_hs|  corr_multiplication_Pipeline_VITIS_LOOP_45_2|  return value|
|grp_fu_112_p_dout0   |   in|   32|  ap_ctrl_hs|  corr_multiplication_Pipeline_VITIS_LOOP_45_2|  return value|
|grp_fu_112_p_ce      |  out|    1|  ap_ctrl_hs|  corr_multiplication_Pipeline_VITIS_LOOP_45_2|  return value|
|grp_fu_116_p_din0    |  out|   32|  ap_ctrl_hs|  corr_multiplication_Pipeline_VITIS_LOOP_45_2|  return value|
|grp_fu_116_p_din1    |  out|   32|  ap_ctrl_hs|  corr_multiplication_Pipeline_VITIS_LOOP_45_2|  return value|
|grp_fu_116_p_dout0   |   in|   32|  ap_ctrl_hs|  corr_multiplication_Pipeline_VITIS_LOOP_45_2|  return value|
|grp_fu_116_p_ce      |  out|    1|  ap_ctrl_hs|  corr_multiplication_Pipeline_VITIS_LOOP_45_2|  return value|
|grp_fu_120_p_din0    |  out|   32|  ap_ctrl_hs|  corr_multiplication_Pipeline_VITIS_LOOP_45_2|  return value|
|grp_fu_120_p_din1    |  out|   32|  ap_ctrl_hs|  corr_multiplication_Pipeline_VITIS_LOOP_45_2|  return value|
|grp_fu_120_p_dout0   |   in|   32|  ap_ctrl_hs|  corr_multiplication_Pipeline_VITIS_LOOP_45_2|  return value|
|grp_fu_120_p_ce      |  out|    1|  ap_ctrl_hs|  corr_multiplication_Pipeline_VITIS_LOOP_45_2|  return value|
|input_r_TVALID       |   in|    1|        axis|                              input_r_V_data_V|       pointer|
|input_r_TDATA        |   in|   64|        axis|                              input_r_V_data_V|       pointer|
|output_r_TREADY      |   in|    1|        axis|                             output_r_V_data_V|       pointer|
|output_r_TDATA       |  out|   64|        axis|                             output_r_V_data_V|       pointer|
|input_r_TREADY       |  out|    1|        axis|                              input_r_V_last_V|       pointer|
|input_r_TLAST        |   in|    1|        axis|                              input_r_V_last_V|       pointer|
|input_r_TKEEP        |   in|    8|        axis|                              input_r_V_keep_V|       pointer|
|input_r_TSTRB        |   in|    8|        axis|                              input_r_V_strb_V|       pointer|
|output_r_TVALID      |  out|    1|        axis|                             output_r_V_last_V|       pointer|
|output_r_TLAST       |  out|    1|        axis|                             output_r_V_last_V|       pointer|
|output_r_TKEEP       |  out|    8|        axis|                             output_r_V_keep_V|       pointer|
|output_r_TSTRB       |  out|    8|        axis|                             output_r_V_strb_V|       pointer|
+---------------------+-----+-----+------------+----------------------------------------------+--------------+

