

================================================================
== Vitis HLS Report for 'doppler_fft_256'
================================================================
* Date:           Tue Apr 28 15:48:53 2026

* Version:        2022.1 (Build 3526262 on Mon Apr 18 15:47:01 MDT 2022)
* Project:        doppler_fft_256
* Solution:       solution1 (Vivado IP Flow Target)
* Product family: zynq
* Target device:  xc7z020-clg484-1


================================================================
== Performance Estimates
================================================================
+ Timing: 
    * Summary: 
    +--------+----------+----------+------------+
    |  Clock |  Target  | Estimated| Uncertainty|
    +--------+----------+----------+------------+
    |ap_clk  |  10.00 ns|  7.256 ns|     2.70 ns|
    +--------+----------+----------+------------+

+ Latency: 
    * Summary: 
    +---------+---------+----------+----------+-----+-----+---------+
    |  Latency (cycles) |  Latency (absolute) |  Interval | Pipeline|
    |   min   |   max   |    min   |    max   | min | max |   Type  |
    +---------+---------+----------+----------+-----+-----+---------+
    |        ?|        ?|         ?|         ?|    ?|    ?|       no|
    +---------+---------+----------+----------+-----+-----+---------+

    + Detail: 
        * Instance: 
        +-----------------------------------------------------+------------------------------------------+---------+---------+----------+----------+-----+-----+---------+
        |                                                     |                                          |  Latency (cycles) |  Latency (absolute) |  Interval | Pipeline|
        |                       Instance                      |                  Module                  |   min   |   max   |    min   |    max   | min | max |   Type  |
        +-----------------------------------------------------+------------------------------------------+---------+---------+----------+----------+-----+-----+---------+
        |grp_doppler_fft_256_Pipeline_1_fu_100                |doppler_fft_256_Pipeline_1                |      257|      257|  2.570 us|  2.570 us|  257|  257|       no|
        |grp_doppler_fft_256_Pipeline_VITIS_LOOP_58_1_fu_106  |doppler_fft_256_Pipeline_VITIS_LOOP_58_1  |      258|      258|  2.580 us|  2.580 us|  258|  258|       no|
        |grp_fft_fast_fu_120                                  |fft_fast                                  |        ?|        ?|         ?|         ?|    ?|    ?|       no|
        |grp_doppler_fft_256_Pipeline_VITIS_LOOP_38_1_fu_132  |doppler_fft_256_Pipeline_VITIS_LOOP_38_1  |      258|      258|  2.580 us|  2.580 us|  258|  258|       no|
        |grp_doppler_fft_256_Pipeline_VITIS_LOOP_66_2_fu_138  |doppler_fft_256_Pipeline_VITIS_LOOP_66_2  |      258|      258|  2.580 us|  2.580 us|  258|  258|       no|
        +-----------------------------------------------------+------------------------------------------+---------+---------+----------+----------+-----+-----+---------+

        * Loop: 
        N/A



================================================================
== Utilization Estimates
================================================================
* Summary: 
+-----------------+---------+-----+--------+-------+-----+
|       Name      | BRAM_18K| DSP |   FF   |  LUT  | URAM|
+-----------------+---------+-----+--------+-------+-----+
|DSP              |        -|    -|       -|      -|    -|
|Expression       |        -|    -|       0|      2|    -|
|FIFO             |        -|    -|       -|      -|    -|
|Instance         |        3|   16|    1889|   3336|    -|
|Memory           |        4|    -|       0|      0|    0|
|Multiplexer      |        -|    -|       -|    458|    -|
|Register         |        -|    -|      17|      -|    -|
+-----------------+---------+-----+--------+-------+-----+
|Total            |        7|   16|    1906|   3796|    0|
+-----------------+---------+-----+--------+-------+-----+
|Available        |      280|  220|  106400|  53200|    0|
+-----------------+---------+-----+--------+-------+-----+
|Utilization (%)  |        2|    7|       1|      7|    0|
+-----------------+---------+-----+--------+-------+-----+

+ Detail: 
    * Instance: 
    +-----------------------------------------------------+------------------------------------------+---------+----+------+------+-----+
    |                       Instance                      |                  Module                  | BRAM_18K| DSP|  FF  |  LUT | URAM|
    +-----------------------------------------------------+------------------------------------------+---------+----+------+------+-----+
    |grp_doppler_fft_256_Pipeline_1_fu_100                |doppler_fft_256_Pipeline_1                |        0|   0|    10|    53|    0|
    |grp_doppler_fft_256_Pipeline_VITIS_LOOP_38_1_fu_132  |doppler_fft_256_Pipeline_VITIS_LOOP_38_1  |        0|   0|    43|   132|    0|
    |grp_doppler_fft_256_Pipeline_VITIS_LOOP_58_1_fu_106  |doppler_fft_256_Pipeline_VITIS_LOOP_58_1  |        0|   0|    11|    65|    0|
    |grp_doppler_fft_256_Pipeline_VITIS_LOOP_66_2_fu_138  |doppler_fft_256_Pipeline_VITIS_LOOP_66_2  |        0|   0|    13|    85|    0|
    |grp_fft_fast_fu_120                                  |fft_fast                                  |        3|  16|  1812|  3001|    0|
    +-----------------------------------------------------+------------------------------------------+---------+----+------+------+-----+
    |Total                                                |                                          |        3|  16|  1889|  3336|    0|
    +-----------------------------------------------------+------------------------------------------+---------+----+------+------+-----+

    * DSP: 
    N/A

    * Memory: 
    +---------------------------+-------------------------------------+---------+---+----+-----+------+-----+------+-------------+
    |           Memory          |                Module               | BRAM_18K| FF| LUT| URAM| Words| Bits| Banks| W*Bits*Banks|
    +---------------------------+-------------------------------------+---------+---+----+-----+------+-----+------+-------------+
    |range_dop_map_M_value_U    |range_dop_map_M_value_RAM_AUTO_1R1W  |        2|  0|   0|    0|   256|   32|     1|         8192|
    |range_dop_map_M_value_1_U  |range_dop_map_M_value_RAM_AUTO_1R1W  |        2|  0|   0|    0|   256|   32|     1|         8192|
    +---------------------------+-------------------------------------+---------+---+----+-----+------+-----+------+-------------+
    |Total                      |                                     |        4|  0|   0|    0|   512|   64|     2|        16384|
    +---------------------------+-------------------------------------+---------+---+----+-----+------+-----+------+-------------+

    * FIFO: 
    N/A

    * Expression: 
    +---------------------------------------------------------------------+----------+----+---+----+------------+------------+
    |                            Variable Name                            | Operation| DSP| FF| LUT| Bitwidth P0| Bitwidth P1|
    +---------------------------------------------------------------------+----------+----+---+----+------------+------------+
    |grp_doppler_fft_256_Pipeline_VITIS_LOOP_66_2_fu_138_output_r_TREADY  |       and|   0|  0|   2|           1|           1|
    +---------------------------------------------------------------------+----------+----+---+----+------------+------------+
    |Total                                                                |          |   0|  0|   2|           1|           1|
    +---------------------------------------------------------------------+----------+----+---+----+------------+------------+

    * Multiplexer: 
    +----------------------------------+----+-----------+-----+-----------+
    |               Name               | LUT| Input Size| Bits| Total Bits|
    +----------------------------------+----+-----------+-----+-----------+
    |ap_NS_fsm                         |  65|         13|    1|         13|
    |input_r_TREADY_int_regslice       |   9|          2|    1|          2|
    |range_dop_map_M_value_1_address0  |  37|          7|    8|         56|
    |range_dop_map_M_value_1_address1  |  14|          3|    8|         24|
    |range_dop_map_M_value_1_ce0       |  37|          7|    1|          7|
    |range_dop_map_M_value_1_ce1       |  14|          3|    1|          3|
    |range_dop_map_M_value_1_d0        |  31|          6|   32|        192|
    |range_dop_map_M_value_1_d1        |  14|          3|   32|         96|
    |range_dop_map_M_value_1_we0       |  31|          6|    1|          6|
    |range_dop_map_M_value_1_we1       |  14|          3|    1|          3|
    |range_dop_map_M_value_address0    |  37|          7|    8|         56|
    |range_dop_map_M_value_address1    |  14|          3|    8|         24|
    |range_dop_map_M_value_ce0         |  37|          7|    1|          7|
    |range_dop_map_M_value_ce1         |  14|          3|    1|          3|
    |range_dop_map_M_value_d0          |  31|          6|   32|        192|
    |range_dop_map_M_value_d1          |  14|          3|   32|         96|
    |range_dop_map_M_value_we0         |  31|          6|    1|          6|
    |range_dop_map_M_value_we1         |  14|          3|    1|          3|
    +----------------------------------+----+-----------+-----+-----------+
    |Total                             | 458|         91|  170|        789|
    +----------------------------------+----+-----------+-----+-----------+

    * Register: 
    +------------------------------------------------------------------+----+----+-----+-----------+
    |                               Name                               | FF | LUT| Bits| Const Bits|
    +------------------------------------------------------------------+----+----+-----+-----------+
    |ap_CS_fsm                                                         |  12|   0|   12|          0|
    |grp_doppler_fft_256_Pipeline_1_fu_100_ap_start_reg                |   1|   0|    1|          0|
    |grp_doppler_fft_256_Pipeline_VITIS_LOOP_38_1_fu_132_ap_start_reg  |   1|   0|    1|          0|
    |grp_doppler_fft_256_Pipeline_VITIS_LOOP_58_1_fu_106_ap_start_reg  |   1|   0|    1|          0|
    |grp_doppler_fft_256_Pipeline_VITIS_LOOP_66_2_fu_138_ap_start_reg  |   1|   0|    1|          0|
    |grp_fft_fast_fu_120_ap_start_reg                                  |   1|   0|    1|          0|
    +------------------------------------------------------------------+----+----+-----+-----------+
    |Total                                                             |  17|   0|   17|          0|
    +------------------------------------------------------------------+----+----+-----+-----------+



================================================================
== Interface
================================================================
* Summary: 
+-----------------+-----+-----+--------------+-------------------+--------------+
|    RTL Ports    | Dir | Bits|   Protocol   |   Source Object   |    C Type    |
+-----------------+-----+-----+--------------+-------------------+--------------+
|ap_clk           |   in|    1|  ap_ctrl_none|    doppler_fft_256|  return value|
|ap_rst_n         |   in|    1|  ap_ctrl_none|    doppler_fft_256|  return value|
|input_r_TDATA    |   in|   64|          axis|   input_r_V_data_V|       pointer|
|input_r_TVALID   |   in|    1|          axis|   input_r_V_last_V|       pointer|
|input_r_TREADY   |  out|    1|          axis|   input_r_V_last_V|       pointer|
|input_r_TLAST    |   in|    1|          axis|   input_r_V_last_V|       pointer|
|input_r_TKEEP    |   in|    8|          axis|   input_r_V_keep_V|       pointer|
|input_r_TSTRB    |   in|    8|          axis|   input_r_V_strb_V|       pointer|
|output_r_TDATA   |  out|   64|          axis|  output_r_V_data_V|       pointer|
|output_r_TVALID  |  out|    1|          axis|  output_r_V_last_V|       pointer|
|output_r_TREADY  |   in|    1|          axis|  output_r_V_last_V|       pointer|
|output_r_TLAST   |  out|    1|          axis|  output_r_V_last_V|       pointer|
|output_r_TKEEP   |  out|    8|          axis|  output_r_V_keep_V|       pointer|
|output_r_TSTRB   |  out|    8|          axis|  output_r_V_strb_V|       pointer|
+-----------------+-----+-----+--------------+-------------------+--------------+

