

================================================================
== Vitis HLS Report for 'doppler_fft_256'
================================================================
* Date:           Tue May  5 21:39:09 2026

* Version:        2022.1 (Build 3526262 on Mon Apr 18 15:48:16 MDT 2022)
* Project:        doppler_fft_project
* Solution:       solution1 (Vivado IP Flow Target)
* Product family: zynq
* Target device:  xc7z020-clg484-1


================================================================
== Performance Estimates
================================================================
+ Timing: 
    * Summary: 
    +--------+----------+----------+------------+
    |  Clock |  Target  | Estimated| Uncertainty|
    +--------+----------+----------+------------+
    |ap_clk  |  10.00 ns|  7.222 ns|     2.70 ns|
    +--------+----------+----------+------------+

+ Latency: 
    * Summary: 
    +---------+---------+----------+----------+-----+-----+---------+
    |  Latency (cycles) |  Latency (absolute) |  Interval | Pipeline|
    |   min   |   max   |    min   |    max   | min | max |   Type  |
    +---------+---------+----------+----------+-----+-----+---------+
    |        ?|        ?|         ?|         ?|    ?|    ?|       no|
    +---------+---------+----------+----------+-----+-----+---------+

    + Detail: 
        * Instance: 
        +----------------------------------------------------+------------------------------------------+---------+---------+----------+----------+-----+-----+---------+
        |                                                    |                                          |  Latency (cycles) |  Latency (absolute) |  Interval | Pipeline|
        |                      Instance                      |                  Module                  |   min   |   max   |    min   |    max   | min | max |   Type  |
        +----------------------------------------------------+------------------------------------------+---------+---------+----------+----------+-----+-----+---------+
        |grp_doppler_fft_256_Pipeline_VITIS_LOOP_65_1_fu_64  |doppler_fft_256_Pipeline_VITIS_LOOP_65_1  |      267|      267|  2.670 us|  2.670 us|  267|  267|       no|
        |grp_fft_fast_fu_78                                  |fft_fast                                  |        ?|        ?|         ?|         ?|    ?|    ?|       no|
        |grp_doppler_fft_256_Pipeline_VITIS_LOOP_49_1_fu_90  |doppler_fft_256_Pipeline_VITIS_LOOP_49_1  |      258|      258|  2.580 us|  2.580 us|  258|  258|       no|
        |grp_doppler_fft_256_Pipeline_VITIS_LOOP_74_2_fu_96  |doppler_fft_256_Pipeline_VITIS_LOOP_74_2  |      266|      266|  2.660 us|  2.660 us|  266|  266|       no|
        +----------------------------------------------------+------------------------------------------+---------+---------+----------+----------+-----+-----+---------+

        * Loop: 
        N/A



================================================================
== Utilization Estimates
================================================================
* Summary: 
+-----------------+---------+-----+--------+-------+-----+
|       Name      | BRAM_18K| DSP |   FF   |  LUT  | URAM|
+-----------------+---------+-----+--------+-------+-----+
|DSP              |        -|    -|       -|      -|    -|
|Expression       |        -|    -|       0|      2|    -|
|FIFO             |        -|    -|       -|      -|    -|
|Instance         |        3|   10|    3347|   6450|    -|
|Memory           |        4|    -|       0|      0|    0|
|Multiplexer      |        -|    -|       -|    472|    -|
|Register         |        -|    -|      14|      -|    -|
+-----------------+---------+-----+--------+-------+-----+
|Total            |        7|   10|    3361|   6924|    0|
+-----------------+---------+-----+--------+-------+-----+
|Available        |      280|  220|  106400|  53200|    0|
+-----------------+---------+-----+--------+-------+-----+
|Utilization (%)  |        2|    4|       3|     13|    0|
+-----------------+---------+-----+--------+-------+-----+

+ Detail: 
    * Instance: 
    +----------------------------------------------------+------------------------------------------+---------+----+------+------+-----+
    |                      Instance                      |                  Module                  | BRAM_18K| DSP|  FF  |  LUT | URAM|
    +----------------------------------------------------+------------------------------------------+---------+----+------+------+-----+
    |grp_doppler_fft_256_Pipeline_VITIS_LOOP_49_1_fu_90  |doppler_fft_256_Pipeline_VITIS_LOOP_49_1  |        0|   0|    43|   132|    0|
    |grp_doppler_fft_256_Pipeline_VITIS_LOOP_65_1_fu_64  |doppler_fft_256_Pipeline_VITIS_LOOP_65_1  |        0|   0|  1043|  1344|    0|
    |grp_doppler_fft_256_Pipeline_VITIS_LOOP_74_2_fu_96  |doppler_fft_256_Pipeline_VITIS_LOOP_74_2  |        0|   0|   983|  2167|    0|
    |grp_fft_fast_fu_78                                  |fft_fast                                  |        3|   4|   992|  2165|    0|
    |fmul_32ns_32ns_32_4_max_dsp_1_U41                   |fmul_32ns_32ns_32_4_max_dsp_1             |        0|   3|   143|   321|    0|
    |fmul_32ns_32ns_32_4_max_dsp_1_U42                   |fmul_32ns_32ns_32_4_max_dsp_1             |        0|   3|   143|   321|    0|
    |fpext_32ns_64_2_no_dsp_1_U43                        |fpext_32ns_64_2_no_dsp_1                  |        0|   0|     0|     0|    0|
    +----------------------------------------------------+------------------------------------------+---------+----+------+------+-----+
    |Total                                               |                                          |        3|  10|  3347|  6450|    0|
    +----------------------------------------------------+------------------------------------------+---------+----+------+------+-----+

    * DSP: 
    N/A

    * Memory: 
    +----------------+----------------------------+---------+---+----+-----+------+-----+------+-------------+
    |     Memory     |           Module           | BRAM_18K| FF| LUT| URAM| Words| Bits| Banks| W*Bits*Banks|
    +----------------+----------------------------+---------+---+----+-----+------+-----+------+-------------+
    |buf_M_real_V_U  |buf_M_real_V_RAM_AUTO_1R1W  |        2|  0|   0|    0|   256|   19|     1|         4864|
    |buf_M_imag_V_U  |buf_M_real_V_RAM_AUTO_1R1W  |        2|  0|   0|    0|   256|   19|     1|         4864|
    +----------------+----------------------------+---------+---+----+-----+------+-----+------+-------------+
    |Total           |                            |        4|  0|   0|    0|   512|   38|     2|         9728|
    +----------------+----------------------------+---------+---+----+-----+------+-----+------+-------------+

    * FIFO: 
    N/A

    * Expression: 
    +--------------------------------------------------------------------+----------+----+---+----+------------+------------+
    |                            Variable Name                           | Operation| DSP| FF| LUT| Bitwidth P0| Bitwidth P1|
    +--------------------------------------------------------------------+----------+----+---+----+------------+------------+
    |grp_doppler_fft_256_Pipeline_VITIS_LOOP_74_2_fu_96_output_r_TREADY  |       and|   0|  0|   2|           1|           1|
    +--------------------------------------------------------------------+----------+----+---+----+------------+------------+
    |Total                                                               |          |   0|  0|   2|           1|           1|
    +--------------------------------------------------------------------+----------+----+---+----+------------+------------+

    * Multiplexer: 
    +-----------------------------+----+-----------+-----+-----------+
    |             Name            | LUT| Input Size| Bits| Total Bits|
    +-----------------------------+----+-----------+-----+-----------+
    |ap_NS_fsm                    |  59|         11|    1|         11|
    |buf_M_imag_V_address0        |  25|          5|    8|         40|
    |buf_M_imag_V_address1        |  14|          3|    8|         24|
    |buf_M_imag_V_ce0             |  25|          5|    1|          5|
    |buf_M_imag_V_ce1             |  14|          3|    1|          3|
    |buf_M_imag_V_d0              |  20|          4|   19|         76|
    |buf_M_imag_V_d1              |  14|          3|   19|         57|
    |buf_M_imag_V_we0             |  20|          4|    1|          4|
    |buf_M_imag_V_we1             |  14|          3|    1|          3|
    |buf_M_real_V_address0        |  25|          5|    8|         40|
    |buf_M_real_V_address1        |  14|          3|    8|         24|
    |buf_M_real_V_ce0             |  25|          5|    1|          5|
    |buf_M_real_V_ce1             |  14|          3|    1|          3|
    |buf_M_real_V_d0              |  20|          4|   19|         76|
    |buf_M_real_V_d1              |  14|          3|   19|         57|
    |buf_M_real_V_we0             |  20|          4|    1|          4|
    |buf_M_real_V_we1             |  14|          3|    1|          3|
    |grp_fu_110_ce                |  14|          3|    1|          3|
    |grp_fu_110_p0                |  14|          3|   32|         96|
    |grp_fu_110_p1                |  14|          3|   32|         96|
    |grp_fu_114_ce                |  14|          3|    1|          3|
    |grp_fu_114_p0                |  14|          3|   32|         96|
    |grp_fu_114_p1                |  14|          3|   32|         96|
    |grp_fu_118_ce                |  14|          3|    1|          3|
    |grp_fu_118_p0                |  14|          3|   32|         96|
    |input_r_TREADY_int_regslice  |   9|          2|    1|          2|
    +-----------------------------+----+-----------+-----+-----------+
    |Total                        | 472|         97|  281|        926|
    +-----------------------------+----+-----------+-----+-----------+

    * Register: 
    +-----------------------------------------------------------------+----+----+-----+-----------+
    |                               Name                              | FF | LUT| Bits| Const Bits|
    +-----------------------------------------------------------------+----+----+-----+-----------+
    |ap_CS_fsm                                                        |  10|   0|   10|          0|
    |grp_doppler_fft_256_Pipeline_VITIS_LOOP_49_1_fu_90_ap_start_reg  |   1|   0|    1|          0|
    |grp_doppler_fft_256_Pipeline_VITIS_LOOP_65_1_fu_64_ap_start_reg  |   1|   0|    1|          0|
    |grp_doppler_fft_256_Pipeline_VITIS_LOOP_74_2_fu_96_ap_start_reg  |   1|   0|    1|          0|
    |grp_fft_fast_fu_78_ap_start_reg                                  |   1|   0|    1|          0|
    +-----------------------------------------------------------------+----+----+-----+-----------+
    |Total                                                            |  14|   0|   14|          0|
    +-----------------------------------------------------------------+----+----+-----+-----------+



================================================================
== Interface
================================================================
* Summary: 
+-----------------+-----+-----+--------------+-------------------+--------------+
|    RTL Ports    | Dir | Bits|   Protocol   |   Source Object   |    C Type    |
+-----------------+-----+-----+--------------+-------------------+--------------+
|ap_clk           |   in|    1|  ap_ctrl_none|    doppler_fft_256|  return value|
|ap_rst_n         |   in|    1|  ap_ctrl_none|    doppler_fft_256|  return value|
|input_r_TDATA    |   in|   64|          axis|   input_r_V_data_V|       pointer|
|input_r_TVALID   |   in|    1|          axis|   input_r_V_last_V|       pointer|
|input_r_TREADY   |  out|    1|          axis|   input_r_V_last_V|       pointer|
|input_r_TLAST    |   in|    1|          axis|   input_r_V_last_V|       pointer|
|input_r_TKEEP    |   in|    8|          axis|   input_r_V_keep_V|       pointer|
|input_r_TSTRB    |   in|    8|          axis|   input_r_V_strb_V|       pointer|
|output_r_TDATA   |  out|   64|          axis|  output_r_V_data_V|       pointer|
|output_r_TVALID  |  out|    1|          axis|  output_r_V_last_V|       pointer|
|output_r_TREADY  |   in|    1|          axis|  output_r_V_last_V|       pointer|
|output_r_TLAST   |  out|    1|          axis|  output_r_V_last_V|       pointer|
|output_r_TKEEP   |  out|    8|          axis|  output_r_V_keep_V|       pointer|
|output_r_TSTRB   |  out|    8|          axis|  output_r_V_strb_V|       pointer|
+-----------------+-----+-----+--------------+-------------------+--------------+

