

================================================================
== Synthesis Summary Report of 'trigger_ip'
================================================================
+ General Information: 
    * Date:           Sat Apr 18 03:10:34 2026
    * Version:        2022.1 (Build 3526262 on Mon Apr 18 15:48:16 MDT 2022)
    * Project:        trigger_ip_project
    * Solution:       solution1 (Vivado IP Flow Target)
    * Product family: zynq
    * Target device:  xc7z020-clg484-1
    

+ Performance & Resource Estimates: 
    
    PS: '+' for module; 'o' for loop; '*' for dataflow
    +--------------+------+------+---------+--------+----------+---------+------+----------+------+----+-----------+-----------+-----+
    |    Modules   | Issue|      | Latency | Latency| Iteration|         | Trip |          |      |    |           |           |     |
    |    & Loops   | Type | Slack| (cycles)|  (ns)  |  Latency | Interval| Count| Pipelined| BRAM | DSP|     FF    |    LUT    | URAM|
    +--------------+------+------+---------+--------+----------+---------+------+----------+------+----+-----------+-----------+-----+
    |+ trigger_ip  |     -|  2.30|        2|  20.000|         -|        1|     -|       yes|     -|   -|  161 (~0%)|  182 (~0%)|    -|
    +--------------+------+------+---------+--------+----------+---------+------+----------+------+----+-----------+-----------+-----+


================================================================
== HW Interfaces
================================================================
* S_AXILITE Interfaces
+---------------+------------+---------------+--------+----------+
| Interface     | Data Width | Address Width | Offset | Register |
+---------------+------------+---------------+--------+----------+
| s_axi_control | 32         | 5             | 16     | 0        |
+---------------+------------+---------------+--------+----------+

* S_AXILITE Registers
+---------------+--------------+--------+-------+--------+----------------------------------+----------------------------------------------------------------------+
| Interface     | Register     | Offset | Width | Access | Description                      | Bit Fields                                                           |
+---------------+--------------+--------+-------+--------+----------------------------------+----------------------------------------------------------------------+
| s_axi_control | CTRL         | 0x00   | 32    | RW     | Control signals                  | 0=AP_START 1=AP_DONE 2=AP_IDLE 3=AP_READY 7=AUTO_RESTART 9=INTERRUPT |
| s_axi_control | GIER         | 0x04   | 32    | RW     | Global Interrupt Enable Register | 0=Enable                                                             |
| s_axi_control | IP_IER       | 0x08   | 32    | RW     | IP Interrupt Enable Register     | 0=CHAN0_INT_EN 1=CHAN1_INT_EN                                        |
| s_axi_control | IP_ISR       | 0x0c   | 32    | RW     | IP Interrupt Status Register     | 0=CHAN0_INT_ST 1=CHAN1_INT_ST                                        |
| s_axi_control | sync_reset   | 0x10   | 32    | W      | Data signal of sync_reset        |                                                                      |
| s_axi_control | trigger_done | 0x18   | 32    | R      | Data signal of trigger_done      |                                                                      |
+---------------+--------------+--------+-------+--------+----------------------------------+----------------------------------------------------------------------+

* AXIS
+------------+---------------+-------+-------+-------+--------+-------+--------+
| Interface  | Register Mode | TDATA | TKEEP | TLAST | TREADY | TSTRB | TVALID |
+------------+---------------+-------+-------+-------+--------+-------+--------+
| m_axis_out | both          | 64    | 8     | 1     | 1      | 8     | 1      |
| s_axis_in  | both          | 64    | 8     | 1     | 1      | 8     | 1      |
+------------+---------------+-------+-------+-------+--------+-------+--------+

* TOP LEVEL CONTROL
+-----------+------------+-----------+
| Interface | Type       | Ports     |
+-----------+------------+-----------+
| ap_clk    | clock      | ap_clk    |
| ap_rst_n  | reset      | ap_rst_n  |
| interrupt | interrupt  | interrupt |
| ap_ctrl   | ap_ctrl_hs |           |
+-----------+------------+-----------+


================================================================
== SW I/O Information
================================================================
* Top Function Arguments
+--------------+-----------+-----------------------------------------------------+
| Argument     | Direction | Datatype                                            |
+--------------+-----------+-----------------------------------------------------+
| s_axis_in    | in        | stream<hls::axis<std::complex<float>, 0, 0, 0>, 0>& |
| m_axis_out   | out       | stream<hls::axis<std::complex<float>, 0, 0, 0>, 0>& |
| sync_reset   | in        | ap_uint<1>                                          |
| trigger_done | out       | ap_uint<1>&                                         |
+--------------+-----------+-----------------------------------------------------+

* SW-to-HW Mapping
+--------------+---------------+-----------+----------------------------------------+
| Argument     | HW Interface  | HW Type   | HW Info                                |
+--------------+---------------+-----------+----------------------------------------+
| s_axis_in    | s_axis_in     | interface |                                        |
| m_axis_out   | m_axis_out    | interface |                                        |
| sync_reset   | s_axi_control | register  | name=sync_reset offset=0x10 range=32   |
| trigger_done | s_axi_control | register  | name=trigger_done offset=0x18 range=32 |
+--------------+---------------+-----------+----------------------------------------+


================================================================
== M_AXI Burst Information
================================================================
 Note: All burst requests might be further partitioned into multiple requests during RTL generation based on max_read_burst_length or max_write_burst_length settings.

  No burst in design

================================================================
== Bind Op Report
================================================================
+-------------------------+-----+--------+-------------+-----+--------+---------+
| Name                    | DSP | Pragma | Variable    | Op  | Impl   | Latency |
+-------------------------+-----+--------+-------------+-----+--------+---------+
| + trigger_ip            | 0   |        |             |     |        |         |
|   add_ln886_fu_151_p2   | -   |        | add_ln886   | add | fabric | 0       |
|   add_ln886_1_fu_179_p2 | -   |        | add_ln886_1 | add | fabric | 0       |
+-------------------------+-----+--------+-------------+-----+--------+---------+


================================================================
== Bind Storage Report
================================================================
  No bind storage info in design

================================================================
== Pragma Report
================================================================
* Valid Pragma Syntax
+-----------+-----------------------------+------------------------------------------------------------------+
| Type      | Options                     | Location                                                         |
+-----------+-----------------------------+------------------------------------------------------------------+
| interface | axis port=s_axis_in         | trigger_ip_project/trigger_ip.cpp:10 in trigger_ip, s_axis_in    |
| interface | axis port=m_axis_out        | trigger_ip_project/trigger_ip.cpp:11 in trigger_ip, m_axis_out   |
| interface | s_axilite port=sync_reset   | trigger_ip_project/trigger_ip.cpp:12 in trigger_ip, sync_reset   |
| interface | s_axilite port=trigger_done | trigger_ip_project/trigger_ip.cpp:13 in trigger_ip, trigger_done |
| interface | s_axilite port=return       | trigger_ip_project/trigger_ip.cpp:14 in trigger_ip, return       |
| pipeline  | II=1                        | trigger_ip_project/trigger_ip.cpp:16 in trigger_ip               |
+-----------+-----------------------------+------------------------------------------------------------------+


