02:07:16 **** Incremental Build of configuration Debug for project zc_acp_wlo ****
make all 
make --no-print-directory pre-build
a9-linaro-pre-build-step
 
make --no-print-directory main-build
Building file: ../src/main.c
Invoking: ARM v7 gcc compiler
arm-none-eabi-gcc -Wall -O0 -g3 -c -fmessage-length=0 -MT"src/main.o" -mcpu=cortex-a9 -mfpu=vfpv3 -mfloat-abi=hard -I/mnt/arch/home/adi/repo/AELD_Lab_2026/as_close_as_midsem/vivado_zc_full_opt_acp/design_1_wrapper/export/design_1_wrapper/sw/design_1_wrapper/standalone_ps7_cortexa9_0/bspinclude/include -MMD -MP -MF"src/main.d" -MT"src/main.o" -o "src/main.o" "../src/main.c"
Finished building: ../src/main.c
 
Building target: zc_acp_wlo.elf
Invoking: ARM v7 gcc linker
arm-none-eabi-gcc -mcpu=cortex-a9 -mfpu=vfpv3 -mfloat-abi=hard -Wl,-build-id=none -specs=Xilinx.spec -Wl,-T -Wl,../src/lscript.ld -L/mnt/arch/home/adi/repo/AELD_Lab_2026/as_close_as_midsem/vivado_zc_full_opt_acp/design_1_wrapper/export/design_1_wrapper/sw/design_1_wrapper/standalone_ps7_cortexa9_0/bsplib/lib -o "zc_acp_wlo.elf"  ./src/main.o ./src/platform.o ./src/tw_1024.o   -lm -Wl,--start-group,-lxil,-lgcc,-lc,--end-group
Finished building target: zc_acp_wlo.elf
 
Invoking: ARM v7 Print Size
arm-none-eabi-size zc_acp_wlo.elf  |tee "zc_acp_wlo.elf.size"
   text	   data	    bss	    dec	    hex	filename
  88663	  21284	15742784	15852731	 f1e4bb	zc_acp_wlo.elf
Finished building: zc_acp_wlo.elf.size
 

02:07:17 Build Finished (took 493ms)

