

================================================================
== Vitis HLS Report for 'ifft_1024_top_Pipeline_VITIS_LOOP_85_3'
================================================================
* Date:           Tue Apr 28 14:35:50 2026

* Version:        2022.1 (Build 3526262 on Mon Apr 18 15:47:01 MDT 2022)
* Project:        ifft_1024
* Solution:       solution1 (Vivado IP Flow Target)
* Product family: zynq
* Target device:  xc7z020-clg484-1


================================================================
== Performance Estimates
================================================================
+ Timing: 
    * Summary: 
    +--------+----------+----------+------------+
    |  Clock |  Target  | Estimated| Uncertainty|
    +--------+----------+----------+------------+
    |ap_clk  |  10.00 ns|  7.256 ns|     2.70 ns|
    +--------+----------+----------+------------+

+ Latency: 
    * Summary: 
    +---------+---------+-----------+-----------+------+------+---------+
    |  Latency (cycles) |   Latency (absolute)  |   Interval  | Pipeline|
    |   min   |   max   |    min    |    max    |  min |  max |   Type  |
    +---------+---------+-----------+-----------+------+------+---------+
    |     1031|     1031|  10.310 us|  10.310 us|  1031|  1031|       no|
    +---------+---------+-----------+-----------+------+------+---------+

    + Detail: 
        * Instance: 
        N/A

        * Loop: 
        +-------------------+---------+---------+----------+-----------+-----------+------+----------+
        |                   |  Latency (cycles) | Iteration|  Initiation Interval  | Trip |          |
        |     Loop Name     |   min   |   max   |  Latency |  achieved |   target  | Count| Pipelined|
        +-------------------+---------+---------+----------+-----------+-----------+------+----------+
        |- VITIS_LOOP_85_3  |     1029|     1029|         7|          1|          1|  1024|       yes|
        +-------------------+---------+---------+----------+-----------+-----------+------+----------+



================================================================
== Utilization Estimates
================================================================
* Summary: 
+-----------------+---------+-----+--------+-------+-----+
|       Name      | BRAM_18K| DSP |   FF   |  LUT  | URAM|
+-----------------+---------+-----+--------+-------+-----+
|DSP              |        -|    -|       -|      -|    -|
|Expression       |        -|    -|       0|     39|    -|
|FIFO             |        -|    -|       -|      -|    -|
|Instance         |        -|    4|     410|    780|    -|
|Memory           |        -|    -|       -|      -|    -|
|Multiplexer      |        -|    -|       -|     45|    -|
|Register         |        -|    -|     217|     32|    -|
+-----------------+---------+-----+--------+-------+-----+
|Total            |        0|    4|     627|    896|    0|
+-----------------+---------+-----+--------+-------+-----+
|Available        |      280|  220|  106400|  53200|    0|
+-----------------+---------+-----+--------+-------+-----+
|Utilization (%)  |        0|    1|      ~0|      1|    0|
+-----------------+---------+-----+--------+-------+-----+

+ Detail: 
    * Instance: 
    +------------------------------------+--------------------------------+---------+----+-----+-----+-----+
    |              Instance              |             Module             | BRAM_18K| DSP|  FF | LUT | URAM|
    +------------------------------------+--------------------------------+---------+----+-----+-----+-----+
    |fadd_32ns_32ns_32_5_full_dsp_1_U45  |fadd_32ns_32ns_32_5_full_dsp_1  |        0|   2|  205|  390|    0|
    |fadd_32ns_32ns_32_5_full_dsp_1_U46  |fadd_32ns_32ns_32_5_full_dsp_1  |        0|   2|  205|  390|    0|
    +------------------------------------+--------------------------------+---------+----+-----+-----+-----+
    |Total                               |                                |        0|   4|  410|  780|    0|
    +------------------------------------+--------------------------------+---------+----+-----+-----+-----+

    * DSP: 
    N/A

    * Memory: 
    N/A

    * FIFO: 
    N/A

    * Expression: 
    +---------------------------+----------+----+---+----+------------+------------+
    |       Variable Name       | Operation| DSP| FF| LUT| Bitwidth P0| Bitwidth P1|
    +---------------------------+----------+----+---+----+------------+------------+
    |add_ln85_fu_156_p2         |         +|   0|  0|  12|          11|           1|
    |ap_block_pp0_stage0_01001  |       and|   0|  0|   2|           1|           1|
    |icmp_ln85_fu_150_p2        |      icmp|   0|  0|  12|          11|          12|
    |tmp_last_V_fu_170_p2       |      icmp|   0|  0|  11|          11|          10|
    |ap_enable_pp0              |       xor|   0|  0|   2|           1|           2|
    +---------------------------+----------+----+---+----+------------+------------+
    |Total                      |          |   0|  0|  39|          35|          26|
    +---------------------------+----------+----+---+----+------------+------------+

    * Multiplexer: 
    +-------------------------+----+-----------+-----+-----------+
    |           Name          | LUT| Input Size| Bits| Total Bits|
    +-------------------------+----+-----------+-----+-----------+
    |ap_done_int              |   9|          2|    1|          2|
    |ap_enable_reg_pp0_iter1  |   9|          2|    1|          2|
    |ap_sig_allocacmp_i_2     |   9|          2|   11|         22|
    |i_fu_60                  |   9|          2|   11|         22|
    |output_r_TDATA_blk_n     |   9|          2|    1|          2|
    +-------------------------+----+-----------+-----+-----------+
    |Total                    |  45|         10|   25|         50|
    +-------------------------+----+-----------+-----+-----------+

    * Register: 
    +----------------------------------+----+----+-----+-----------+
    |               Name               | FF | LUT| Bits| Const Bits|
    +----------------------------------+----+----+-----+-----------+
    |ap_CS_fsm                         |   1|   0|    1|          0|
    |ap_done_reg                       |   1|   0|    1|          0|
    |ap_enable_reg_pp0_iter1           |   1|   0|    1|          0|
    |ap_enable_reg_pp0_iter2           |   1|   0|    1|          0|
    |ap_enable_reg_pp0_iter3           |   1|   0|    1|          0|
    |ap_enable_reg_pp0_iter4           |   1|   0|    1|          0|
    |ap_enable_reg_pp0_iter5           |   1|   0|    1|          0|
    |ap_enable_reg_pp0_iter6           |   1|   0|    1|          0|
    |ap_loop_exit_ready_pp0_iter1_reg  |   1|   0|    1|          0|
    |ap_loop_exit_ready_pp0_iter2_reg  |   1|   0|    1|          0|
    |ap_loop_exit_ready_pp0_iter3_reg  |   1|   0|    1|          0|
    |ap_loop_exit_ready_pp0_iter4_reg  |   1|   0|    1|          0|
    |ap_loop_exit_ready_pp0_iter5_reg  |   1|   0|    1|          0|
    |gb_M_value_1_load_reg_249         |  32|   0|   32|          0|
    |gb_M_value_load_reg_244           |  32|   0|   32|          0|
    |i_fu_60                           |  11|   0|   11|          0|
    |p_r_M_value_8_reg_239             |  32|   0|   32|          0|
    |p_r_M_value_reg_234               |  32|   0|   32|          0|
    |tmp_last_V_reg_229                |   1|   0|    1|          0|
    |tmp_last_V_reg_229                |  64|  32|    1|          0|
    +----------------------------------+----+----+-----+-----------+
    |Total                             | 217|  32|  154|          0|
    +----------------------------------+----+----+-----+-----------+



================================================================
== Interface
================================================================
* Summary: 
+-----------------------+-----+-----+------------+----------------------------------------+--------------+
|       RTL Ports       | Dir | Bits|  Protocol  |              Source Object             |    C Type    |
+-----------------------+-----+-----+------------+----------------------------------------+--------------+
|ap_clk                 |   in|    1|  ap_ctrl_hs|  ifft_1024_top_Pipeline_VITIS_LOOP_85_3|  return value|
|ap_rst                 |   in|    1|  ap_ctrl_hs|  ifft_1024_top_Pipeline_VITIS_LOOP_85_3|  return value|
|ap_start               |   in|    1|  ap_ctrl_hs|  ifft_1024_top_Pipeline_VITIS_LOOP_85_3|  return value|
|ap_done                |  out|    1|  ap_ctrl_hs|  ifft_1024_top_Pipeline_VITIS_LOOP_85_3|  return value|
|ap_idle                |  out|    1|  ap_ctrl_hs|  ifft_1024_top_Pipeline_VITIS_LOOP_85_3|  return value|
|ap_ready               |  out|    1|  ap_ctrl_hs|  ifft_1024_top_Pipeline_VITIS_LOOP_85_3|  return value|
|output_r_TREADY        |   in|    1|        axis|                       output_r_V_data_V|       pointer|
|output_r_TDATA         |  out|   64|        axis|                       output_r_V_data_V|       pointer|
|ga_M_value_address0    |  out|   10|   ap_memory|                              ga_M_value|         array|
|ga_M_value_ce0         |  out|    1|   ap_memory|                              ga_M_value|         array|
|ga_M_value_q0          |   in|   32|   ap_memory|                              ga_M_value|         array|
|ga_M_value_1_address0  |  out|   10|   ap_memory|                            ga_M_value_1|         array|
|ga_M_value_1_ce0       |  out|    1|   ap_memory|                            ga_M_value_1|         array|
|ga_M_value_1_q0        |   in|   32|   ap_memory|                            ga_M_value_1|         array|
|gb_M_value_address0    |  out|   10|   ap_memory|                              gb_M_value|         array|
|gb_M_value_ce0         |  out|    1|   ap_memory|                              gb_M_value|         array|
|gb_M_value_q0          |   in|   32|   ap_memory|                              gb_M_value|         array|
|gb_M_value_1_address0  |  out|   10|   ap_memory|                            gb_M_value_1|         array|
|gb_M_value_1_ce0       |  out|    1|   ap_memory|                            gb_M_value_1|         array|
|gb_M_value_1_q0        |   in|   32|   ap_memory|                            gb_M_value_1|         array|
|output_r_TVALID        |  out|    1|        axis|                       output_r_V_last_V|       pointer|
|output_r_TLAST         |  out|    1|        axis|                       output_r_V_last_V|       pointer|
|output_r_TKEEP         |  out|    8|        axis|                       output_r_V_keep_V|       pointer|
|output_r_TSTRB         |  out|    8|        axis|                       output_r_V_strb_V|       pointer|
+-----------------------+-----+-----+------------+----------------------------------------+--------------+

============================================================
+ Verbose Summary: Synthesis Manager
============================================================
InlineROM: 1
ExposeGlobal: 0
============================================================
+ Verbose Summary: CDFG Model
============================================================
IsTopModel: 0
ResetActiveHigh: 1
IsCombinational: 2
IsDatapathOnly: 2
HasWiredReturn: 1
HasMFsm: 2
HasVarLatency: 1
IsPipeline: 0
IsRtlPipelined: 0
IsInstanceOverlapped: 0
IsDontTouch: 0
HasImplIP: 0
IsGatedGlobalClock: 0

+ Individual pipeline summary: 
  * Pipeline-0: initiation interval (II) = 1, depth = 7


============================================================
+ Verbose Summary: Schedule
============================================================
* Number of FSM states : 7
* Pipeline : 1
  Pipeline-0 : II = 1, D = 7, States = { 1 2 3 4 5 6 7 }
* Dataflow Pipeline: 0

* FSM state transitions: 
1 --> 2 
2 --> 3 
3 --> 4 
4 --> 5 
5 --> 6 
6 --> 7 
7 --> 

* FSM state operations: 

State 1 <SV = 0> <Delay = 3.46>
ST_1 : Operation 10 [1/1] (0.00ns)   --->   "%i = alloca i32 1"   --->   Operation 10 'alloca' 'i' <Predicate = true> <Delay = 0.00>
ST_1 : Operation 11 [1/1] (0.00ns)   --->   "%specinterface_ln0 = specinterface void @_ssdm_op_SpecInterface, i1 %output_r_V_last_V, i8 %output_r_V_strb_V, i8 %output_r_V_keep_V, i64 %output_r_V_data_V, void @empty_1, i32 0, i32 0, void @empty_5, i32 0, i32 0, void @empty_2, void @empty_2, void @empty_2, i32 0, i32 0, i32 0, i32 0, void @empty_2, void @empty_2, i32 4294967295, i32 0"   --->   Operation 11 'specinterface' 'specinterface_ln0' <Predicate = true> <Delay = 0.00>
ST_1 : Operation 12 [1/1] (1.58ns)   --->   "%store_ln0 = store i11 0, i11 %i"   --->   Operation 12 'store' 'store_ln0' <Predicate = true> <Delay = 1.58>
ST_1 : Operation 13 [1/1] (0.00ns)   --->   "%br_ln0 = br void %for.body27"   --->   Operation 13 'br' 'br_ln0' <Predicate = true> <Delay = 0.00>
ST_1 : Operation 14 [1/1] (0.00ns)   --->   "%i_2 = load i11 %i" [ifft_1024/ifft.cpp:85]   --->   Operation 14 'load' 'i_2' <Predicate = true> <Delay = 0.00>
ST_1 : Operation 15 [1/1] (0.00ns)   --->   "%specpipeline_ln0 = specpipeline void @_ssdm_op_SpecPipeline, i32 4294967295, i32 0, i32 1, i32 0, void @p_str"   --->   Operation 15 'specpipeline' 'specpipeline_ln0' <Predicate = true> <Delay = 0.00>
ST_1 : Operation 16 [1/1] (1.88ns)   --->   "%icmp_ln85 = icmp_eq  i11 %i_2, i11 1024" [ifft_1024/ifft.cpp:85]   --->   Operation 16 'icmp' 'icmp_ln85' <Predicate = true> <Delay = 1.88> <CoreInst = "Cmp">   --->   Core 9 'Cmp' <Latency = 0> <II = 1> <Delay = 1.99> <FuncUnit> <Opcode : 'icmp'> <InPorts = 2> <OutPorts = 1>
ST_1 : Operation 17 [1/1] (0.00ns)   --->   "%empty = speclooptripcount i32 @_ssdm_op_SpecLoopTripCount, i64 1024, i64 1024, i64 1024"   --->   Operation 17 'speclooptripcount' 'empty' <Predicate = true> <Delay = 0.00>
ST_1 : Operation 18 [1/1] (1.63ns)   --->   "%add_ln85 = add i11 %i_2, i11 1" [ifft_1024/ifft.cpp:85]   --->   Operation 18 'add' 'add_ln85' <Predicate = true> <Delay = 1.63> <CoreInst = "Adder">   --->   Core 1 'Adder' <Latency = 0> <II = 1> <Delay = 1.63> <FuncUnit> <Opcode : 'add' 'sub'> <InPorts = 2> <OutPorts = 1>
ST_1 : Operation 19 [1/1] (0.00ns)   --->   "%br_ln85 = br i1 %icmp_ln85, void %for.body27.split, void %for.cond.cleanup26.exitStub" [ifft_1024/ifft.cpp:85]   --->   Operation 19 'br' 'br_ln85' <Predicate = true> <Delay = 0.00>
ST_1 : Operation 20 [1/1] (0.00ns)   --->   "%i_3_cast = zext i11 %i_2" [ifft_1024/ifft.cpp:85]   --->   Operation 20 'zext' 'i_3_cast' <Predicate = (!icmp_ln85)> <Delay = 0.00>
ST_1 : Operation 21 [1/1] (0.00ns)   --->   "%ga_M_value_addr = getelementptr i32 %ga_M_value, i64 0, i64 %i_3_cast"   --->   Operation 21 'getelementptr' 'ga_M_value_addr' <Predicate = (!icmp_ln85)> <Delay = 0.00>
ST_1 : Operation 22 [2/2] (3.25ns)   --->   "%p_r_M_value = load i10 %ga_M_value_addr"   --->   Operation 22 'load' 'p_r_M_value' <Predicate = (!icmp_ln85)> <Delay = 3.25> <CoreInst = "RAM">   --->   Core 82 'RAM' <Latency = 1> <II = 1> <Delay = 3.25> <Storage> <Opcode : 'load' 'store'> <Ports = 2> <Width = 32> <Depth = 1024> <RAM>
ST_1 : Operation 23 [1/1] (0.00ns)   --->   "%ga_M_value_1_addr = getelementptr i32 %ga_M_value_1, i64 0, i64 %i_3_cast"   --->   Operation 23 'getelementptr' 'ga_M_value_1_addr' <Predicate = (!icmp_ln85)> <Delay = 0.00>
ST_1 : Operation 24 [2/2] (3.25ns)   --->   "%p_r_M_value_8 = load i10 %ga_M_value_1_addr"   --->   Operation 24 'load' 'p_r_M_value_8' <Predicate = (!icmp_ln85)> <Delay = 3.25> <CoreInst = "RAM">   --->   Core 82 'RAM' <Latency = 1> <II = 1> <Delay = 3.25> <Storage> <Opcode : 'load' 'store'> <Ports = 2> <Width = 32> <Depth = 1024> <RAM>
ST_1 : Operation 25 [1/1] (0.00ns)   --->   "%gb_M_value_addr = getelementptr i32 %gb_M_value, i64 0, i64 %i_3_cast"   --->   Operation 25 'getelementptr' 'gb_M_value_addr' <Predicate = (!icmp_ln85)> <Delay = 0.00>
ST_1 : Operation 26 [2/2] (3.25ns)   --->   "%gb_M_value_load = load i10 %gb_M_value_addr"   --->   Operation 26 'load' 'gb_M_value_load' <Predicate = (!icmp_ln85)> <Delay = 3.25> <CoreInst = "RAM">   --->   Core 82 'RAM' <Latency = 1> <II = 1> <Delay = 3.25> <Storage> <Opcode : 'load' 'store'> <Ports = 2> <Width = 32> <Depth = 1024> <RAM>
ST_1 : Operation 27 [1/1] (0.00ns)   --->   "%gb_M_value_1_addr = getelementptr i32 %gb_M_value_1, i64 0, i64 %i_3_cast"   --->   Operation 27 'getelementptr' 'gb_M_value_1_addr' <Predicate = (!icmp_ln85)> <Delay = 0.00>
ST_1 : Operation 28 [2/2] (3.25ns)   --->   "%gb_M_value_1_load = load i10 %gb_M_value_1_addr"   --->   Operation 28 'load' 'gb_M_value_1_load' <Predicate = (!icmp_ln85)> <Delay = 3.25> <CoreInst = "RAM">   --->   Core 82 'RAM' <Latency = 1> <II = 1> <Delay = 3.25> <Storage> <Opcode : 'load' 'store'> <Ports = 2> <Width = 32> <Depth = 1024> <RAM>
ST_1 : Operation 29 [1/1] (1.88ns)   --->   "%tmp_last_V = icmp_eq  i11 %i_2, i11 1023" [ifft_1024/ifft.cpp:89]   --->   Operation 29 'icmp' 'tmp_last_V' <Predicate = (!icmp_ln85)> <Delay = 1.88> <CoreInst = "Cmp">   --->   Core 9 'Cmp' <Latency = 0> <II = 1> <Delay = 1.88> <FuncUnit> <Opcode : 'icmp'> <InPorts = 2> <OutPorts = 1>
ST_1 : Operation 30 [1/1] (1.58ns)   --->   "%store_ln85 = store i11 %add_ln85, i11 %i" [ifft_1024/ifft.cpp:85]   --->   Operation 30 'store' 'store_ln85' <Predicate = (!icmp_ln85)> <Delay = 1.58>

State 2 <SV = 1> <Delay = 3.25>
ST_2 : Operation 31 [1/2] (3.25ns)   --->   "%p_r_M_value = load i10 %ga_M_value_addr"   --->   Operation 31 'load' 'p_r_M_value' <Predicate = true> <Delay = 3.25> <CoreInst = "RAM">   --->   Core 82 'RAM' <Latency = 1> <II = 1> <Delay = 3.25> <Storage> <Opcode : 'load' 'store'> <Ports = 2> <Width = 32> <Depth = 1024> <RAM>
ST_2 : Operation 32 [1/2] (3.25ns)   --->   "%p_r_M_value_8 = load i10 %ga_M_value_1_addr"   --->   Operation 32 'load' 'p_r_M_value_8' <Predicate = true> <Delay = 3.25> <CoreInst = "RAM">   --->   Core 82 'RAM' <Latency = 1> <II = 1> <Delay = 3.25> <Storage> <Opcode : 'load' 'store'> <Ports = 2> <Width = 32> <Depth = 1024> <RAM>
ST_2 : Operation 33 [1/2] (3.25ns)   --->   "%gb_M_value_load = load i10 %gb_M_value_addr"   --->   Operation 33 'load' 'gb_M_value_load' <Predicate = true> <Delay = 3.25> <CoreInst = "RAM">   --->   Core 82 'RAM' <Latency = 1> <II = 1> <Delay = 3.25> <Storage> <Opcode : 'load' 'store'> <Ports = 2> <Width = 32> <Depth = 1024> <RAM>
ST_2 : Operation 34 [1/2] (3.25ns)   --->   "%gb_M_value_1_load = load i10 %gb_M_value_1_addr"   --->   Operation 34 'load' 'gb_M_value_1_load' <Predicate = true> <Delay = 3.25> <CoreInst = "RAM">   --->   Core 82 'RAM' <Latency = 1> <II = 1> <Delay = 3.25> <Storage> <Opcode : 'load' 'store'> <Ports = 2> <Width = 32> <Depth = 1024> <RAM>

State 3 <SV = 2> <Delay = 7.25>
ST_3 : Operation 35 [5/5] (7.25ns)   --->   "%p_r_M_value_11 = fadd i32 %p_r_M_value, i32 %gb_M_value_load"   --->   Operation 35 'fadd' 'p_r_M_value_11' <Predicate = true> <Delay = 7.25> <CoreInst = "FAddSub_fulldsp">   --->   Core 18 'FAddSub_fulldsp' <Latency = 4> <II = 1> <Delay = 7.25> <FuncUnit> <Opcode : 'fadd' 'fsub'> <InPorts = 2> <OutPorts = 1>
ST_3 : Operation 36 [5/5] (7.25ns)   --->   "%p_r_M_value_12 = fadd i32 %p_r_M_value_8, i32 %gb_M_value_1_load"   --->   Operation 36 'fadd' 'p_r_M_value_12' <Predicate = true> <Delay = 7.25> <CoreInst = "FAddSub_fulldsp">   --->   Core 18 'FAddSub_fulldsp' <Latency = 4> <II = 1> <Delay = 7.25> <FuncUnit> <Opcode : 'fadd' 'fsub'> <InPorts = 2> <OutPorts = 1>

State 4 <SV = 3> <Delay = 7.25>
ST_4 : Operation 37 [4/5] (7.25ns)   --->   "%p_r_M_value_11 = fadd i32 %p_r_M_value, i32 %gb_M_value_load"   --->   Operation 37 'fadd' 'p_r_M_value_11' <Predicate = true> <Delay = 7.25> <CoreInst = "FAddSub_fulldsp">   --->   Core 18 'FAddSub_fulldsp' <Latency = 4> <II = 1> <Delay = 7.25> <FuncUnit> <Opcode : 'fadd' 'fsub'> <InPorts = 2> <OutPorts = 1>
ST_4 : Operation 38 [4/5] (7.25ns)   --->   "%p_r_M_value_12 = fadd i32 %p_r_M_value_8, i32 %gb_M_value_1_load"   --->   Operation 38 'fadd' 'p_r_M_value_12' <Predicate = true> <Delay = 7.25> <CoreInst = "FAddSub_fulldsp">   --->   Core 18 'FAddSub_fulldsp' <Latency = 4> <II = 1> <Delay = 7.25> <FuncUnit> <Opcode : 'fadd' 'fsub'> <InPorts = 2> <OutPorts = 1>

State 5 <SV = 4> <Delay = 7.25>
ST_5 : Operation 39 [3/5] (7.25ns)   --->   "%p_r_M_value_11 = fadd i32 %p_r_M_value, i32 %gb_M_value_load"   --->   Operation 39 'fadd' 'p_r_M_value_11' <Predicate = true> <Delay = 7.25> <CoreInst = "FAddSub_fulldsp">   --->   Core 18 'FAddSub_fulldsp' <Latency = 4> <II = 1> <Delay = 7.25> <FuncUnit> <Opcode : 'fadd' 'fsub'> <InPorts = 2> <OutPorts = 1>
ST_5 : Operation 40 [3/5] (7.25ns)   --->   "%p_r_M_value_12 = fadd i32 %p_r_M_value_8, i32 %gb_M_value_1_load"   --->   Operation 40 'fadd' 'p_r_M_value_12' <Predicate = true> <Delay = 7.25> <CoreInst = "FAddSub_fulldsp">   --->   Core 18 'FAddSub_fulldsp' <Latency = 4> <II = 1> <Delay = 7.25> <FuncUnit> <Opcode : 'fadd' 'fsub'> <InPorts = 2> <OutPorts = 1>

State 6 <SV = 5> <Delay = 7.25>
ST_6 : Operation 41 [2/5] (7.25ns)   --->   "%p_r_M_value_11 = fadd i32 %p_r_M_value, i32 %gb_M_value_load"   --->   Operation 41 'fadd' 'p_r_M_value_11' <Predicate = true> <Delay = 7.25> <CoreInst = "FAddSub_fulldsp">   --->   Core 18 'FAddSub_fulldsp' <Latency = 4> <II = 1> <Delay = 7.25> <FuncUnit> <Opcode : 'fadd' 'fsub'> <InPorts = 2> <OutPorts = 1>
ST_6 : Operation 42 [2/5] (7.25ns)   --->   "%p_r_M_value_12 = fadd i32 %p_r_M_value_8, i32 %gb_M_value_1_load"   --->   Operation 42 'fadd' 'p_r_M_value_12' <Predicate = true> <Delay = 7.25> <CoreInst = "FAddSub_fulldsp">   --->   Core 18 'FAddSub_fulldsp' <Latency = 4> <II = 1> <Delay = 7.25> <FuncUnit> <Opcode : 'fadd' 'fsub'> <InPorts = 2> <OutPorts = 1>
ST_6 : Operation 51 [1/1] (0.00ns)   --->   "%ret_ln0 = ret"   --->   Operation 51 'ret' 'ret_ln0' <Predicate = (icmp_ln85)> <Delay = 0.00>

State 7 <SV = 6> <Delay = 7.25>
ST_7 : Operation 43 [1/1] (0.00ns)   --->   "%specloopname_ln85 = specloopname void @_ssdm_op_SpecLoopName, void @empty_8" [ifft_1024/ifft.cpp:85]   --->   Operation 43 'specloopname' 'specloopname_ln85' <Predicate = true> <Delay = 0.00>
ST_7 : Operation 44 [1/5] (7.25ns)   --->   "%p_r_M_value_11 = fadd i32 %p_r_M_value, i32 %gb_M_value_load"   --->   Operation 44 'fadd' 'p_r_M_value_11' <Predicate = true> <Delay = 7.25> <CoreInst = "FAddSub_fulldsp">   --->   Core 18 'FAddSub_fulldsp' <Latency = 4> <II = 1> <Delay = 7.25> <FuncUnit> <Opcode : 'fadd' 'fsub'> <InPorts = 2> <OutPorts = 1>
ST_7 : Operation 45 [1/5] (7.25ns)   --->   "%p_r_M_value_12 = fadd i32 %p_r_M_value_8, i32 %gb_M_value_1_load"   --->   Operation 45 'fadd' 'p_r_M_value_12' <Predicate = true> <Delay = 7.25> <CoreInst = "FAddSub_fulldsp">   --->   Core 18 'FAddSub_fulldsp' <Latency = 4> <II = 1> <Delay = 7.25> <FuncUnit> <Opcode : 'fadd' 'fsub'> <InPorts = 2> <OutPorts = 1>
ST_7 : Operation 46 [1/1] (0.00ns)   --->   "%bitcast_ln304 = bitcast i32 %p_r_M_value_11"   --->   Operation 46 'bitcast' 'bitcast_ln304' <Predicate = true> <Delay = 0.00>
ST_7 : Operation 47 [1/1] (0.00ns)   --->   "%bitcast_ln304_1 = bitcast i32 %p_r_M_value_12"   --->   Operation 47 'bitcast' 'bitcast_ln304_1' <Predicate = true> <Delay = 0.00>
ST_7 : Operation 48 [1/1] (0.00ns)   --->   "%p_0 = bitconcatenate i64 @_ssdm_op_BitConcatenate.i64.i32.i32, i32 %bitcast_ln304_1, i32 %bitcast_ln304"   --->   Operation 48 'bitconcatenate' 'p_0' <Predicate = true> <Delay = 0.00>
ST_7 : Operation 49 [1/1] (0.00ns)   --->   "%write_ln304 = write void @_ssdm_op_Write.axis.volatile.i64P0A.i8P0A.i8P0A.i1P0A, i64 %output_r_V_data_V, i8 %output_r_V_keep_V, i8 %output_r_V_strb_V, i1 %output_r_V_last_V, i64 %p_0, i8 255, i8 0, i1 %tmp_last_V"   --->   Operation 49 'write' 'write_ln304' <Predicate = true> <Delay = 0.00> <CoreInst = "axis">   --->   Core 115 'axis' <Latency = 0> <II = 1> <Delay = 1.00> <Adapter> <Opcode : >
ST_7 : Operation 50 [1/1] (0.00ns)   --->   "%br_ln85 = br void %for.body27" [ifft_1024/ifft.cpp:85]   --->   Operation 50 'br' 'br_ln85' <Predicate = true> <Delay = 0.00>


============================================================
+ Verbose Summary: Binding
============================================================
STG Binding: 
---------------- STG Properties BEGIN ----------------
- Is combinational: 0
- Is one-state seq: 0
- Is datapath-only: 0
- Is pipelined: 0
- Is top level: 0
Port [ Return ] is wired: 1; IO mode=ap_ctrl_hs:ce=0
Port [ ga_M_value]:  wired=1; compound=1; hidden=0; nouse=0; global=0; static=0; extern=0; dir=0; type=1; pingpong=0; private_global=0; MemPort=[13]; IO mode=ap_memory:ce=0
Port [ ga_M_value_1]:  wired=1; compound=1; hidden=0; nouse=0; global=0; static=0; extern=0; dir=0; type=1; pingpong=0; private_global=0; MemPort=[13]; IO mode=ap_memory:ce=0
Port [ gb_M_value]:  wired=1; compound=1; hidden=0; nouse=0; global=0; static=0; extern=0; dir=0; type=1; pingpong=0; private_global=0; MemPort=[13]; IO mode=ap_memory:ce=0
Port [ gb_M_value_1]:  wired=1; compound=1; hidden=0; nouse=0; global=0; static=0; extern=0; dir=0; type=1; pingpong=0; private_global=0; MemPort=[13]; IO mode=ap_memory:ce=0
Port [ output_r_V_data_V]:  wired=1; compound=1; hidden=0; nouse=0; global=0; static=0; extern=0; dir=1; type=0; pingpong=0; private_global=0; IO mode=axis:ce=0
Port [ output_r_V_keep_V]:  wired=1; compound=1; hidden=0; nouse=0; global=0; static=0; extern=0; dir=1; type=0; pingpong=0; private_global=0; IO mode=axis:ce=0
Port [ output_r_V_strb_V]:  wired=1; compound=1; hidden=0; nouse=0; global=0; static=0; extern=0; dir=1; type=0; pingpong=0; private_global=0; IO mode=axis:ce=0
Port [ output_r_V_last_V]:  wired=1; compound=1; hidden=0; nouse=0; global=0; static=0; extern=0; dir=1; type=0; pingpong=0; private_global=0; IO mode=axis:ce=0
---------------- STG Properties END ------------------

---------------- Datapath Model BEGIN ----------------

<LifeTime>
<method=bitvector/>
i                 (alloca           ) [ 01000000]
specinterface_ln0 (specinterface    ) [ 00000000]
store_ln0         (store            ) [ 00000000]
br_ln0            (br               ) [ 00000000]
i_2               (load             ) [ 00000000]
specpipeline_ln0  (specpipeline     ) [ 00000000]
icmp_ln85         (icmp             ) [ 01111110]
empty             (speclooptripcount) [ 00000000]
add_ln85          (add              ) [ 00000000]
br_ln85           (br               ) [ 00000000]
i_3_cast          (zext             ) [ 00000000]
ga_M_value_addr   (getelementptr    ) [ 01100000]
ga_M_value_1_addr (getelementptr    ) [ 01100000]
gb_M_value_addr   (getelementptr    ) [ 01100000]
gb_M_value_1_addr (getelementptr    ) [ 01100000]
tmp_last_V        (icmp             ) [ 01111111]
store_ln85        (store            ) [ 00000000]
p_r_M_value       (load             ) [ 01011111]
p_r_M_value_8     (load             ) [ 01011111]
gb_M_value_load   (load             ) [ 01011111]
gb_M_value_1_load (load             ) [ 01011111]
specloopname_ln85 (specloopname     ) [ 00000000]
p_r_M_value_11    (fadd             ) [ 00000000]
p_r_M_value_12    (fadd             ) [ 00000000]
bitcast_ln304     (bitcast          ) [ 00000000]
bitcast_ln304_1   (bitcast          ) [ 00000000]
p_0               (bitconcatenate   ) [ 00000000]
write_ln304       (write            ) [ 00000000]
br_ln85           (br               ) [ 00000000]
ret_ln0           (ret              ) [ 00000000]
</LifeTime>

<model>

<comp_list>
<comp id="0" class="1000" name="ga_M_value">
<pin_list>
<pin id="1" dir="1" index="0" bw="1" slack="0"/>
</pin_list>
<bind>
<StgValue><ssdm name="ga_M_value"/><MemPortTyVec>1 3 </MemPortTyVec>
</StgValue>
</bind>
</comp>

<comp id="2" class="1000" name="ga_M_value_1">
<pin_list>
<pin id="3" dir="1" index="0" bw="1" slack="0"/>
</pin_list>
<bind>
<StgValue><ssdm name="ga_M_value_1"/><MemPortTyVec>1 3 </MemPortTyVec>
</StgValue>
</bind>
</comp>

<comp id="4" class="1000" name="gb_M_value">
<pin_list>
<pin id="5" dir="1" index="0" bw="1" slack="0"/>
</pin_list>
<bind>
<StgValue><ssdm name="gb_M_value"/><MemPortTyVec>1 3 </MemPortTyVec>
</StgValue>
</bind>
</comp>

<comp id="6" class="1000" name="gb_M_value_1">
<pin_list>
<pin id="7" dir="1" index="0" bw="1" slack="0"/>
</pin_list>
<bind>
<StgValue><ssdm name="gb_M_value_1"/><MemPortTyVec>1 3 </MemPortTyVec>
</StgValue>
</bind>
</comp>

<comp id="8" class="1000" name="output_r_V_data_V">
<pin_list>
<pin id="9" dir="1" index="0" bw="1" slack="0"/>
</pin_list>
<bind>
<StgValue><ssdm name="output_r_V_data_V"/></StgValue>
</bind>
</comp>

<comp id="10" class="1000" name="output_r_V_keep_V">
<pin_list>
<pin id="11" dir="1" index="0" bw="1" slack="0"/>
</pin_list>
<bind>
<StgValue><ssdm name="output_r_V_keep_V"/></StgValue>
</bind>
</comp>

<comp id="12" class="1000" name="output_r_V_strb_V">
<pin_list>
<pin id="13" dir="1" index="0" bw="1" slack="0"/>
</pin_list>
<bind>
<StgValue><ssdm name="output_r_V_strb_V"/></StgValue>
</bind>
</comp>

<comp id="14" class="1000" name="output_r_V_last_V">
<pin_list>
<pin id="15" dir="1" index="0" bw="1" slack="0"/>
</pin_list>
<bind>
<StgValue><ssdm name="output_r_V_last_V"/></StgValue>
</bind>
</comp>

<comp id="16" class="1001" name="const_16">
<pin_list>
<pin id="17" dir="1" index="0" bw="1" slack="0"/>
</pin_list>
<bind>
<StgValue><ssdm name=""/></StgValue>
</bind>
</comp>

<comp id="18" class="1001" name="const_18">
<pin_list>
<pin id="19" dir="1" index="0" bw="1" slack="2147483647"/>
</pin_list>
<bind>
<StgValue><ssdm name="_ssdm_op_SpecInterface"/></StgValue>
</bind>
</comp>

<comp id="20" class="1001" name="const_20">
<pin_list>
<pin id="21" dir="1" index="0" bw="1" slack="2147483647"/>
</pin_list>
<bind>
<StgValue><ssdm name="empty_1"/></StgValue>
</bind>
</comp>

<comp id="22" class="1001" name="const_22">
<pin_list>
<pin id="23" dir="1" index="0" bw="1" slack="2147483647"/>
</pin_list>
<bind>
<StgValue><ssdm name=""/></StgValue>
</bind>
</comp>

<comp id="24" class="1001" name="const_24">
<pin_list>
<pin id="25" dir="1" index="0" bw="1" slack="2147483647"/>
</pin_list>
<bind>
<StgValue><ssdm name="empty_5"/></StgValue>
</bind>
</comp>

<comp id="26" class="1001" name="const_26">
<pin_list>
<pin id="27" dir="1" index="0" bw="1" slack="2147483647"/>
</pin_list>
<bind>
<StgValue><ssdm name="empty_2"/></StgValue>
</bind>
</comp>

<comp id="28" class="1001" name="const_28">
<pin_list>
<pin id="29" dir="1" index="0" bw="1" slack="2147483647"/>
</pin_list>
<bind>
<StgValue><ssdm name=""/></StgValue>
</bind>
</comp>

<comp id="30" class="1001" name="const_30">
<pin_list>
<pin id="31" dir="1" index="0" bw="1" slack="0"/>
</pin_list>
<bind>
<StgValue><ssdm name=""/></StgValue>
</bind>
</comp>

<comp id="32" class="1001" name="const_32">
<pin_list>
<pin id="33" dir="1" index="0" bw="1" slack="2147483647"/>
</pin_list>
<bind>
<StgValue><ssdm name="_ssdm_op_SpecPipeline"/></StgValue>
</bind>
</comp>

<comp id="34" class="1001" name="const_34">
<pin_list>
<pin id="35" dir="1" index="0" bw="1" slack="2147483647"/>
</pin_list>
<bind>
<StgValue><ssdm name="p_str"/></StgValue>
</bind>
</comp>

<comp id="36" class="1001" name="const_36">
<pin_list>
<pin id="37" dir="1" index="0" bw="1" slack="0"/>
</pin_list>
<bind>
<StgValue><ssdm name=""/></StgValue>
</bind>
</comp>

<comp id="38" class="1001" name="const_38">
<pin_list>
<pin id="39" dir="1" index="0" bw="1" slack="2147483647"/>
</pin_list>
<bind>
<StgValue><ssdm name="_ssdm_op_SpecLoopTripCount"/></StgValue>
</bind>
</comp>

<comp id="40" class="1001" name="const_40">
<pin_list>
<pin id="41" dir="1" index="0" bw="1" slack="2147483647"/>
</pin_list>
<bind>
<StgValue><ssdm name=""/></StgValue>
</bind>
</comp>

<comp id="42" class="1001" name="const_42">
<pin_list>
<pin id="43" dir="1" index="0" bw="1" slack="0"/>
</pin_list>
<bind>
<StgValue><ssdm name=""/></StgValue>
</bind>
</comp>

<comp id="44" class="1001" name="const_44">
<pin_list>
<pin id="45" dir="1" index="0" bw="1" slack="0"/>
</pin_list>
<bind>
<StgValue><ssdm name=""/></StgValue>
</bind>
</comp>

<comp id="46" class="1001" name="const_46">
<pin_list>
<pin id="47" dir="1" index="0" bw="1" slack="0"/>
</pin_list>
<bind>
<StgValue><ssdm name=""/></StgValue>
</bind>
</comp>

<comp id="48" class="1001" name="const_48">
<pin_list>
<pin id="49" dir="1" index="0" bw="1" slack="2147483647"/>
</pin_list>
<bind>
<StgValue><ssdm name="_ssdm_op_SpecLoopName"/></StgValue>
</bind>
</comp>

<comp id="50" class="1001" name="const_50">
<pin_list>
<pin id="51" dir="1" index="0" bw="1" slack="2147483647"/>
</pin_list>
<bind>
<StgValue><ssdm name="empty_8"/></StgValue>
</bind>
</comp>

<comp id="52" class="1001" name="const_52">
<pin_list>
<pin id="53" dir="1" index="0" bw="1" slack="0"/>
</pin_list>
<bind>
<StgValue><ssdm name="_ssdm_op_BitConcatenate.i64.i32.i32"/></StgValue>
</bind>
</comp>

<comp id="54" class="1001" name="const_54">
<pin_list>
<pin id="55" dir="1" index="0" bw="1" slack="0"/>
</pin_list>
<bind>
<StgValue><ssdm name="_ssdm_op_Write.axis.volatile.i64P0A.i8P0A.i8P0A.i1P0A"/></StgValue>
</bind>
</comp>

<comp id="56" class="1001" name="const_56">
<pin_list>
<pin id="57" dir="1" index="0" bw="1" slack="0"/>
</pin_list>
<bind>
<StgValue><ssdm name=""/></StgValue>
</bind>
</comp>

<comp id="58" class="1001" name="const_58">
<pin_list>
<pin id="59" dir="1" index="0" bw="1" slack="0"/>
</pin_list>
<bind>
<StgValue><ssdm name=""/></StgValue>
</bind>
</comp>

<comp id="60" class="1004" name="i_fu_60">
<pin_list>
<pin id="61" dir="0" index="0" bw="1" slack="0"/>
<pin id="62" dir="1" index="1" bw="11" slack="0"/>
</pin_list>
<bind>
<opcode="alloca(26) " fcode="alloca"/>
<opset="i/1 "/>
</bind>
</comp>

<comp id="64" class="1004" name="write_ln304_write_fu_64">
<pin_list>
<pin id="65" dir="0" index="0" bw="0" slack="0"/>
<pin id="66" dir="0" index="1" bw="64" slack="0"/>
<pin id="67" dir="0" index="2" bw="8" slack="0"/>
<pin id="68" dir="0" index="3" bw="8" slack="0"/>
<pin id="69" dir="0" index="4" bw="1" slack="0"/>
<pin id="70" dir="0" index="5" bw="64" slack="0"/>
<pin id="71" dir="0" index="6" bw="1" slack="0"/>
<pin id="72" dir="0" index="7" bw="1" slack="0"/>
<pin id="73" dir="0" index="8" bw="1" slack="6"/>
<pin id="74" dir="1" index="9" bw="0" slack="2147483647"/>
</pin_list>
<bind>
<opcode="write(1151) " fcode="write"/>
<opset="write_ln304/7 "/>
</bind>
</comp>

<comp id="82" class="1004" name="ga_M_value_addr_gep_fu_82">
<pin_list>
<pin id="83" dir="0" index="0" bw="32" slack="0"/>
<pin id="84" dir="0" index="1" bw="1" slack="0"/>
<pin id="85" dir="0" index="2" bw="11" slack="0"/>
<pin id="86" dir="1" index="3" bw="10" slack="0"/>
</pin_list>
<bind>
<opcode="getelementptr(29) " fcode="getelementptr"/>
<opset="ga_M_value_addr/1 "/>
</bind>
</comp>

<comp id="89" class="1004" name="grp_access_fu_89">
<pin_list>
<pin id="90" dir="0" index="0" bw="10" slack="0"/>
<pin id="91" dir="0" index="1" bw="32" slack="2147483647"/>
<pin id="92" dir="0" index="2" bw="0" slack="2147483647"/>
<pin id="93" dir="1" index="3" bw="32" slack="1"/>
</pin_list>
<bind>
<opcode="load(27) " fcode="load"/>
<opset="p_r_M_value/1 "/>
</bind>
</comp>

<comp id="95" class="1004" name="ga_M_value_1_addr_gep_fu_95">
<pin_list>
<pin id="96" dir="0" index="0" bw="32" slack="0"/>
<pin id="97" dir="0" index="1" bw="1" slack="0"/>
<pin id="98" dir="0" index="2" bw="11" slack="0"/>
<pin id="99" dir="1" index="3" bw="10" slack="0"/>
</pin_list>
<bind>
<opcode="getelementptr(29) " fcode="getelementptr"/>
<opset="ga_M_value_1_addr/1 "/>
</bind>
</comp>

<comp id="102" class="1004" name="grp_access_fu_102">
<pin_list>
<pin id="103" dir="0" index="0" bw="10" slack="0"/>
<pin id="104" dir="0" index="1" bw="32" slack="2147483647"/>
<pin id="105" dir="0" index="2" bw="0" slack="2147483647"/>
<pin id="106" dir="1" index="3" bw="32" slack="1"/>
</pin_list>
<bind>
<opcode="load(27) " fcode="load"/>
<opset="p_r_M_value_8/1 "/>
</bind>
</comp>

<comp id="108" class="1004" name="gb_M_value_addr_gep_fu_108">
<pin_list>
<pin id="109" dir="0" index="0" bw="32" slack="0"/>
<pin id="110" dir="0" index="1" bw="1" slack="0"/>
<pin id="111" dir="0" index="2" bw="11" slack="0"/>
<pin id="112" dir="1" index="3" bw="10" slack="0"/>
</pin_list>
<bind>
<opcode="getelementptr(29) " fcode="getelementptr"/>
<opset="gb_M_value_addr/1 "/>
</bind>
</comp>

<comp id="115" class="1004" name="grp_access_fu_115">
<pin_list>
<pin id="116" dir="0" index="0" bw="10" slack="0"/>
<pin id="117" dir="0" index="1" bw="32" slack="2147483647"/>
<pin id="118" dir="0" index="2" bw="0" slack="2147483647"/>
<pin id="119" dir="1" index="3" bw="32" slack="1"/>
</pin_list>
<bind>
<opcode="load(27) " fcode="load"/>
<opset="gb_M_value_load/1 "/>
</bind>
</comp>

<comp id="121" class="1004" name="gb_M_value_1_addr_gep_fu_121">
<pin_list>
<pin id="122" dir="0" index="0" bw="32" slack="0"/>
<pin id="123" dir="0" index="1" bw="1" slack="0"/>
<pin id="124" dir="0" index="2" bw="11" slack="0"/>
<pin id="125" dir="1" index="3" bw="10" slack="0"/>
</pin_list>
<bind>
<opcode="getelementptr(29) " fcode="getelementptr"/>
<opset="gb_M_value_1_addr/1 "/>
</bind>
</comp>

<comp id="128" class="1004" name="grp_access_fu_128">
<pin_list>
<pin id="129" dir="0" index="0" bw="10" slack="0"/>
<pin id="130" dir="0" index="1" bw="32" slack="2147483647"/>
<pin id="131" dir="0" index="2" bw="0" slack="2147483647"/>
<pin id="132" dir="1" index="3" bw="32" slack="1"/>
</pin_list>
<bind>
<opcode="load(27) " fcode="load"/>
<opset="gb_M_value_1_load/1 "/>
</bind>
</comp>

<comp id="134" class="1004" name="grp_fu_134">
<pin_list>
<pin id="135" dir="0" index="0" bw="32" slack="1"/>
<pin id="136" dir="0" index="1" bw="32" slack="1"/>
<pin id="137" dir="1" index="2" bw="32" slack="0"/>
</pin_list>
<bind>
<opcode="fadd(9) " fcode="fadd"/>
<opset="p_r_M_value_11/3 "/>
</bind>
</comp>

<comp id="138" class="1004" name="grp_fu_138">
<pin_list>
<pin id="139" dir="0" index="0" bw="32" slack="1"/>
<pin id="140" dir="0" index="1" bw="32" slack="1"/>
<pin id="141" dir="1" index="2" bw="32" slack="0"/>
</pin_list>
<bind>
<opcode="fadd(9) " fcode="fadd"/>
<opset="p_r_M_value_12/3 "/>
</bind>
</comp>

<comp id="142" class="1004" name="store_ln0_store_fu_142">
<pin_list>
<pin id="143" dir="0" index="0" bw="1" slack="0"/>
<pin id="144" dir="0" index="1" bw="11" slack="0"/>
<pin id="145" dir="1" index="2" bw="0" slack="2147483647"/>
</pin_list>
<bind>
<opcode="store(28) " fcode="store"/>
<opset="store_ln0/1 "/>
</bind>
</comp>

<comp id="147" class="1004" name="i_2_load_fu_147">
<pin_list>
<pin id="148" dir="0" index="0" bw="11" slack="0"/>
<pin id="149" dir="1" index="1" bw="11" slack="0"/>
</pin_list>
<bind>
<opcode="load(27) " fcode="load"/>
<opset="i_2/1 "/>
</bind>
</comp>

<comp id="150" class="1004" name="icmp_ln85_fu_150">
<pin_list>
<pin id="151" dir="0" index="0" bw="11" slack="0"/>
<pin id="152" dir="0" index="1" bw="11" slack="0"/>
<pin id="153" dir="1" index="2" bw="1" slack="5"/>
</pin_list>
<bind>
<opcode="icmp(45) " fcode="icmp"/>
<opset="icmp_ln85/1 "/>
</bind>
</comp>

<comp id="156" class="1004" name="add_ln85_fu_156">
<pin_list>
<pin id="157" dir="0" index="0" bw="11" slack="0"/>
<pin id="158" dir="0" index="1" bw="1" slack="0"/>
<pin id="159" dir="1" index="2" bw="11" slack="0"/>
</pin_list>
<bind>
<opcode="add(8) " fcode="add"/>
<opset="add_ln85/1 "/>
</bind>
</comp>

<comp id="162" class="1004" name="i_3_cast_fu_162">
<pin_list>
<pin id="163" dir="0" index="0" bw="11" slack="0"/>
<pin id="164" dir="1" index="1" bw="64" slack="0"/>
</pin_list>
<bind>
<opcode="zext(34) " fcode="zext"/>
<opset="i_3_cast/1 "/>
</bind>
</comp>

<comp id="170" class="1004" name="tmp_last_V_fu_170">
<pin_list>
<pin id="171" dir="0" index="0" bw="11" slack="0"/>
<pin id="172" dir="0" index="1" bw="11" slack="0"/>
<pin id="173" dir="1" index="2" bw="1" slack="6"/>
</pin_list>
<bind>
<opcode="icmp(45) " fcode="icmp"/>
<opset="tmp_last_V/1 "/>
</bind>
</comp>

<comp id="176" class="1004" name="store_ln85_store_fu_176">
<pin_list>
<pin id="177" dir="0" index="0" bw="11" slack="0"/>
<pin id="178" dir="0" index="1" bw="11" slack="0"/>
<pin id="179" dir="1" index="2" bw="0" slack="2147483647"/>
</pin_list>
<bind>
<opcode="store(28) " fcode="store"/>
<opset="store_ln85/1 "/>
</bind>
</comp>

<comp id="181" class="1004" name="bitcast_ln304_fu_181">
<pin_list>
<pin id="182" dir="0" index="0" bw="32" slack="0"/>
<pin id="183" dir="1" index="1" bw="32" slack="0"/>
</pin_list>
<bind>
<opcode="bitcast(44) " fcode="bitcast"/>
<opset="bitcast_ln304/7 "/>
</bind>
</comp>

<comp id="185" class="1004" name="bitcast_ln304_1_fu_185">
<pin_list>
<pin id="186" dir="0" index="0" bw="32" slack="0"/>
<pin id="187" dir="1" index="1" bw="32" slack="0"/>
</pin_list>
<bind>
<opcode="bitcast(44) " fcode="bitcast"/>
<opset="bitcast_ln304_1/7 "/>
</bind>
</comp>

<comp id="189" class="1004" name="p_0_fu_189">
<pin_list>
<pin id="190" dir="0" index="0" bw="64" slack="0"/>
<pin id="191" dir="0" index="1" bw="32" slack="0"/>
<pin id="192" dir="0" index="2" bw="32" slack="0"/>
<pin id="193" dir="1" index="3" bw="64" slack="0"/>
</pin_list>
<bind>
<opcode="bitconcatenate(1004) " fcode="bitconcatenate"/>
<opset="p_0/7 "/>
</bind>
</comp>

<comp id="198" class="1005" name="i_reg_198">
<pin_list>
<pin id="199" dir="0" index="0" bw="11" slack="0"/>
<pin id="200" dir="1" index="1" bw="11" slack="0"/>
</pin_list>
<bind>
<opset="i "/>
</bind>
</comp>

<comp id="205" class="1005" name="icmp_ln85_reg_205">
<pin_list>
<pin id="206" dir="0" index="0" bw="1" slack="5"/>
<pin id="207" dir="1" index="1" bw="1" slack="2147483647"/>
</pin_list>
<bind>
<opset="icmp_ln85 "/>
</bind>
</comp>

<comp id="209" class="1005" name="ga_M_value_addr_reg_209">
<pin_list>
<pin id="210" dir="0" index="0" bw="10" slack="1"/>
<pin id="211" dir="1" index="1" bw="10" slack="1"/>
</pin_list>
<bind>
<opset="ga_M_value_addr "/>
</bind>
</comp>

<comp id="214" class="1005" name="ga_M_value_1_addr_reg_214">
<pin_list>
<pin id="215" dir="0" index="0" bw="10" slack="1"/>
<pin id="216" dir="1" index="1" bw="10" slack="1"/>
</pin_list>
<bind>
<opset="ga_M_value_1_addr "/>
</bind>
</comp>

<comp id="219" class="1005" name="gb_M_value_addr_reg_219">
<pin_list>
<pin id="220" dir="0" index="0" bw="10" slack="1"/>
<pin id="221" dir="1" index="1" bw="10" slack="1"/>
</pin_list>
<bind>
<opset="gb_M_value_addr "/>
</bind>
</comp>

<comp id="224" class="1005" name="gb_M_value_1_addr_reg_224">
<pin_list>
<pin id="225" dir="0" index="0" bw="10" slack="1"/>
<pin id="226" dir="1" index="1" bw="10" slack="1"/>
</pin_list>
<bind>
<opset="gb_M_value_1_addr "/>
</bind>
</comp>

<comp id="229" class="1005" name="tmp_last_V_reg_229">
<pin_list>
<pin id="230" dir="0" index="0" bw="1" slack="6"/>
<pin id="231" dir="1" index="1" bw="1" slack="6"/>
</pin_list>
<bind>
<opset="tmp_last_V "/>
</bind>
</comp>

<comp id="234" class="1005" name="p_r_M_value_reg_234">
<pin_list>
<pin id="235" dir="0" index="0" bw="32" slack="1"/>
<pin id="236" dir="1" index="1" bw="32" slack="1"/>
</pin_list>
<bind>
<opset="p_r_M_value "/>
</bind>
</comp>

<comp id="239" class="1005" name="p_r_M_value_8_reg_239">
<pin_list>
<pin id="240" dir="0" index="0" bw="32" slack="1"/>
<pin id="241" dir="1" index="1" bw="32" slack="1"/>
</pin_list>
<bind>
<opset="p_r_M_value_8 "/>
</bind>
</comp>

<comp id="244" class="1005" name="gb_M_value_load_reg_244">
<pin_list>
<pin id="245" dir="0" index="0" bw="32" slack="1"/>
<pin id="246" dir="1" index="1" bw="32" slack="1"/>
</pin_list>
<bind>
<opset="gb_M_value_load "/>
</bind>
</comp>

<comp id="249" class="1005" name="gb_M_value_1_load_reg_249">
<pin_list>
<pin id="250" dir="0" index="0" bw="32" slack="1"/>
<pin id="251" dir="1" index="1" bw="32" slack="1"/>
</pin_list>
<bind>
<opset="gb_M_value_1_load "/>
</bind>
</comp>

</comp_list>

<net_list>
<net id="63"><net_src comp="16" pin="0"/><net_sink comp="60" pin=0"/></net>

<net id="75"><net_src comp="54" pin="0"/><net_sink comp="64" pin=0"/></net>

<net id="76"><net_src comp="8" pin="0"/><net_sink comp="64" pin=1"/></net>

<net id="77"><net_src comp="10" pin="0"/><net_sink comp="64" pin=2"/></net>

<net id="78"><net_src comp="12" pin="0"/><net_sink comp="64" pin=3"/></net>

<net id="79"><net_src comp="14" pin="0"/><net_sink comp="64" pin=4"/></net>

<net id="80"><net_src comp="56" pin="0"/><net_sink comp="64" pin=6"/></net>

<net id="81"><net_src comp="58" pin="0"/><net_sink comp="64" pin=7"/></net>

<net id="87"><net_src comp="0" pin="0"/><net_sink comp="82" pin=0"/></net>

<net id="88"><net_src comp="44" pin="0"/><net_sink comp="82" pin=1"/></net>

<net id="94"><net_src comp="82" pin="3"/><net_sink comp="89" pin=0"/></net>

<net id="100"><net_src comp="2" pin="0"/><net_sink comp="95" pin=0"/></net>

<net id="101"><net_src comp="44" pin="0"/><net_sink comp="95" pin=1"/></net>

<net id="107"><net_src comp="95" pin="3"/><net_sink comp="102" pin=0"/></net>

<net id="113"><net_src comp="4" pin="0"/><net_sink comp="108" pin=0"/></net>

<net id="114"><net_src comp="44" pin="0"/><net_sink comp="108" pin=1"/></net>

<net id="120"><net_src comp="108" pin="3"/><net_sink comp="115" pin=0"/></net>

<net id="126"><net_src comp="6" pin="0"/><net_sink comp="121" pin=0"/></net>

<net id="127"><net_src comp="44" pin="0"/><net_sink comp="121" pin=1"/></net>

<net id="133"><net_src comp="121" pin="3"/><net_sink comp="128" pin=0"/></net>

<net id="146"><net_src comp="30" pin="0"/><net_sink comp="142" pin=0"/></net>

<net id="154"><net_src comp="147" pin="1"/><net_sink comp="150" pin=0"/></net>

<net id="155"><net_src comp="36" pin="0"/><net_sink comp="150" pin=1"/></net>

<net id="160"><net_src comp="147" pin="1"/><net_sink comp="156" pin=0"/></net>

<net id="161"><net_src comp="42" pin="0"/><net_sink comp="156" pin=1"/></net>

<net id="165"><net_src comp="147" pin="1"/><net_sink comp="162" pin=0"/></net>

<net id="166"><net_src comp="162" pin="1"/><net_sink comp="82" pin=2"/></net>

<net id="167"><net_src comp="162" pin="1"/><net_sink comp="95" pin=2"/></net>

<net id="168"><net_src comp="162" pin="1"/><net_sink comp="108" pin=2"/></net>

<net id="169"><net_src comp="162" pin="1"/><net_sink comp="121" pin=2"/></net>

<net id="174"><net_src comp="147" pin="1"/><net_sink comp="170" pin=0"/></net>

<net id="175"><net_src comp="46" pin="0"/><net_sink comp="170" pin=1"/></net>

<net id="180"><net_src comp="156" pin="2"/><net_sink comp="176" pin=0"/></net>

<net id="184"><net_src comp="134" pin="2"/><net_sink comp="181" pin=0"/></net>

<net id="188"><net_src comp="138" pin="2"/><net_sink comp="185" pin=0"/></net>

<net id="194"><net_src comp="52" pin="0"/><net_sink comp="189" pin=0"/></net>

<net id="195"><net_src comp="185" pin="1"/><net_sink comp="189" pin=1"/></net>

<net id="196"><net_src comp="181" pin="1"/><net_sink comp="189" pin=2"/></net>

<net id="197"><net_src comp="189" pin="3"/><net_sink comp="64" pin=5"/></net>

<net id="201"><net_src comp="60" pin="1"/><net_sink comp="198" pin=0"/></net>

<net id="202"><net_src comp="198" pin="1"/><net_sink comp="142" pin=1"/></net>

<net id="203"><net_src comp="198" pin="1"/><net_sink comp="147" pin=0"/></net>

<net id="204"><net_src comp="198" pin="1"/><net_sink comp="176" pin=1"/></net>

<net id="208"><net_src comp="150" pin="2"/><net_sink comp="205" pin=0"/></net>

<net id="212"><net_src comp="82" pin="3"/><net_sink comp="209" pin=0"/></net>

<net id="213"><net_src comp="209" pin="1"/><net_sink comp="89" pin=0"/></net>

<net id="217"><net_src comp="95" pin="3"/><net_sink comp="214" pin=0"/></net>

<net id="218"><net_src comp="214" pin="1"/><net_sink comp="102" pin=0"/></net>

<net id="222"><net_src comp="108" pin="3"/><net_sink comp="219" pin=0"/></net>

<net id="223"><net_src comp="219" pin="1"/><net_sink comp="115" pin=0"/></net>

<net id="227"><net_src comp="121" pin="3"/><net_sink comp="224" pin=0"/></net>

<net id="228"><net_src comp="224" pin="1"/><net_sink comp="128" pin=0"/></net>

<net id="232"><net_src comp="170" pin="2"/><net_sink comp="229" pin=0"/></net>

<net id="233"><net_src comp="229" pin="1"/><net_sink comp="64" pin=8"/></net>

<net id="237"><net_src comp="89" pin="3"/><net_sink comp="234" pin=0"/></net>

<net id="238"><net_src comp="234" pin="1"/><net_sink comp="134" pin=0"/></net>

<net id="242"><net_src comp="102" pin="3"/><net_sink comp="239" pin=0"/></net>

<net id="243"><net_src comp="239" pin="1"/><net_sink comp="138" pin=0"/></net>

<net id="247"><net_src comp="115" pin="3"/><net_sink comp="244" pin=0"/></net>

<net id="248"><net_src comp="244" pin="1"/><net_sink comp="134" pin=1"/></net>

<net id="252"><net_src comp="128" pin="3"/><net_sink comp="249" pin=0"/></net>

<net id="253"><net_src comp="249" pin="1"/><net_sink comp="138" pin=1"/></net>

</net_list>

</model> 
---------------- Datapath Model END ------------------

* FSMD analyzer results:
  - Output states:
	Port: output_r_V_data_V | {7 }
	Port: output_r_V_keep_V | {7 }
	Port: output_r_V_strb_V | {7 }
	Port: output_r_V_last_V | {7 }
 - Input state : 
	Port: ifft_1024_top_Pipeline_VITIS_LOOP_85_3 : ga_M_value | {1 2 }
	Port: ifft_1024_top_Pipeline_VITIS_LOOP_85_3 : ga_M_value_1 | {1 2 }
	Port: ifft_1024_top_Pipeline_VITIS_LOOP_85_3 : gb_M_value | {1 2 }
	Port: ifft_1024_top_Pipeline_VITIS_LOOP_85_3 : gb_M_value_1 | {1 2 }
	Port: ifft_1024_top_Pipeline_VITIS_LOOP_85_3 : output_r_V_data_V | {}
	Port: ifft_1024_top_Pipeline_VITIS_LOOP_85_3 : output_r_V_keep_V | {}
	Port: ifft_1024_top_Pipeline_VITIS_LOOP_85_3 : output_r_V_strb_V | {}
	Port: ifft_1024_top_Pipeline_VITIS_LOOP_85_3 : output_r_V_last_V | {}
  - Chain level:
	State 1
		store_ln0 : 1
		i_2 : 1
		icmp_ln85 : 2
		add_ln85 : 2
		br_ln85 : 3
		i_3_cast : 2
		ga_M_value_addr : 3
		p_r_M_value : 4
		ga_M_value_1_addr : 3
		p_r_M_value_8 : 4
		gb_M_value_addr : 3
		gb_M_value_load : 4
		gb_M_value_1_addr : 3
		gb_M_value_1_load : 4
		tmp_last_V : 2
		store_ln85 : 3
	State 2
	State 3
	State 4
	State 5
	State 6
	State 7
		bitcast_ln304 : 1
		bitcast_ln304_1 : 1
		p_0 : 2
		write_ln304 : 3


============================================================
+ Verbose Summary: Datapath Resource usage 
============================================================

* Functional unit list:
|----------|-------------------------|---------|---------|---------|
| Operation|     Functional Unit     |   DSP   |    FF   |   LUT   |
|----------|-------------------------|---------|---------|---------|
|   fadd   |        grp_fu_134       |    2    |   205   |   390   |
|          |        grp_fu_138       |    2    |   205   |   390   |
|----------|-------------------------|---------|---------|---------|
|   icmp   |     icmp_ln85_fu_150    |    0    |    0    |    11   |
|          |    tmp_last_V_fu_170    |    0    |    0    |    11   |
|----------|-------------------------|---------|---------|---------|
|    add   |     add_ln85_fu_156     |    0    |    0    |    12   |
|----------|-------------------------|---------|---------|---------|
|   write  | write_ln304_write_fu_64 |    0    |    0    |    0    |
|----------|-------------------------|---------|---------|---------|
|   zext   |     i_3_cast_fu_162     |    0    |    0    |    0    |
|----------|-------------------------|---------|---------|---------|
|bitconcatenate|        p_0_fu_189       |    0    |    0    |    0    |
|----------|-------------------------|---------|---------|---------|
|   Total  |                         |    4    |   410   |   814   |
|----------|-------------------------|---------|---------|---------|

Memories:
N/A

* Register list:
+-------------------------+--------+
|                         |   FF   |
+-------------------------+--------+
|ga_M_value_1_addr_reg_214|   10   |
| ga_M_value_addr_reg_209 |   10   |
|gb_M_value_1_addr_reg_224|   10   |
|gb_M_value_1_load_reg_249|   32   |
| gb_M_value_addr_reg_219 |   10   |
| gb_M_value_load_reg_244 |   32   |
|        i_reg_198        |   11   |
|    icmp_ln85_reg_205    |    1   |
|  p_r_M_value_8_reg_239  |   32   |
|   p_r_M_value_reg_234   |   32   |
|    tmp_last_V_reg_229   |    1   |
+-------------------------+--------+
|          Total          |   181  |
+-------------------------+--------+

* Multiplexer (MUX) list: 
|-------------------|------|------|------|--------||---------||---------|
|        Comp       |  Pin | Size |  BW  | S x BW ||  Delay  ||   LUT   |
|-------------------|------|------|------|--------||---------||---------|
|  grp_access_fu_89 |  p0  |   2  |  10  |   20   ||    9    |
| grp_access_fu_102 |  p0  |   2  |  10  |   20   ||    9    |
| grp_access_fu_115 |  p0  |   2  |  10  |   20   ||    9    |
| grp_access_fu_128 |  p0  |   2  |  10  |   20   ||    9    |
|-------------------|------|------|------|--------||---------||---------|
|       Total       |      |      |      |   80   ||  6.352  ||    36   |
|-------------------|------|------|------|--------||---------||---------|



* Summary:
+-----------+--------+--------+--------+--------+
|           |   DSP  |  Delay |   FF   |   LUT  |
+-----------+--------+--------+--------+--------+
|  Function |    4   |    -   |   410  |   814  |
|   Memory  |    -   |    -   |    -   |    -   |
|Multiplexer|    -   |    6   |    -   |   36   |
|  Register |    -   |    -   |   181  |    -   |
+-----------+--------+--------+--------+--------+
|   Total   |    4   |    6   |   591  |   850  |
+-----------+--------+--------+--------+--------+
