

================================================================
== Vitis HLS Report for 'fft_fast'
================================================================
* Date:           Tue May  5 17:02:40 2026

* Version:        2022.1 (Build 3526262 on Mon Apr 18 15:48:16 MDT 2022)
* Project:        fft_project_wlo
* Solution:       solution1 (Vivado IP Flow Target)
* Product family: zynq
* Target device:  xc7z020-clg484-1


================================================================
== Performance Estimates
================================================================
+ Timing: 
    * Summary: 
    +--------+----------+----------+------------+
    |  Clock |  Target  | Estimated| Uncertainty|
    +--------+----------+----------+------------+
    |ap_clk  |  10.00 ns|  6.915 ns|     2.70 ns|
    +--------+----------+----------+------------+

+ Latency: 
    * Summary: 
    +---------+---------+----------+----------+-----+-----+---------+
    |  Latency (cycles) |  Latency (absolute) |  Interval | Pipeline|
    |   min   |   max   |    min   |    max   | min | max |   Type  |
    +---------+---------+----------+----------+-----+-----+---------+
    |        ?|        ?|         ?|         ?|    ?|    ?|       no|
    +---------+---------+----------+----------+-----+-----+---------+

    + Detail: 
        * Instance: 
        +---------------------------------------------+-----------------------------------+---------+---------+-----------+-----------+------+------+---------+
        |                                             |                                   |  Latency (cycles) |   Latency (absolute)  |   Interval  | Pipeline|
        |                   Instance                  |               Module              |   min   |   max   |    min    |    max    |  min |  max |   Type  |
        +---------------------------------------------+-----------------------------------+---------+---------+-----------+-----------+------+------+---------+
        |grp_fft_fast_Pipeline_VITIS_LOOP_7_1_fu_65   |fft_fast_Pipeline_VITIS_LOOP_7_1   |     3075|     3075|  30.750 us|  30.750 us|  3075|  3075|       no|
        |grp_fft_fast_Pipeline_VITIS_LOOP_21_4_fu_75  |fft_fast_Pipeline_VITIS_LOOP_21_4  |        8|     3074|  80.000 ns|  30.740 us|     8|  3074|       no|
        +---------------------------------------------+-----------------------------------+---------+---------+-----------+-----------+------+------+---------+

        * Loop: 
        +--------------------+---------+---------+-----------+-----------+-----------+------+----------+
        |                    |  Latency (cycles) | Iteration |  Initiation Interval  | Trip |          |
        |      Loop Name     |   min   |   max   |  Latency  |  achieved |   target  | Count| Pipelined|
        +--------------------+---------+---------+-----------+-----------+-----------+------+----------+
        |- VITIS_LOOP_17_2   |        ?|        ?|          ?|          -|          -|    10|        no|
        | + VITIS_LOOP_20_3  |        ?|        ?|  11 ~ 3077|          -|          -|     ?|        no|
        +--------------------+---------+---------+-----------+-----------+-----------+------+----------+



================================================================
== Utilization Estimates
================================================================
* Summary: 
+-----------------+---------+-----+--------+-------+-----+
|       Name      | BRAM_18K| DSP |   FF   |  LUT  | URAM|
+-----------------+---------+-----+--------+-------+-----+
|DSP              |        -|    -|       -|      -|    -|
|Expression       |        -|    -|       0|    156|    -|
|FIFO             |        -|    -|       -|      -|    -|
|Instance         |        5|   12|     594|    768|    -|
|Memory           |        -|    -|       -|      -|    -|
|Multiplexer      |        -|    -|       -|    288|    -|
|Register         |        -|    -|     204|      -|    -|
+-----------------+---------+-----+--------+-------+-----+
|Total            |        5|   12|     798|   1212|    0|
+-----------------+---------+-----+--------+-------+-----+
|Available        |      280|  220|  106400|  53200|    0|
+-----------------+---------+-----+--------+-------+-----+
|Utilization (%)  |        1|    5|      ~0|      2|    0|
+-----------------+---------+-----+--------+-------+-----+

+ Detail: 
    * Instance: 
    +---------------------------------------------+-----------------------------------+---------+----+-----+-----+-----+
    |                   Instance                  |               Module              | BRAM_18K| DSP|  FF | LUT | URAM|
    +---------------------------------------------+-----------------------------------+---------+----+-----+-----+-----+
    |grp_fft_fast_Pipeline_VITIS_LOOP_21_4_fu_75  |fft_fast_Pipeline_VITIS_LOOP_21_4  |        4|  12|  461|  601|    0|
    |grp_fft_fast_Pipeline_VITIS_LOOP_7_1_fu_65   |fft_fast_Pipeline_VITIS_LOOP_7_1   |        1|   0|  133|  167|    0|
    +---------------------------------------------+-----------------------------------+---------+----+-----+-----+-----+
    |Total                                        |                                   |        5|  12|  594|  768|    0|
    +---------------------------------------------+-----------------------------------+---------+----+-----+-----+-----+

    * DSP: 
    N/A

    * Memory: 
    N/A

    * FIFO: 
    N/A

    * Expression: 
    +---------------------+----------+----+---+----+------------+------------+
    |    Variable Name    | Operation| DSP| FF| LUT| Bitwidth P0| Bitwidth P1|
    +---------------------+----------+----+---+----+------------+------------+
    |add_ln20_fu_164_p2   |         +|   0|  0|  71|          64|          64|
    |s_3_fu_174_p2        |         +|   0|  0|  13|           4|           1|
    |ti_1_fu_169_p2       |         +|   0|  0|  14|          13|          13|
    |icmp_ln17_fu_106_p2  |      icmp|   0|  0|   9|           4|           4|
    |icmp_ln20_fu_154_p2  |      icmp|   0|  0|  25|          54|           1|
    |m_fu_116_p2          |       shl|   0|  0|  24|           1|          11|
    +---------------------+----------+----+---+----+------------+------------+
    |Total                |          |   0|  0| 156|         140|          94|
    +---------------------+----------+----+---+----+------------+------------+

    * Multiplexer: 
    +-------------------+----+-----------+-----+-----------+
    |        Name       | LUT| Input Size| Bits| Total Bits|
    +-------------------+----+-----------+-----+-----------+
    |ap_NS_fsm          |  37|          7|    1|          7|
    |k_reg_54           |   9|          2|   64|        128|
    |s_fu_50            |   9|          2|    4|          8|
    |ti_fu_46           |   9|          2|   13|         26|
    |x_M_imag_address0  |  14|          3|   10|         30|
    |x_M_imag_address1  |  14|          3|   10|         30|
    |x_M_imag_ce0       |  14|          3|    1|          3|
    |x_M_imag_ce1       |  14|          3|    1|          3|
    |x_M_imag_d0        |  14|          3|   26|         78|
    |x_M_imag_d1        |  14|          3|   26|         78|
    |x_M_imag_we0       |  14|          3|    1|          3|
    |x_M_imag_we1       |  14|          3|    1|          3|
    |x_M_real_address0  |  14|          3|   10|         30|
    |x_M_real_address1  |  14|          3|   10|         30|
    |x_M_real_ce0       |  14|          3|    1|          3|
    |x_M_real_ce1       |  14|          3|    1|          3|
    |x_M_real_d0        |  14|          3|   26|         78|
    |x_M_real_d1        |  14|          3|   26|         78|
    |x_M_real_we0       |  14|          3|    1|          3|
    |x_M_real_we1       |  14|          3|    1|          3|
    +-------------------+----+-----------+-----+-----------+
    |Total              | 288|         61|  234|        625|
    +-------------------+----+-----------+-----+-----------+

    * Register: 
    +----------------------------------------------------------+----+----+-----+-----------+
    |                           Name                           | FF | LUT| Bits| Const Bits|
    +----------------------------------------------------------+----+----+-----+-----------+
    |add_ln20_reg_237                                          |  64|   0|   64|          0|
    |ap_CS_fsm                                                 |   6|   0|    6|          0|
    |grp_fft_fast_Pipeline_VITIS_LOOP_21_4_fu_75_ap_start_reg  |   1|   0|    1|          0|
    |grp_fft_fast_Pipeline_VITIS_LOOP_7_1_fu_65_ap_start_reg   |   1|   0|    1|          0|
    |k_reg_54                                                  |  64|   0|   64|          0|
    |m2_reg_209                                                |  10|   0|   10|          0|
    |s_fu_50                                                   |   4|   0|    4|          0|
    |ti_fu_46                                                  |  13|   0|   13|          0|
    |trunc_ln20_1_reg_232                                      |  10|   0|   10|          0|
    |trunc_ln20_reg_219                                        |  10|   0|   10|          0|
    |zext_ln19_reg_214                                         |  10|   0|   13|          3|
    |zext_ln20_reg_224                                         |  11|   0|   64|         53|
    +----------------------------------------------------------+----+----+-----+-----------+
    |Total                                                     | 204|   0|  260|         56|
    +----------------------------------------------------------+----+----+-----+-----------+



================================================================
== Interface
================================================================
* Summary: 
+-------------------+-----+-----+------------+--------------+--------------+
|     RTL Ports     | Dir | Bits|  Protocol  | Source Object|    C Type    |
+-------------------+-----+-----+------------+--------------+--------------+
|ap_clk             |   in|    1|  ap_ctrl_hs|      fft_fast|  return value|
|ap_rst             |   in|    1|  ap_ctrl_hs|      fft_fast|  return value|
|ap_start           |   in|    1|  ap_ctrl_hs|      fft_fast|  return value|
|ap_done            |  out|    1|  ap_ctrl_hs|      fft_fast|  return value|
|ap_idle            |  out|    1|  ap_ctrl_hs|      fft_fast|  return value|
|ap_ready           |  out|    1|  ap_ctrl_hs|      fft_fast|  return value|
|x_M_real_address0  |  out|   10|   ap_memory|      x_M_real|         array|
|x_M_real_ce0       |  out|    1|   ap_memory|      x_M_real|         array|
|x_M_real_we0       |  out|    1|   ap_memory|      x_M_real|         array|
|x_M_real_d0        |  out|   26|   ap_memory|      x_M_real|         array|
|x_M_real_q0        |   in|   26|   ap_memory|      x_M_real|         array|
|x_M_real_address1  |  out|   10|   ap_memory|      x_M_real|         array|
|x_M_real_ce1       |  out|    1|   ap_memory|      x_M_real|         array|
|x_M_real_we1       |  out|    1|   ap_memory|      x_M_real|         array|
|x_M_real_d1        |  out|   26|   ap_memory|      x_M_real|         array|
|x_M_real_q1        |   in|   26|   ap_memory|      x_M_real|         array|
|x_M_imag_address0  |  out|   10|   ap_memory|      x_M_imag|         array|
|x_M_imag_ce0       |  out|    1|   ap_memory|      x_M_imag|         array|
|x_M_imag_we0       |  out|    1|   ap_memory|      x_M_imag|         array|
|x_M_imag_d0        |  out|   26|   ap_memory|      x_M_imag|         array|
|x_M_imag_q0        |   in|   26|   ap_memory|      x_M_imag|         array|
|x_M_imag_address1  |  out|   10|   ap_memory|      x_M_imag|         array|
|x_M_imag_ce1       |  out|    1|   ap_memory|      x_M_imag|         array|
|x_M_imag_we1       |  out|    1|   ap_memory|      x_M_imag|         array|
|x_M_imag_d1        |  out|   26|   ap_memory|      x_M_imag|         array|
|x_M_imag_q1        |   in|   26|   ap_memory|      x_M_imag|         array|
+-------------------+-----+-----+------------+--------------+--------------+

