

================================================================
== Vitis HLS Report for 'fft_fast_Pipeline_VITIS_LOOP_21_4'
================================================================
* Date:           Tue May  5 17:02:38 2026

* Version:        2022.1 (Build 3526262 on Mon Apr 18 15:48:16 MDT 2022)
* Project:        fft_project_wlo
* Solution:       solution1 (Vivado IP Flow Target)
* Product family: zynq
* Target device:  xc7z020-clg484-1


================================================================
== Performance Estimates
================================================================
+ Timing: 
    * Summary: 
    +--------+----------+----------+------------+
    |  Clock |  Target  | Estimated| Uncertainty|
    +--------+----------+----------+------------+
    |ap_clk  |  10.00 ns|  6.915 ns|     2.70 ns|
    +--------+----------+----------+------------+

+ Latency: 
    * Summary: 
    +---------+---------+-----------+-----------+-----+------+---------+
    |  Latency (cycles) |   Latency (absolute)  |  Interval  | Pipeline|
    |   min   |   max   |    min    |    max    | min |  max |   Type  |
    +---------+---------+-----------+-----------+-----+------+---------+
    |        8|     3074|  80.000 ns|  30.740 us|    8|  3074|       no|
    +---------+---------+-----------+-----------+-----+------+---------+

    + Detail: 
        * Instance: 
        N/A

        * Loop: 
        +-------------------+---------+---------+----------+-----------+-----------+---------+----------+
        |                   |  Latency (cycles) | Iteration|  Initiation Interval  |   Trip  |          |
        |     Loop Name     |   min   |   max   |  Latency |  achieved |   target  |  Count  | Pipelined|
        +-------------------+---------+---------+----------+-----------+-----------+---------+----------+
        |- VITIS_LOOP_21_4  |        6|     3072|         6|          6|          1|  1 ~ 512|       yes|
        +-------------------+---------+---------+----------+-----------+-----------+---------+----------+



================================================================
== Utilization Estimates
================================================================
* Summary: 
+-----------------+---------+-----+--------+-------+-----+
|       Name      | BRAM_18K| DSP |   FF   |  LUT  | URAM|
+-----------------+---------+-----+--------+-------+-----+
|DSP              |        -|    -|       -|      -|    -|
|Expression       |        -|    -|       0|    309|    -|
|FIFO             |        -|    -|       -|      -|    -|
|Instance         |        -|   12|       0|    172|    -|
|Memory           |        4|    -|       0|      0|    -|
|Multiplexer      |        -|    -|       -|    120|    -|
|Register         |        -|    -|     461|      -|    -|
+-----------------+---------+-----+--------+-------+-----+
|Total            |        4|   12|     461|    601|    0|
+-----------------+---------+-----+--------+-------+-----+
|Available        |      280|  220|  106400|  53200|    0|
+-----------------+---------+-----+--------+-------+-----+
|Utilization (%)  |        1|    5|      ~0|      1|    0|
+-----------------+---------+-----+--------+-------+-----+

+ Detail: 
    * Instance: 
    +------------------------+--------------------+---------+----+---+----+-----+
    |        Instance        |       Module       | BRAM_18K| DSP| FF| LUT| URAM|
    +------------------------+--------------------+---------+----+---+----+-----+
    |mul_26s_26s_50_1_1_U24  |mul_26s_26s_50_1_1  |        0|   3|  0|  43|    0|
    |mul_26s_26s_50_1_1_U25  |mul_26s_26s_50_1_1  |        0|   3|  0|  43|    0|
    |mul_26s_26s_50_1_1_U26  |mul_26s_26s_50_1_1  |        0|   3|  0|  43|    0|
    |mul_26s_26s_50_1_1_U27  |mul_26s_26s_50_1_1  |        0|   3|  0|  43|    0|
    +------------------------+--------------------+---------+----+---+----+-----+
    |Total                   |                    |        0|  12|  0| 172|    0|
    +------------------------+--------------------+---------+----+---+----+-----+

    * DSP: 
    N/A

    * Memory: 
    +---------------+-----------------------------------------------------------+---------+---+----+-----+------+-----+------+-------------+
    |     Memory    |                           Module                          | BRAM_18K| FF| LUT| URAM| Words| Bits| Banks| W*Bits*Banks|
    +---------------+-----------------------------------------------------------+---------+---+----+-----+------+-----+------+-------------+
    |tw_M_imag_V_U  |fft_fast_Pipeline_VITIS_LOOP_21_4_tw_M_imag_V_ROM_AUTO_1R  |        2|  0|   0|    0|  1023|   24|     1|        24552|
    |tw_M_real_V_U  |fft_fast_Pipeline_VITIS_LOOP_21_4_tw_M_real_V_ROM_AUTO_1R  |        2|  0|   0|    0|  1023|   24|     1|        24552|
    +---------------+-----------------------------------------------------------+---------+---+----+-----+------+-----+------+-------------+
    |Total          |                                                           |        4|  0|   0|    0|  2046|   48|     2|        49104|
    +---------------+-----------------------------------------------------------+---------+---+----+-----+------+-----+------+-------------+

    * FIFO: 
    N/A

    * Expression: 
    +----------------------+----------+----+---+----+------------+------------+
    |     Variable Name    | Operation| DSP| FF| LUT| Bitwidth P0| Bitwidth P1|
    +----------------------+----------+----+---+----+------------+------------+
    |add_ln21_fu_164_p2    |         +|   0|  0|  13|          10|           1|
    |add_ln22_fu_170_p2    |         +|   0|  0|  13|          10|          10|
    |add_ln24_1_fu_194_p2  |         +|   0|  0|  13|          10|          10|
    |add_ln24_fu_182_p2    |         +|   0|  0|  13|          10|          10|
    |ret_V_1_fu_277_p2     |         +|   0|  0|  57|          50|          50|
    |x_M_imag_d0           |         +|   0|  0|  33|          26|          26|
    |x_M_real_d0           |         +|   0|  0|  33|          26|          26|
    |ret_V_fu_263_p2       |         -|   0|  0|  57|          50|          50|
    |x_M_imag_d1           |         -|   0|  0|  33|          26|          26|
    |x_M_real_d1           |         -|   0|  0|  33|          26|          26|
    |icmp_ln21_fu_158_p2   |      icmp|   0|  0|  11|          10|          10|
    +----------------------+----------+----+---+----+------------+------------+
    |Total                 |          |   0|  0| 309|         254|         245|
    +----------------------+----------+----+---+----+------------+------------+

    * Multiplexer: 
    +----------------------+----+-----------+-----+-----------+
    |         Name         | LUT| Input Size| Bits| Total Bits|
    +----------------------+----+-----------+-----+-----------+
    |ap_NS_fsm             |  37|          7|    1|          7|
    |ap_done_int           |   9|          2|    1|          2|
    |ap_sig_allocacmp_j_1  |   9|          2|   10|         20|
    |j_fu_52               |   9|          2|   10|         20|
    |x_M_imag_address0     |  14|          3|   10|         30|
    |x_M_imag_address1     |  14|          3|   10|         30|
    |x_M_real_address0     |  14|          3|   10|         30|
    |x_M_real_address1     |  14|          3|   10|         30|
    +----------------------+----+-----------+-----+-----------+
    |Total                 | 120|         25|   62|        169|
    +----------------------+----+-----------+-----+-----------+

    * Register: 
    +--------------------------+----+----+-----+-----------+
    |           Name           | FF | LUT| Bits| Const Bits|
    +--------------------------+----+----+-----+-----------+
    |ap_CS_fsm                 |   6|   0|    6|          0|
    |ap_done_reg               |   1|   0|    1|          0|
    |j_fu_52                   |  10|   0|   10|          0|
    |r_V_1_reg_383             |  50|   0|   50|          0|
    |r_V_3_reg_388             |  50|   0|   50|          0|
    |r_V_4_reg_393             |  50|   0|   50|          0|
    |r_V_5_reg_398             |  50|   0|   50|          0|
    |tm_im_V_reg_409           |  26|   0|   26|          0|
    |tm_re_V_reg_403           |  26|   0|   26|          0|
    |tw_M_imag_V_load_reg_356  |  24|   0|   24|          0|
    |tw_M_real_V_load_reg_351  |  24|   0|   24|          0|
    |u_M_imag_V_reg_377        |  26|   0|   26|          0|
    |u_M_real_V_reg_371        |  26|   0|   26|          0|
    |x_M_imag_addr_2_reg_346   |  10|   0|   10|          0|
    |x_M_imag_addr_reg_336     |  10|   0|   10|          0|
    |x_M_imag_load_reg_366     |  26|   0|   26|          0|
    |x_M_real_addr_2_reg_341   |  10|   0|   10|          0|
    |x_M_real_addr_reg_331     |  10|   0|   10|          0|
    |x_M_real_load_reg_361     |  26|   0|   26|          0|
    +--------------------------+----+----+-----+-----------+
    |Total                     | 461|   0|  461|          0|
    +--------------------------+----+----+-----+-----------+



================================================================
== Interface
================================================================
* Summary: 
+-------------------+-----+-----+------------+-----------------------------------+--------------+
|     RTL Ports     | Dir | Bits|  Protocol  |           Source Object           |    C Type    |
+-------------------+-----+-----+------------+-----------------------------------+--------------+
|ap_clk             |   in|    1|  ap_ctrl_hs|  fft_fast_Pipeline_VITIS_LOOP_21_4|  return value|
|ap_rst             |   in|    1|  ap_ctrl_hs|  fft_fast_Pipeline_VITIS_LOOP_21_4|  return value|
|ap_start           |   in|    1|  ap_ctrl_hs|  fft_fast_Pipeline_VITIS_LOOP_21_4|  return value|
|ap_done            |  out|    1|  ap_ctrl_hs|  fft_fast_Pipeline_VITIS_LOOP_21_4|  return value|
|ap_idle            |  out|    1|  ap_ctrl_hs|  fft_fast_Pipeline_VITIS_LOOP_21_4|  return value|
|ap_ready           |  out|    1|  ap_ctrl_hs|  fft_fast_Pipeline_VITIS_LOOP_21_4|  return value|
|m2                 |   in|   10|     ap_none|                                 m2|        scalar|
|trunc_ln20_1       |   in|   10|     ap_none|                       trunc_ln20_1|        scalar|
|trunc_ln20_2       |   in|   10|     ap_none|                       trunc_ln20_2|        scalar|
|x_M_real_address0  |  out|   10|   ap_memory|                           x_M_real|         array|
|x_M_real_ce0       |  out|    1|   ap_memory|                           x_M_real|         array|
|x_M_real_we0       |  out|    1|   ap_memory|                           x_M_real|         array|
|x_M_real_d0        |  out|   26|   ap_memory|                           x_M_real|         array|
|x_M_real_q0        |   in|   26|   ap_memory|                           x_M_real|         array|
|x_M_real_address1  |  out|   10|   ap_memory|                           x_M_real|         array|
|x_M_real_ce1       |  out|    1|   ap_memory|                           x_M_real|         array|
|x_M_real_we1       |  out|    1|   ap_memory|                           x_M_real|         array|
|x_M_real_d1        |  out|   26|   ap_memory|                           x_M_real|         array|
|x_M_real_q1        |   in|   26|   ap_memory|                           x_M_real|         array|
|x_M_imag_address0  |  out|   10|   ap_memory|                           x_M_imag|         array|
|x_M_imag_ce0       |  out|    1|   ap_memory|                           x_M_imag|         array|
|x_M_imag_we0       |  out|    1|   ap_memory|                           x_M_imag|         array|
|x_M_imag_d0        |  out|   26|   ap_memory|                           x_M_imag|         array|
|x_M_imag_q0        |   in|   26|   ap_memory|                           x_M_imag|         array|
|x_M_imag_address1  |  out|   10|   ap_memory|                           x_M_imag|         array|
|x_M_imag_ce1       |  out|    1|   ap_memory|                           x_M_imag|         array|
|x_M_imag_we1       |  out|    1|   ap_memory|                           x_M_imag|         array|
|x_M_imag_d1        |  out|   26|   ap_memory|                           x_M_imag|         array|
|x_M_imag_q1        |   in|   26|   ap_memory|                           x_M_imag|         array|
+-------------------+-----+-----+------------+-----------------------------------+--------------+

