Nothing to build in platform 'design_1_wrapper_dopp_WLO'

01:11:17 **** Incremental Build of configuration Debug for project dopp_wlo ****
make all 
make --no-print-directory pre-build
a9-linaro-pre-build-step
 
make --no-print-directory main-build
Building file: ../src/main.c
Invoking: ARM v7 gcc compiler
arm-none-eabi-gcc -Wall -O0 -g3 -c -fmessage-length=0 -MT"src/main.o" -mcpu=cortex-a9 -mfpu=vfpv3 -mfloat-abi=hard -I/mnt/arch/home/adi/repo/AELD_Lab_2026/as_close_as_midsem/vivado_zc_full/design_1_wrapper_dopp_WLO/export/design_1_wrapper_dopp_WLO/sw/design_1_wrapper_dopp_WLO/standalone_ps7_cortexa9_0/bspinclude/include -MMD -MP -MF"src/main.d" -MT"src/main.o" -o "src/main.o" "../src/main.c"
Finished building: ../src/main.c
 
Building target: dopp_wlo.elf
Invoking: ARM v7 gcc linker
arm-none-eabi-gcc -mcpu=cortex-a9 -mfpu=vfpv3 -mfloat-abi=hard -Wl,-build-id=none -specs=Xilinx.spec -Wl,-T -Wl,../src/lscript.ld -L/mnt/arch/home/adi/repo/AELD_Lab_2026/as_close_as_midsem/vivado_zc_full/design_1_wrapper_dopp_WLO/export/design_1_wrapper_dopp_WLO/sw/design_1_wrapper_dopp_WLO/standalone_ps7_cortexa9_0/bsplib/lib -o "dopp_wlo.elf"  ./src/main.o ./src/platform.o ./src/tw_1024.o   -lm -Wl,--start-group,-lxil,-lgcc,-lc,--end-group
Finished building target: dopp_wlo.elf
 
Invoking: ARM v7 Print Size
arm-none-eabi-size dopp_wlo.elf  |tee "dopp_wlo.elf.size"
   text	   data	    bss	    dec	    hex	filename
  88727	  21284	24131392	24241403	171e4fb	dopp_wlo.elf
Finished building: dopp_wlo.elf.size
 
