11:05:10 **** Incremental Build of configuration Debug for project zc_full_2 ****
make all 
make --no-print-directory pre-build
a9-linaro-pre-build-step
 
make --no-print-directory main-build
Building file: ../src/main.c
Invoking: ARM v7 gcc compiler
arm-none-eabi-gcc -Wall -O0 -g3 -c -fmessage-length=0 -MT"src/main.o" -mcpu=cortex-a9 -mfpu=vfpv3 -mfloat-abi=hard -I/mnt/arch/home/adi/repo/AELD_Lab_2026/as_close_as_midsem/vivado_zc_full/design_1_wrapper_2/export/design_1_wrapper_2/sw/design_1_wrapper_2/standalone_ps7_cortexa9_0/bspinclude/include -MMD -MP -MF"src/main.d" -MT"src/main.o" -o "src/main.o" "../src/main.c"
Finished building: ../src/main.c
 
Building target: zc_full_2.elf
Invoking: ARM v7 gcc linker
arm-none-eabi-gcc -mcpu=cortex-a9 -mfpu=vfpv3 -mfloat-abi=hard -Wl,-build-id=none -specs=Xilinx.spec -Wl,-T -Wl,../src/lscript.ld -L/mnt/arch/home/adi/repo/AELD_Lab_2026/as_close_as_midsem/vivado_zc_full/design_1_wrapper_2/export/design_1_wrapper_2/sw/design_1_wrapper_2/standalone_ps7_cortexa9_0/bsplib/lib -o "zc_full_2.elf"  ./src/main.o ./src/platform.o ./src/tw_1024.o   -lm -Wl,--start-group,-lxil,-lgcc,-lc,--end-group
Finished building target: zc_full_2.elf
 
Invoking: ARM v7 Print Size
arm-none-eabi-size zc_full_2.elf  |tee "zc_full_2.elf.size"
   text	   data	    bss	    dec	    hex	filename
  89223	  21220	140523296	140633739	861e68b	zc_full_2.elf
Finished building: zc_full_2.elf.size
 

11:05:11 Build Finished (took 423ms)

