

================================================================
== Vitis HLS Report for 'mul512_Pipeline_VITIS_LOOP_20_2'
================================================================
* Date:           Tue May  5 12:35:43 2026

* Version:        2022.1 (Build 3526262 on Mon Apr 18 15:47:01 MDT 2022)
* Project:        mul2_512
* Solution:       solution1 (Vivado IP Flow Target)
* Product family: zynq
* Target device:  xc7z020-clg484-1


================================================================
== Performance Estimates
================================================================
+ Timing: 
    * Summary: 
    +--------+----------+----------+------------+
    |  Clock |  Target  | Estimated| Uncertainty|
    +--------+----------+----------+------------+
    |ap_clk  |  10.00 ns|  7.256 ns|     2.70 ns|
    +--------+----------+----------+------------+

+ Latency: 
    * Summary: 
    +---------+---------+----------+----------+-----+-----+---------+
    |  Latency (cycles) |  Latency (absolute) |  Interval | Pipeline|
    |   min   |   max   |    min   |    max   | min | max |   Type  |
    +---------+---------+----------+----------+-----+-----+---------+
    |      524|      524|  5.240 us|  5.240 us|  524|  524|       no|
    +---------+---------+----------+----------+-----+-----+---------+

    + Detail: 
        * Instance: 
        N/A

        * Loop: 
        +-------------------+---------+---------+----------+-----------+-----------+------+----------+
        |                   |  Latency (cycles) | Iteration|  Initiation Interval  | Trip |          |
        |     Loop Name     |   min   |   max   |  Latency |  achieved |   target  | Count| Pipelined|
        +-------------------+---------+---------+----------+-----------+-----------+------+----------+
        |- VITIS_LOOP_20_2  |      522|      522|        12|          1|          1|   512|       yes|
        +-------------------+---------+---------+----------+-----------+-----------+------+----------+

============================================================
+ Verbose Summary: Synthesis Manager
============================================================
InlineROM: 1
ExposeGlobal: 0
============================================================
+ Verbose Summary: CDFG Model
============================================================
IsTopModel: 0
ResetActiveHigh: 1
IsCombinational: 0
IsDatapathOnly: 0
HasWiredReturn: 1
HasMFsm: 2
HasVarLatency: 1
IsPipeline: 0
IsRtlPipelined: 0
IsInstanceOverlapped: 0
IsDontTouch: 0
HasImplIP: 0
IsGatedGlobalClock: 0

+ Individual pipeline summary: 
  * Pipeline-0: initiation interval (II) = 1, depth = 12


============================================================
+ Verbose Summary: Schedule
============================================================
* Number of FSM states : 12
* Pipeline : 1
  Pipeline-0 : II = 1, D = 12, States = { 1 2 3 4 5 6 7 8 9 10 11 12 }
* Dataflow Pipeline: 0

* FSM state transitions: 
1 --> 2 
2 --> 3 
3 --> 4 
4 --> 5 
5 --> 6 
6 --> 7 
7 --> 8 
8 --> 9 
9 --> 10 
10 --> 11 
11 --> 12 
12 --> 

* FSM state operations: 

State 1 <SV = 0> <Delay = 3.35>
ST_1 : Operation 15 [1/1] (0.00ns)   --->   "%i_1 = alloca i32 1"   --->   Operation 15 'alloca' 'i_1' <Predicate = true> <Delay = 0.00>
ST_1 : Operation 16 [1/1] (1.58ns)   --->   "%store_ln0 = store i10 0, i10 %i_1"   --->   Operation 16 'store' 'store_ln0' <Predicate = true> <Delay = 1.58>
ST_1 : Operation 17 [1/1] (0.00ns)   --->   "%br_ln0 = br void %for.inc22"   --->   Operation 17 'br' 'br_ln0' <Predicate = true> <Delay = 0.00>
ST_1 : Operation 18 [1/1] (0.00ns)   --->   "%i = load i10 %i_1" [mul2_512/mul.cpp:20]   --->   Operation 18 'load' 'i' <Predicate = true> <Delay = 0.00>
ST_1 : Operation 19 [1/1] (0.00ns)   --->   "%specpipeline_ln0 = specpipeline void @_ssdm_op_SpecPipeline, i32 4294967295, i32 0, i32 1, i32 0, void @p_str"   --->   Operation 19 'specpipeline' 'specpipeline_ln0' <Predicate = true> <Delay = 0.00>
ST_1 : Operation 20 [1/1] (1.77ns)   --->   "%icmp_ln20 = icmp_eq  i10 %i, i10 512" [mul2_512/mul.cpp:20]   --->   Operation 20 'icmp' 'icmp_ln20' <Predicate = true> <Delay = 1.77> <CoreInst = "Cmp">   --->   Core 9 'Cmp' <Latency = 0> <II = 1> <Delay = 1.77> <FuncUnit> <Opcode : 'icmp'> <InPorts = 2> <OutPorts = 1>
ST_1 : Operation 21 [1/1] (0.00ns)   --->   "%empty = speclooptripcount i32 @_ssdm_op_SpecLoopTripCount, i64 512, i64 512, i64 512"   --->   Operation 21 'speclooptripcount' 'empty' <Predicate = true> <Delay = 0.00>
ST_1 : Operation 22 [1/1] (1.73ns)   --->   "%add_ln20 = add i10 %i, i10 1" [mul2_512/mul.cpp:20]   --->   Operation 22 'add' 'add_ln20' <Predicate = true> <Delay = 1.73> <CoreInst = "Adder">   --->   Core 1 'Adder' <Latency = 0> <II = 1> <Delay = 1.73> <FuncUnit> <Opcode : 'add' 'sub'> <InPorts = 2> <OutPorts = 1>
ST_1 : Operation 23 [1/1] (0.00ns)   --->   "%br_ln20 = br i1 %icmp_ln20, void %for.inc22.split, void %for.body29.preheader.exitStub" [mul2_512/mul.cpp:20]   --->   Operation 23 'br' 'br_ln20' <Predicate = true> <Delay = 0.00>
ST_1 : Operation 24 [1/1] (0.00ns)   --->   "%i_1_cast = zext i10 %i" [mul2_512/mul.cpp:20]   --->   Operation 24 'zext' 'i_1_cast' <Predicate = (!icmp_ln20)> <Delay = 0.00>
ST_1 : Operation 25 [1/1] (0.00ns)   --->   "%p_y_M_value = getelementptr i32 %zc_conj_M_value_1, i64 0, i64 %i_1_cast" [mul2_512/mul.cpp:22]   --->   Operation 25 'getelementptr' 'p_y_M_value' <Predicate = (!icmp_ln20)> <Delay = 0.00>
ST_1 : Operation 26 [1/1] (0.00ns)   --->   "%p_y_M_value_2 = getelementptr i32 %zc_conj_M_value, i64 0, i64 %i_1_cast" [mul2_512/mul.cpp:22]   --->   Operation 26 'getelementptr' 'p_y_M_value_2' <Predicate = (!icmp_ln20)> <Delay = 0.00>
ST_1 : Operation 27 [1/1] (0.00ns)   --->   "%zc_M_value_addr = getelementptr i32 %zc_M_value, i64 0, i64 %i_1_cast"   --->   Operation 27 'getelementptr' 'zc_M_value_addr' <Predicate = (!icmp_ln20)> <Delay = 0.00>
ST_1 : Operation 28 [2/2] (3.25ns)   --->   "%p_r_M_value = load i9 %zc_M_value_addr"   --->   Operation 28 'load' 'p_r_M_value' <Predicate = (!icmp_ln20)> <Delay = 3.25> <CoreInst = "RAM">   --->   Core 82 'RAM' <Latency = 1> <II = 1> <Delay = 3.25> <Storage> <Opcode : 'load' 'store'> <Ports = 2> <Width = 32> <Depth = 512> <RAM>
ST_1 : Operation 29 [1/1] (0.00ns)   --->   "%zc_M_value_1_addr = getelementptr i32 %zc_M_value_1, i64 0, i64 %i_1_cast"   --->   Operation 29 'getelementptr' 'zc_M_value_1_addr' <Predicate = (!icmp_ln20)> <Delay = 0.00>
ST_1 : Operation 30 [2/2] (3.25ns)   --->   "%p_r_M_value_1 = load i9 %zc_M_value_1_addr"   --->   Operation 30 'load' 'p_r_M_value_1' <Predicate = (!icmp_ln20)> <Delay = 3.25> <CoreInst = "RAM">   --->   Core 82 'RAM' <Latency = 1> <II = 1> <Delay = 3.25> <Storage> <Opcode : 'load' 'store'> <Ports = 2> <Width = 32> <Depth = 512> <RAM>
ST_1 : Operation 31 [2/2] (3.25ns)   --->   "%p_t = load i9 %p_y_M_value"   --->   Operation 31 'load' 'p_t' <Predicate = (!icmp_ln20)> <Delay = 3.25> <CoreInst = "ROM">   --->   Core 95 'ROM' <Latency = 1> <II = 1> <Delay = 3.25> <Storage> <Opcode : 'load'> <Ports = 0> <Width = 32> <Depth = 512> <ROM>
ST_1 : Operation 32 [2/2] (3.25ns)   --->   "%p_t_1 = load i9 %p_y_M_value_2"   --->   Operation 32 'load' 'p_t_1' <Predicate = (!icmp_ln20)> <Delay = 3.25> <CoreInst = "ROM">   --->   Core 95 'ROM' <Latency = 1> <II = 1> <Delay = 3.25> <Storage> <Opcode : 'load'> <Ports = 0> <Width = 32> <Depth = 512> <ROM>
ST_1 : Operation 33 [1/1] (1.58ns)   --->   "%store_ln20 = store i10 %add_ln20, i10 %i_1" [mul2_512/mul.cpp:20]   --->   Operation 33 'store' 'store_ln20' <Predicate = (!icmp_ln20)> <Delay = 1.58>

State 2 <SV = 1> <Delay = 3.25>
ST_2 : Operation 34 [1/2] (3.25ns)   --->   "%p_r_M_value = load i9 %zc_M_value_addr"   --->   Operation 34 'load' 'p_r_M_value' <Predicate = true> <Delay = 3.25> <CoreInst = "RAM">   --->   Core 82 'RAM' <Latency = 1> <II = 1> <Delay = 3.25> <Storage> <Opcode : 'load' 'store'> <Ports = 2> <Width = 32> <Depth = 512> <RAM>
ST_2 : Operation 35 [1/2] (3.25ns)   --->   "%p_r_M_value_1 = load i9 %zc_M_value_1_addr"   --->   Operation 35 'load' 'p_r_M_value_1' <Predicate = true> <Delay = 3.25> <CoreInst = "RAM">   --->   Core 82 'RAM' <Latency = 1> <II = 1> <Delay = 3.25> <Storage> <Opcode : 'load' 'store'> <Ports = 2> <Width = 32> <Depth = 512> <RAM>
ST_2 : Operation 36 [1/2] (3.25ns)   --->   "%p_t = load i9 %p_y_M_value"   --->   Operation 36 'load' 'p_t' <Predicate = true> <Delay = 3.25> <CoreInst = "ROM">   --->   Core 95 'ROM' <Latency = 1> <II = 1> <Delay = 3.25> <Storage> <Opcode : 'load'> <Ports = 0> <Width = 32> <Depth = 512> <ROM>
ST_2 : Operation 37 [1/2] (3.25ns)   --->   "%p_t_1 = load i9 %p_y_M_value_2"   --->   Operation 37 'load' 'p_t_1' <Predicate = true> <Delay = 3.25> <CoreInst = "ROM">   --->   Core 95 'ROM' <Latency = 1> <II = 1> <Delay = 3.25> <Storage> <Opcode : 'load'> <Ports = 0> <Width = 32> <Depth = 512> <ROM>

State 3 <SV = 2> <Delay = 5.70>
ST_3 : Operation 38 [4/4] (5.70ns)   --->   "%mul_ac_i_i = fmul i32 %p_r_M_value, i32 %p_t"   --->   Operation 38 'fmul' 'mul_ac_i_i' <Predicate = true> <Delay = 5.70> <CoreInst = "FMul_maxdsp">   --->   Core 30 'FMul_maxdsp' <Latency = 3> <II = 1> <Delay = 5.70> <FuncUnit> <Opcode : 'fmul'> <InPorts = 2> <OutPorts = 1>
ST_3 : Operation 39 [4/4] (5.70ns)   --->   "%mul_bd_i_i = fmul i32 %p_r_M_value_1, i32 %p_t_1"   --->   Operation 39 'fmul' 'mul_bd_i_i' <Predicate = true> <Delay = 5.70> <CoreInst = "FMul_maxdsp">   --->   Core 30 'FMul_maxdsp' <Latency = 3> <II = 1> <Delay = 5.70> <FuncUnit> <Opcode : 'fmul'> <InPorts = 2> <OutPorts = 1>
ST_3 : Operation 40 [4/4] (5.70ns)   --->   "%mul_ad_i_i = fmul i32 %p_r_M_value, i32 %p_t_1"   --->   Operation 40 'fmul' 'mul_ad_i_i' <Predicate = true> <Delay = 5.70> <CoreInst = "FMul_maxdsp">   --->   Core 30 'FMul_maxdsp' <Latency = 3> <II = 1> <Delay = 5.70> <FuncUnit> <Opcode : 'fmul'> <InPorts = 2> <OutPorts = 1>
ST_3 : Operation 41 [4/4] (5.70ns)   --->   "%mul_bc_i_i = fmul i32 %p_r_M_value_1, i32 %p_t"   --->   Operation 41 'fmul' 'mul_bc_i_i' <Predicate = true> <Delay = 5.70> <CoreInst = "FMul_maxdsp">   --->   Core 30 'FMul_maxdsp' <Latency = 3> <II = 1> <Delay = 5.70> <FuncUnit> <Opcode : 'fmul'> <InPorts = 2> <OutPorts = 1>

State 4 <SV = 3> <Delay = 5.70>
ST_4 : Operation 42 [3/4] (5.70ns)   --->   "%mul_ac_i_i = fmul i32 %p_r_M_value, i32 %p_t"   --->   Operation 42 'fmul' 'mul_ac_i_i' <Predicate = true> <Delay = 5.70> <CoreInst = "FMul_maxdsp">   --->   Core 30 'FMul_maxdsp' <Latency = 3> <II = 1> <Delay = 5.70> <FuncUnit> <Opcode : 'fmul'> <InPorts = 2> <OutPorts = 1>
ST_4 : Operation 43 [3/4] (5.70ns)   --->   "%mul_bd_i_i = fmul i32 %p_r_M_value_1, i32 %p_t_1"   --->   Operation 43 'fmul' 'mul_bd_i_i' <Predicate = true> <Delay = 5.70> <CoreInst = "FMul_maxdsp">   --->   Core 30 'FMul_maxdsp' <Latency = 3> <II = 1> <Delay = 5.70> <FuncUnit> <Opcode : 'fmul'> <InPorts = 2> <OutPorts = 1>
ST_4 : Operation 44 [3/4] (5.70ns)   --->   "%mul_ad_i_i = fmul i32 %p_r_M_value, i32 %p_t_1"   --->   Operation 44 'fmul' 'mul_ad_i_i' <Predicate = true> <Delay = 5.70> <CoreInst = "FMul_maxdsp">   --->   Core 30 'FMul_maxdsp' <Latency = 3> <II = 1> <Delay = 5.70> <FuncUnit> <Opcode : 'fmul'> <InPorts = 2> <OutPorts = 1>
ST_4 : Operation 45 [3/4] (5.70ns)   --->   "%mul_bc_i_i = fmul i32 %p_r_M_value_1, i32 %p_t"   --->   Operation 45 'fmul' 'mul_bc_i_i' <Predicate = true> <Delay = 5.70> <CoreInst = "FMul_maxdsp">   --->   Core 30 'FMul_maxdsp' <Latency = 3> <II = 1> <Delay = 5.70> <FuncUnit> <Opcode : 'fmul'> <InPorts = 2> <OutPorts = 1>

State 5 <SV = 4> <Delay = 5.70>
ST_5 : Operation 46 [2/4] (5.70ns)   --->   "%mul_ac_i_i = fmul i32 %p_r_M_value, i32 %p_t"   --->   Operation 46 'fmul' 'mul_ac_i_i' <Predicate = true> <Delay = 5.70> <CoreInst = "FMul_maxdsp">   --->   Core 30 'FMul_maxdsp' <Latency = 3> <II = 1> <Delay = 5.70> <FuncUnit> <Opcode : 'fmul'> <InPorts = 2> <OutPorts = 1>
ST_5 : Operation 47 [2/4] (5.70ns)   --->   "%mul_bd_i_i = fmul i32 %p_r_M_value_1, i32 %p_t_1"   --->   Operation 47 'fmul' 'mul_bd_i_i' <Predicate = true> <Delay = 5.70> <CoreInst = "FMul_maxdsp">   --->   Core 30 'FMul_maxdsp' <Latency = 3> <II = 1> <Delay = 5.70> <FuncUnit> <Opcode : 'fmul'> <InPorts = 2> <OutPorts = 1>
ST_5 : Operation 48 [2/4] (5.70ns)   --->   "%mul_ad_i_i = fmul i32 %p_r_M_value, i32 %p_t_1"   --->   Operation 48 'fmul' 'mul_ad_i_i' <Predicate = true> <Delay = 5.70> <CoreInst = "FMul_maxdsp">   --->   Core 30 'FMul_maxdsp' <Latency = 3> <II = 1> <Delay = 5.70> <FuncUnit> <Opcode : 'fmul'> <InPorts = 2> <OutPorts = 1>
ST_5 : Operation 49 [2/4] (5.70ns)   --->   "%mul_bc_i_i = fmul i32 %p_r_M_value_1, i32 %p_t"   --->   Operation 49 'fmul' 'mul_bc_i_i' <Predicate = true> <Delay = 5.70> <CoreInst = "FMul_maxdsp">   --->   Core 30 'FMul_maxdsp' <Latency = 3> <II = 1> <Delay = 5.70> <FuncUnit> <Opcode : 'fmul'> <InPorts = 2> <OutPorts = 1>

State 6 <SV = 5> <Delay = 5.70>
ST_6 : Operation 50 [1/4] (5.70ns)   --->   "%mul_ac_i_i = fmul i32 %p_r_M_value, i32 %p_t"   --->   Operation 50 'fmul' 'mul_ac_i_i' <Predicate = true> <Delay = 5.70> <CoreInst = "FMul_maxdsp">   --->   Core 30 'FMul_maxdsp' <Latency = 3> <II = 1> <Delay = 5.70> <FuncUnit> <Opcode : 'fmul'> <InPorts = 2> <OutPorts = 1>
ST_6 : Operation 51 [1/4] (5.70ns)   --->   "%mul_bd_i_i = fmul i32 %p_r_M_value_1, i32 %p_t_1"   --->   Operation 51 'fmul' 'mul_bd_i_i' <Predicate = true> <Delay = 5.70> <CoreInst = "FMul_maxdsp">   --->   Core 30 'FMul_maxdsp' <Latency = 3> <II = 1> <Delay = 5.70> <FuncUnit> <Opcode : 'fmul'> <InPorts = 2> <OutPorts = 1>
ST_6 : Operation 52 [1/4] (5.70ns)   --->   "%mul_ad_i_i = fmul i32 %p_r_M_value, i32 %p_t_1"   --->   Operation 52 'fmul' 'mul_ad_i_i' <Predicate = true> <Delay = 5.70> <CoreInst = "FMul_maxdsp">   --->   Core 30 'FMul_maxdsp' <Latency = 3> <II = 1> <Delay = 5.70> <FuncUnit> <Opcode : 'fmul'> <InPorts = 2> <OutPorts = 1>
ST_6 : Operation 53 [1/4] (5.70ns)   --->   "%mul_bc_i_i = fmul i32 %p_r_M_value_1, i32 %p_t"   --->   Operation 53 'fmul' 'mul_bc_i_i' <Predicate = true> <Delay = 5.70> <CoreInst = "FMul_maxdsp">   --->   Core 30 'FMul_maxdsp' <Latency = 3> <II = 1> <Delay = 5.70> <FuncUnit> <Opcode : 'fmul'> <InPorts = 2> <OutPorts = 1>

State 7 <SV = 6> <Delay = 7.25>
ST_7 : Operation 54 [5/5] (7.25ns)   --->   "%p_r_M_value_2 = fsub i32 %mul_ac_i_i, i32 %mul_bd_i_i"   --->   Operation 54 'fsub' 'p_r_M_value_2' <Predicate = true> <Delay = 7.25> <CoreInst = "FAddSub_fulldsp">   --->   Core 18 'FAddSub_fulldsp' <Latency = 4> <II = 1> <Delay = 7.25> <FuncUnit> <Opcode : 'fadd' 'fsub'> <InPorts = 2> <OutPorts = 1>
ST_7 : Operation 55 [5/5] (7.25ns)   --->   "%p_r_M_value_3 = fadd i32 %mul_ad_i_i, i32 %mul_bc_i_i"   --->   Operation 55 'fadd' 'p_r_M_value_3' <Predicate = true> <Delay = 7.25> <CoreInst = "FAddSub_fulldsp">   --->   Core 18 'FAddSub_fulldsp' <Latency = 4> <II = 1> <Delay = 7.25> <FuncUnit> <Opcode : 'fadd' 'fsub'> <InPorts = 2> <OutPorts = 1>

State 8 <SV = 7> <Delay = 7.25>
ST_8 : Operation 56 [4/5] (7.25ns)   --->   "%p_r_M_value_2 = fsub i32 %mul_ac_i_i, i32 %mul_bd_i_i"   --->   Operation 56 'fsub' 'p_r_M_value_2' <Predicate = true> <Delay = 7.25> <CoreInst = "FAddSub_fulldsp">   --->   Core 18 'FAddSub_fulldsp' <Latency = 4> <II = 1> <Delay = 7.25> <FuncUnit> <Opcode : 'fadd' 'fsub'> <InPorts = 2> <OutPorts = 1>
ST_8 : Operation 57 [4/5] (7.25ns)   --->   "%p_r_M_value_3 = fadd i32 %mul_ad_i_i, i32 %mul_bc_i_i"   --->   Operation 57 'fadd' 'p_r_M_value_3' <Predicate = true> <Delay = 7.25> <CoreInst = "FAddSub_fulldsp">   --->   Core 18 'FAddSub_fulldsp' <Latency = 4> <II = 1> <Delay = 7.25> <FuncUnit> <Opcode : 'fadd' 'fsub'> <InPorts = 2> <OutPorts = 1>

State 9 <SV = 8> <Delay = 7.25>
ST_9 : Operation 58 [3/5] (7.25ns)   --->   "%p_r_M_value_2 = fsub i32 %mul_ac_i_i, i32 %mul_bd_i_i"   --->   Operation 58 'fsub' 'p_r_M_value_2' <Predicate = true> <Delay = 7.25> <CoreInst = "FAddSub_fulldsp">   --->   Core 18 'FAddSub_fulldsp' <Latency = 4> <II = 1> <Delay = 7.25> <FuncUnit> <Opcode : 'fadd' 'fsub'> <InPorts = 2> <OutPorts = 1>
ST_9 : Operation 59 [3/5] (7.25ns)   --->   "%p_r_M_value_3 = fadd i32 %mul_ad_i_i, i32 %mul_bc_i_i"   --->   Operation 59 'fadd' 'p_r_M_value_3' <Predicate = true> <Delay = 7.25> <CoreInst = "FAddSub_fulldsp">   --->   Core 18 'FAddSub_fulldsp' <Latency = 4> <II = 1> <Delay = 7.25> <FuncUnit> <Opcode : 'fadd' 'fsub'> <InPorts = 2> <OutPorts = 1>

State 10 <SV = 9> <Delay = 7.25>
ST_10 : Operation 60 [2/5] (7.25ns)   --->   "%p_r_M_value_2 = fsub i32 %mul_ac_i_i, i32 %mul_bd_i_i"   --->   Operation 60 'fsub' 'p_r_M_value_2' <Predicate = true> <Delay = 7.25> <CoreInst = "FAddSub_fulldsp">   --->   Core 18 'FAddSub_fulldsp' <Latency = 4> <II = 1> <Delay = 7.25> <FuncUnit> <Opcode : 'fadd' 'fsub'> <InPorts = 2> <OutPorts = 1>
ST_10 : Operation 61 [2/5] (7.25ns)   --->   "%p_r_M_value_3 = fadd i32 %mul_ad_i_i, i32 %mul_bc_i_i"   --->   Operation 61 'fadd' 'p_r_M_value_3' <Predicate = true> <Delay = 7.25> <CoreInst = "FAddSub_fulldsp">   --->   Core 18 'FAddSub_fulldsp' <Latency = 4> <II = 1> <Delay = 7.25> <FuncUnit> <Opcode : 'fadd' 'fsub'> <InPorts = 2> <OutPorts = 1>

State 11 <SV = 10> <Delay = 7.25>
ST_11 : Operation 62 [1/5] (7.25ns)   --->   "%p_r_M_value_2 = fsub i32 %mul_ac_i_i, i32 %mul_bd_i_i"   --->   Operation 62 'fsub' 'p_r_M_value_2' <Predicate = true> <Delay = 7.25> <CoreInst = "FAddSub_fulldsp">   --->   Core 18 'FAddSub_fulldsp' <Latency = 4> <II = 1> <Delay = 7.25> <FuncUnit> <Opcode : 'fadd' 'fsub'> <InPorts = 2> <OutPorts = 1>
ST_11 : Operation 63 [1/5] (7.25ns)   --->   "%p_r_M_value_3 = fadd i32 %mul_ad_i_i, i32 %mul_bc_i_i"   --->   Operation 63 'fadd' 'p_r_M_value_3' <Predicate = true> <Delay = 7.25> <CoreInst = "FAddSub_fulldsp">   --->   Core 18 'FAddSub_fulldsp' <Latency = 4> <II = 1> <Delay = 7.25> <FuncUnit> <Opcode : 'fadd' 'fsub'> <InPorts = 2> <OutPorts = 1>
ST_11 : Operation 70 [1/1] (0.00ns)   --->   "%ret_ln0 = ret"   --->   Operation 70 'ret' 'ret_ln0' <Predicate = (icmp_ln20)> <Delay = 0.00>

State 12 <SV = 11> <Delay = 3.25>
ST_12 : Operation 64 [1/1] (0.00ns)   --->   "%specloopname_ln20 = specloopname void @_ssdm_op_SpecLoopName, void @empty_5" [mul2_512/mul.cpp:20]   --->   Operation 64 'specloopname' 'specloopname_ln20' <Predicate = true> <Delay = 0.00>
ST_12 : Operation 65 [1/1] (0.00ns)   --->   "%output_zc_M_value_addr = getelementptr i32 %output_zc_M_value, i64 0, i64 %i_1_cast" [mul2_512/mul.cpp:22]   --->   Operation 65 'getelementptr' 'output_zc_M_value_addr' <Predicate = true> <Delay = 0.00>
ST_12 : Operation 66 [1/1] (3.25ns)   --->   "%store_ln22 = store i32 %p_r_M_value_2, i9 %output_zc_M_value_addr" [mul2_512/mul.cpp:22]   --->   Operation 66 'store' 'store_ln22' <Predicate = true> <Delay = 3.25> <CoreInst = "RAM">   --->   Core 82 'RAM' <Latency = 1> <II = 1> <Delay = 3.25> <Storage> <Opcode : 'load' 'store'> <Ports = 2> <Width = 32> <Depth = 512> <RAM>
ST_12 : Operation 67 [1/1] (0.00ns)   --->   "%output_zc_M_value_1_addr = getelementptr i32 %output_zc_M_value_1, i64 0, i64 %i_1_cast" [mul2_512/mul.cpp:22]   --->   Operation 67 'getelementptr' 'output_zc_M_value_1_addr' <Predicate = true> <Delay = 0.00>
ST_12 : Operation 68 [1/1] (3.25ns)   --->   "%store_ln22 = store i32 %p_r_M_value_3, i9 %output_zc_M_value_1_addr" [mul2_512/mul.cpp:22]   --->   Operation 68 'store' 'store_ln22' <Predicate = true> <Delay = 3.25> <CoreInst = "RAM">   --->   Core 82 'RAM' <Latency = 1> <II = 1> <Delay = 3.25> <Storage> <Opcode : 'load' 'store'> <Ports = 2> <Width = 32> <Depth = 512> <RAM>
ST_12 : Operation 69 [1/1] (0.00ns)   --->   "%br_ln20 = br void %for.inc22" [mul2_512/mul.cpp:20]   --->   Operation 69 'br' 'br_ln20' <Predicate = true> <Delay = 0.00>


============================================================
+ Verbose Summary: Timing violations
============================================================
Target clock period: 10ns, clock uncertainty: 2.7ns.

 <State 1>: 3.36ns
The critical path consists of the following:
	'alloca' operation ('i') [7]  (0 ns)
	'load' operation ('i', mul2_512/mul.cpp:20) on local variable 'i' [11]  (0 ns)
	'add' operation ('add_ln20', mul2_512/mul.cpp:20) [15]  (1.73 ns)
	'store' operation ('store_ln20', mul2_512/mul.cpp:20) of variable 'add_ln20', mul2_512/mul.cpp:20 on local variable 'i' [38]  (1.59 ns)
	blocking operation 0.0395 ns on control path)

 <State 2>: 3.25ns
The critical path consists of the following:
	'load' operation ('__r._M_value') on array 'zc_M_value' [23]  (3.25 ns)

 <State 3>: 5.7ns
The critical path consists of the following:
	'fmul' operation ('mul_ac_i_i') [28]  (5.7 ns)

 <State 4>: 5.7ns
The critical path consists of the following:
	'fmul' operation ('mul_ac_i_i') [28]  (5.7 ns)

 <State 5>: 5.7ns
The critical path consists of the following:
	'fmul' operation ('mul_ac_i_i') [28]  (5.7 ns)

 <State 6>: 5.7ns
The critical path consists of the following:
	'fmul' operation ('mul_ac_i_i') [28]  (5.7 ns)

 <State 7>: 7.26ns
The critical path consists of the following:
	'fsub' operation ('__r._M_value') [32]  (7.26 ns)

 <State 8>: 7.26ns
The critical path consists of the following:
	'fsub' operation ('__r._M_value') [32]  (7.26 ns)

 <State 9>: 7.26ns
The critical path consists of the following:
	'fsub' operation ('__r._M_value') [32]  (7.26 ns)

 <State 10>: 7.26ns
The critical path consists of the following:
	'fsub' operation ('__r._M_value') [32]  (7.26 ns)

 <State 11>: 7.26ns
The critical path consists of the following:
	'fsub' operation ('__r._M_value') [32]  (7.26 ns)

 <State 12>: 3.25ns
The critical path consists of the following:
	'getelementptr' operation ('output_zc_M_value_addr', mul2_512/mul.cpp:22) [34]  (0 ns)
	'store' operation ('store_ln22', mul2_512/mul.cpp:22) of variable '__r._M_value' on array 'output_zc_M_value' [35]  (3.25 ns)


============================================================
+ Verbose Summary: Binding
============================================================
N/A
* FSMD analyzer results:
  - Output states:
 - Input state : 
  - Chain level:
	State 1
	State 2
	State 3
	State 4
	State 5
	State 6
	State 7
	State 8
	State 9
	State 10
	State 11
	State 12


============================================================
+ Verbose Summary: Datapath Resource usage 
============================================================
N/A
