

================================================================
== Vitis HLS Report for 'fft_fast'
================================================================
* Date:           Tue May  5 17:02:23 2026

* Version:        2022.1 (Build 3526262 on Mon Apr 18 15:48:16 MDT 2022)
* Project:        fft_project_wlo
* Solution:       solution1 (Vivado IP Flow Target)
* Product family: zynq
* Target device:  xc7z020-clg484-1


================================================================
== Performance Estimates
================================================================
+ Timing: 
    * Summary: 
    +--------+----------+----------+------------+
    |  Clock |  Target  | Estimated| Uncertainty|
    +--------+----------+----------+------------+
    |ap_clk  |  10.00 ns|  6.915 ns|     2.70 ns|
    +--------+----------+----------+------------+

+ Latency: 
    * Summary: 
    +---------+---------+----------+----------+-----+-----+---------+
    |  Latency (cycles) |  Latency (absolute) |  Interval | Pipeline|
    |   min   |   max   |    min   |    max   | min | max |   Type  |
    +---------+---------+----------+----------+-----+-----+---------+
    |        ?|        ?|         ?|         ?|    ?|    ?|       no|
    +---------+---------+----------+----------+-----+-----+---------+

    + Detail: 
        * Instance: 
        N/A

        * Loop: 
        +--------------------+---------+---------+-----------+-----------+-----------+------+----------+
        |                    |  Latency (cycles) | Iteration |  Initiation Interval  | Trip |          |
        |      Loop Name     |   min   |   max   |  Latency  |  achieved |   target  | Count| Pipelined|
        +--------------------+---------+---------+-----------+-----------+-----------+------+----------+
        |- VITIS_LOOP_17_2   |        ?|        ?|          ?|          -|          -|    10|        no|
        | + VITIS_LOOP_20_3  |        ?|        ?|  11 ~ 3077|          -|          -|     ?|        no|
        +--------------------+---------+---------+-----------+-----------+-----------+------+----------+

============================================================
+ Verbose Summary: Synthesis Manager
============================================================
InlineROM: 1
ExposeGlobal: 0
============================================================
+ Verbose Summary: CDFG Model
============================================================
IsTopModel: 0
ResetActiveHigh: 1
IsCombinational: 0
IsDatapathOnly: 0
HasWiredReturn: 1
HasMFsm: 0
HasVarLatency: 1
IsPipeline: 0
IsRtlPipelined: 0
IsInstanceOverlapped: 0
IsDontTouch: 0
HasImplIP: 0
IsGatedGlobalClock: 0


============================================================
+ Verbose Summary: Schedule
============================================================
* Number of FSM states : 6
* Pipeline : 0
* Dataflow Pipeline: 0

* FSM state transitions: 
1 --> 2 
2 --> 3 
3 --> 4 
4 --> 5 3 
5 --> 6 
6 --> 4 

* FSM state operations: 

State 1 <SV = 0> <Delay = 1.58>
ST_1 : Operation 7 [1/1] (0.00ns)   --->   "%ti = alloca i32 1"   --->   Operation 7 'alloca' 'ti' <Predicate = true> <Delay = 0.00>
ST_1 : Operation 8 [1/1] (0.00ns)   --->   "%s = alloca i32 1"   --->   Operation 8 'alloca' 's' <Predicate = true> <Delay = 0.00>
ST_1 : Operation 9 [2/2] (0.00ns)   --->   "%call_ln0 = call void @fft_fast_Pipeline_VITIS_LOOP_7_1, i26 %x_M_real, i26 %x_M_imag, i10 %br_lut"   --->   Operation 9 'call' 'call_ln0' <Predicate = true> <Delay = 0.00> <CoreType = "Generic">   --->   Core 0 '' <Latency = 0> <II = 1> <Delay = 1.00> <Generic> <Opcode : >
ST_1 : Operation 10 [1/1] (1.58ns)   --->   "%store_ln17 = store i4 1, i4 %s" [fft_project_wlo/fft.cpp:17]   --->   Operation 10 'store' 'store_ln17' <Predicate = true> <Delay = 1.58>
ST_1 : Operation 11 [1/1] (1.58ns)   --->   "%store_ln17 = store i13 0, i13 %ti" [fft_project_wlo/fft.cpp:17]   --->   Operation 11 'store' 'store_ln17' <Predicate = true> <Delay = 1.58>

State 2 <SV = 1> <Delay = 0.00>
ST_2 : Operation 12 [1/2] (0.00ns)   --->   "%call_ln0 = call void @fft_fast_Pipeline_VITIS_LOOP_7_1, i26 %x_M_real, i26 %x_M_imag, i10 %br_lut"   --->   Operation 12 'call' 'call_ln0' <Predicate = true> <Delay = 0.00> <CoreType = "Generic">   --->   Core 0 '' <Latency = 0> <II = 1> <Delay = 1.00> <Generic> <Opcode : >
ST_2 : Operation 13 [1/1] (0.00ns)   --->   "%br_ln17 = br void %VITIS_LOOP_20_3" [fft_project_wlo/fft.cpp:17]   --->   Operation 13 'br' 'br_ln17' <Predicate = true> <Delay = 0.00>

State 3 <SV = 2> <Delay = 2.39>
ST_3 : Operation 14 [1/1] (0.00ns)   --->   "%s_2 = load i4 %s" [fft_project_wlo/fft.cpp:17]   --->   Operation 14 'load' 's_2' <Predicate = true> <Delay = 0.00>
ST_3 : Operation 15 [1/1] (1.30ns)   --->   "%icmp_ln17 = icmp_eq  i4 %s_2, i4 11" [fft_project_wlo/fft.cpp:17]   --->   Operation 15 'icmp' 'icmp_ln17' <Predicate = true> <Delay = 1.30> <CoreInst = "Cmp">   --->   Core 9 'Cmp' <Latency = 0> <II = 1> <Delay = 1.30> <FuncUnit> <Opcode : 'icmp'> <InPorts = 2> <OutPorts = 1>
ST_3 : Operation 16 [1/1] (0.00ns)   --->   "%empty = speclooptripcount i32 @_ssdm_op_SpecLoopTripCount, i64 10, i64 10, i64 10"   --->   Operation 16 'speclooptripcount' 'empty' <Predicate = true> <Delay = 0.00>
ST_3 : Operation 17 [1/1] (0.00ns)   --->   "%br_ln17 = br i1 %icmp_ln17, void %VITIS_LOOP_20_3.split, void %for.end62" [fft_project_wlo/fft.cpp:17]   --->   Operation 17 'br' 'br_ln17' <Predicate = true> <Delay = 0.00>
ST_3 : Operation 18 [1/1] (0.00ns)   --->   "%ti_load = load i13 %ti" [fft_project_wlo/fft.cpp:20]   --->   Operation 18 'load' 'ti_load' <Predicate = (!icmp_ln17)> <Delay = 0.00>
ST_3 : Operation 19 [1/1] (0.00ns)   --->   "%zext_ln17 = zext i4 %s_2" [fft_project_wlo/fft.cpp:17]   --->   Operation 19 'zext' 'zext_ln17' <Predicate = (!icmp_ln17)> <Delay = 0.00>
ST_3 : Operation 20 [1/1] (0.00ns)   --->   "%specloopname_ln16 = specloopname void @_ssdm_op_SpecLoopName, void @empty_10" [fft_project_wlo/fft.cpp:16]   --->   Operation 20 'specloopname' 'specloopname_ln16' <Predicate = (!icmp_ln17)> <Delay = 0.00>
ST_3 : Operation 21 [1/1] (2.39ns)   --->   "%m = shl i11 1, i11 %zext_ln17" [fft_project_wlo/fft.cpp:18]   --->   Operation 21 'shl' 'm' <Predicate = (!icmp_ln17)> <Delay = 2.39> <CoreInst = "Shifter">   --->   Core 75 'Shifter' <Latency = 0> <II = 1> <Delay = 2.39> <FuncUnit> <Opcode : 'shl' 'lshr' 'ashr'> <InPorts = 2> <OutPorts = 1>
ST_3 : Operation 22 [1/1] (0.00ns)   --->   "%m2 = partselect i10 @_ssdm_op_PartSelect.i10.i11.i32.i32, i11 %m, i32 1, i32 10" [fft_project_wlo/fft.cpp:19]   --->   Operation 22 'partselect' 'm2' <Predicate = (!icmp_ln17)> <Delay = 0.00>
ST_3 : Operation 23 [1/1] (0.00ns)   --->   "%zext_ln19 = zext i10 %m2" [fft_project_wlo/fft.cpp:19]   --->   Operation 23 'zext' 'zext_ln19' <Predicate = (!icmp_ln17)> <Delay = 0.00>
ST_3 : Operation 24 [1/1] (0.00ns)   --->   "%trunc_ln20 = trunc i13 %ti_load" [fft_project_wlo/fft.cpp:20]   --->   Operation 24 'trunc' 'trunc_ln20' <Predicate = (!icmp_ln17)> <Delay = 0.00>
ST_3 : Operation 25 [1/1] (0.00ns)   --->   "%zext_ln20 = zext i11 %m" [fft_project_wlo/fft.cpp:20]   --->   Operation 25 'zext' 'zext_ln20' <Predicate = (!icmp_ln17)> <Delay = 0.00>
ST_3 : Operation 26 [1/1] (1.58ns)   --->   "%br_ln20 = br void %for.cond14" [fft_project_wlo/fft.cpp:20]   --->   Operation 26 'br' 'br_ln20' <Predicate = (!icmp_ln17)> <Delay = 1.58>
ST_3 : Operation 27 [1/1] (0.00ns)   --->   "%ret_ln35 = ret" [fft_project_wlo/fft.cpp:35]   --->   Operation 27 'ret' 'ret_ln35' <Predicate = (icmp_ln17)> <Delay = 0.00>

State 4 <SV = 3> <Delay = 4.46>
ST_4 : Operation 28 [1/1] (0.00ns)   --->   "%k = phi i64 %add_ln20, void %VITIS_LOOP_21_4, i64 0, void %VITIS_LOOP_20_3.split" [fft_project_wlo/fft.cpp:20]   --->   Operation 28 'phi' 'k' <Predicate = true> <Delay = 0.00>
ST_4 : Operation 29 [1/1] (0.00ns)   --->   "%tmp = partselect i54 @_ssdm_op_PartSelect.i54.i64.i32.i32, i64 %k, i32 10, i32 63" [fft_project_wlo/fft.cpp:20]   --->   Operation 29 'partselect' 'tmp' <Predicate = true> <Delay = 0.00>
ST_4 : Operation 30 [1/1] (2.87ns)   --->   "%icmp_ln20 = icmp_slt  i54 %tmp, i54 1" [fft_project_wlo/fft.cpp:20]   --->   Operation 30 'icmp' 'icmp_ln20' <Predicate = true> <Delay = 2.87> <CoreInst = "Cmp">   --->   Core 9 'Cmp' <Latency = 0> <II = 1> <Delay = 2.87> <FuncUnit> <Opcode : 'icmp'> <InPorts = 2> <OutPorts = 1>
ST_4 : Operation 31 [1/1] (0.00ns)   --->   "%br_ln20 = br i1 %icmp_ln20, void %for.inc60, void %VITIS_LOOP_21_4" [fft_project_wlo/fft.cpp:20]   --->   Operation 31 'br' 'br_ln20' <Predicate = true> <Delay = 0.00>
ST_4 : Operation 32 [1/1] (0.00ns)   --->   "%trunc_ln20_1 = trunc i64 %k" [fft_project_wlo/fft.cpp:20]   --->   Operation 32 'trunc' 'trunc_ln20_1' <Predicate = (icmp_ln20)> <Delay = 0.00>
ST_4 : Operation 33 [1/1] (3.52ns)   --->   "%add_ln20 = add i64 %zext_ln20, i64 %k" [fft_project_wlo/fft.cpp:20]   --->   Operation 33 'add' 'add_ln20' <Predicate = (icmp_ln20)> <Delay = 3.52> <CoreInst = "Adder">   --->   Core 1 'Adder' <Latency = 0> <II = 1> <Delay = 3.52> <FuncUnit> <Opcode : 'add' 'sub'> <InPorts = 2> <OutPorts = 1>
ST_4 : Operation 34 [1/1] (0.00ns)   --->   "%ti_load_1 = load i13 %ti" [fft_project_wlo/fft.cpp:33]   --->   Operation 34 'load' 'ti_load_1' <Predicate = (!icmp_ln20)> <Delay = 0.00>
ST_4 : Operation 35 [1/1] (1.67ns)   --->   "%ti_1 = add i13 %zext_ln19, i13 %ti_load_1" [fft_project_wlo/fft.cpp:33]   --->   Operation 35 'add' 'ti_1' <Predicate = (!icmp_ln20)> <Delay = 1.67> <CoreInst = "Adder">   --->   Core 1 'Adder' <Latency = 0> <II = 1> <Delay = 1.67> <FuncUnit> <Opcode : 'add' 'sub'> <InPorts = 2> <OutPorts = 1>
ST_4 : Operation 36 [1/1] (1.73ns)   --->   "%s_3 = add i4 %s_2, i4 1" [fft_project_wlo/fft.cpp:17]   --->   Operation 36 'add' 's_3' <Predicate = (!icmp_ln20)> <Delay = 1.73> <CoreInst = "Adder">   --->   Core 1 'Adder' <Latency = 0> <II = 1> <Delay = 1.73> <FuncUnit> <Opcode : 'add' 'sub'> <InPorts = 2> <OutPorts = 1>
ST_4 : Operation 37 [1/1] (1.58ns)   --->   "%store_ln17 = store i4 %s_3, i4 %s" [fft_project_wlo/fft.cpp:17]   --->   Operation 37 'store' 'store_ln17' <Predicate = (!icmp_ln20)> <Delay = 1.58>
ST_4 : Operation 38 [1/1] (1.58ns)   --->   "%store_ln17 = store i13 %ti_1, i13 %ti" [fft_project_wlo/fft.cpp:17]   --->   Operation 38 'store' 'store_ln17' <Predicate = (!icmp_ln20)> <Delay = 1.58>
ST_4 : Operation 39 [1/1] (0.00ns)   --->   "%br_ln17 = br void %VITIS_LOOP_20_3" [fft_project_wlo/fft.cpp:17]   --->   Operation 39 'br' 'br_ln17' <Predicate = (!icmp_ln20)> <Delay = 0.00>

State 5 <SV = 4> <Delay = 6.71>
ST_5 : Operation 40 [2/2] (6.71ns)   --->   "%call_ln19 = call void @fft_fast_Pipeline_VITIS_LOOP_21_4, i10 %m2, i10 %trunc_ln20, i10 %trunc_ln20_1, i26 %x_M_real, i26 %x_M_imag, i24 %tw_M_real_V, i24 %tw_M_imag_V" [fft_project_wlo/fft.cpp:19]   --->   Operation 40 'call' 'call_ln19' <Predicate = true> <Delay = 6.71> <CoreType = "Generic">   --->   Core 0 '' <Latency = 0> <II = 1> <Delay = 1.00> <Generic> <Opcode : >

State 6 <SV = 5> <Delay = 0.00>
ST_6 : Operation 41 [1/1] (0.00ns)   --->   "%specloopname_ln21 = specloopname void @_ssdm_op_SpecLoopName, void @empty_9" [fft_project_wlo/fft.cpp:21]   --->   Operation 41 'specloopname' 'specloopname_ln21' <Predicate = true> <Delay = 0.00>
ST_6 : Operation 42 [1/2] (0.00ns)   --->   "%call_ln19 = call void @fft_fast_Pipeline_VITIS_LOOP_21_4, i10 %m2, i10 %trunc_ln20, i10 %trunc_ln20_1, i26 %x_M_real, i26 %x_M_imag, i24 %tw_M_real_V, i24 %tw_M_imag_V" [fft_project_wlo/fft.cpp:19]   --->   Operation 42 'call' 'call_ln19' <Predicate = true> <Delay = 0.00> <CoreType = "Generic">   --->   Core 0 '' <Latency = 0> <II = 1> <Delay = 1.00> <Generic> <Opcode : >
ST_6 : Operation 43 [1/1] (0.00ns)   --->   "%br_ln20 = br void %for.cond14" [fft_project_wlo/fft.cpp:20]   --->   Operation 43 'br' 'br_ln20' <Predicate = true> <Delay = 0.00>


============================================================
+ Verbose Summary: Timing violations
============================================================
Target clock period: 10ns, clock uncertainty: 2.7ns.

 <State 1>: 1.59ns
The critical path consists of the following:
	'alloca' operation ('s') [7]  (0 ns)
	'store' operation ('store_ln17', fft_project_wlo/fft.cpp:17) of constant 1 on local variable 's' [9]  (1.59 ns)

 <State 2>: 0ns
The critical path consists of the following:

 <State 3>: 2.4ns
The critical path consists of the following:
	'load' operation ('s', fft_project_wlo/fft.cpp:17) on local variable 's' [13]  (0 ns)
	'shl' operation ('m', fft_project_wlo/fft.cpp:18) [21]  (2.4 ns)

 <State 4>: 4.46ns
The critical path consists of the following:
	'phi' operation ('k', fft_project_wlo/fft.cpp:20) with incoming values : ('add_ln20', fft_project_wlo/fft.cpp:20) [28]  (0 ns)
	'add' operation ('add_ln20', fft_project_wlo/fft.cpp:20) [36]  (3.52 ns)
	blocking operation 0.943 ns on control path)

 <State 5>: 6.72ns
The critical path consists of the following:
	'call' operation ('call_ln19', fft_project_wlo/fft.cpp:19) to 'fft_fast_Pipeline_VITIS_LOOP_21_4' [35]  (6.72 ns)

 <State 6>: 0ns
The critical path consists of the following:


============================================================
+ Verbose Summary: Binding
============================================================
N/A
* FSMD analyzer results:
  - Output states:
 - Input state : 
  - Chain level:
	State 1
	State 2
	State 3
	State 4
	State 5
	State 6


============================================================
+ Verbose Summary: Datapath Resource usage 
============================================================
N/A
