

================================================================
== Vitis HLS Report for 'trigger_ip'
================================================================
* Date:           Tue May  5 11:13:00 2026

* Version:        2022.1 (Build 3526262 on Mon Apr 18 15:47:01 MDT 2022)
* Project:        project_trigger_ip
* Solution:       solution1 (Vivado IP Flow Target)
* Product family: zynq
* Target device:  xc7z020-clg484-1


================================================================
== Performance Estimates
================================================================
+ Timing: 
    * Summary: 
    +--------+----------+----------+------------+
    |  Clock |  Target  | Estimated| Uncertainty|
    +--------+----------+----------+------------+
    |ap_clk  |  10.00 ns|  4.995 ns|     2.70 ns|
    +--------+----------+----------+------------+

+ Latency: 
    * Summary: 
    +---------+---------+-----------+-----------+-----+-----+---------+
    |  Latency (cycles) |   Latency (absolute)  |  Interval | Pipeline|
    |   min   |   max   |    min    |    max    | min | max |   Type  |
    +---------+---------+-----------+-----------+-----+-----+---------+
    |        2|        2|  20.000 ns|  20.000 ns|    1|    1|      yes|
    +---------+---------+-----------+-----------+-----+-----+---------+

    + Detail: 
        * Instance: 
        N/A

        * Loop: 
        N/A



================================================================
== Utilization Estimates
================================================================
* Summary: 
+-----------------+---------+-----+--------+-------+-----+
|       Name      | BRAM_18K| DSP |   FF   |  LUT  | URAM|
+-----------------+---------+-----+--------+-------+-----+
|DSP              |        -|    -|       -|      -|    -|
|Expression       |        -|    -|       0|     88|    -|
|FIFO             |        -|    -|       -|      -|    -|
|Instance         |        0|    -|      50|     44|    -|
|Memory           |        -|    -|       -|      -|    -|
|Multiplexer      |        -|    -|       -|     50|    -|
|Register         |        -|    -|     111|      -|    -|
+-----------------+---------+-----+--------+-------+-----+
|Total            |        0|    0|     161|    182|    0|
+-----------------+---------+-----+--------+-------+-----+
|Available        |      280|  220|  106400|  53200|    0|
+-----------------+---------+-----+--------+-------+-----+
|Utilization (%)  |        0|    0|      ~0|     ~0|    0|
+-----------------+---------+-----+--------+-------+-----+

+ Detail: 
    * Instance: 
    +-----------------+---------------+---------+----+----+----+-----+
    |     Instance    |     Module    | BRAM_18K| DSP| FF | LUT| URAM|
    +-----------------+---------------+---------+----+----+----+-----+
    |control_s_axi_U  |control_s_axi  |        0|   0|  50|  44|    0|
    +-----------------+---------------+---------+----+----+----+-----+
    |Total            |               |        0|   0|  50|  44|    0|
    +-----------------+---------------+---------+----+----+----+-----+

    * DSP: 
    N/A

    * Memory: 
    N/A

    * FIFO: 
    N/A

    * Expression: 
    +----------------------------------+----------+----+---+----+------------+------------+
    |           Variable Name          | Operation| DSP| FF| LUT| Bitwidth P0| Bitwidth P1|
    +----------------------------------+----------+----+---+----+------------+------------+
    |add_ln886_1_fu_179_p2             |         +|   0|  0|  13|           5|           1|
    |add_ln886_fu_151_p2               |         +|   0|  0|  23|          16|           1|
    |ap_block_state1_pp0_stage0_iter0  |       and|   0|  0|   2|           1|           1|
    |ap_block_state2_io                |       and|   0|  0|   2|           1|           1|
    |ap_block_state3_io                |       and|   0|  0|   2|           1|           1|
    |ap_condition_190                  |       and|   0|  0|   2|           1|           1|
    |ap_condition_203                  |       and|   0|  0|   2|           1|           1|
    |ap_condition_209                  |       and|   0|  0|   2|           1|           1|
    |ap_condition_226                  |       and|   0|  0|   2|           1|           1|
    |ap_condition_232                  |       and|   0|  0|   2|           1|           1|
    |ap_predicate_op27_read_state1     |       and|   0|  0|   2|           1|           1|
    |ap_predicate_op50_write_state2    |       and|   0|  0|   2|           1|           1|
    |ap_predicate_op55_write_state3    |       and|   0|  0|   2|           1|           1|
    |icmp_ln1065_fu_173_p2             |      icmp|   0|  0|   9|           5|           3|
    |last_of_batch_fu_145_p2           |      icmp|   0|  0|  13|          16|          15|
    |ap_block_pp0_stage0_01001         |        or|   0|  0|   2|           1|           1|
    |ap_block_pp0_stage0_11001         |        or|   0|  0|   2|           1|           1|
    |ap_block_state3_pp0_stage0_iter2  |        or|   0|  0|   2|           1|           1|
    |ap_enable_pp0                     |       xor|   0|  0|   2|           1|           2|
    +----------------------------------+----------+----+---+----+------------+------------+
    |Total                             |          |   0|  0|  88|          57|          36|
    +----------------------------------+----------+----+---+----+------------+------------+

    * Multiplexer: 
    +------------------------+----+-----------+-----+-----------+
    |          Name          | LUT| Input Size| Bits| Total Bits|
    +------------------------+----+-----------+-----+-----------+
    |batch_cnt_V             |   9|          2|    5|         10|
    |m_axis_out_TDATA_blk_n  |   9|          2|    1|          2|
    |s_axis_in_TDATA_blk_n   |   9|          2|    1|          2|
    |samp_cnt_V              |   9|          2|   16|         32|
    |trigger_done            |  14|          3|    1|          3|
    +------------------------+----+-----------+-----+-----------+
    |Total                   |  50|         11|   24|         49|
    +------------------------+----+-----------+-----+-----------+

    * Register: 
    +---------------------------------------+----+----+-----+-----------+
    |                  Name                 | FF | LUT| Bits| Const Bits|
    +---------------------------------------+----+----+-----+-----------+
    |ap_CS_fsm                              |   1|   0|    1|          0|
    |ap_enable_reg_pp0_iter1                |   1|   0|    1|          0|
    |ap_enable_reg_pp0_iter2                |   1|   0|    1|          0|
    |batch_cnt_V                            |   5|   0|    5|          0|
    |done_V                                 |   1|   0|    1|          0|
    |done_V_load_reg_219                    |   1|   0|    1|          0|
    |done_V_load_reg_219_pp0_iter1_reg      |   1|   0|    1|          0|
    |icmp_ln1065_reg_243                    |   1|   0|    1|          0|
    |last_of_batch_reg_238                  |   1|   0|    1|          0|
    |p_0_reg_223                            |  64|   0|   64|          0|
    |samp_cnt_V                             |  16|   0|   16|          0|
    |sync_reset_read_reg_215                |   1|   0|    1|          0|
    |sync_reset_read_reg_215_pp0_iter1_reg  |   1|   0|    1|          0|
    |tmp_keep_V_reg_228                     |   8|   0|    8|          0|
    |tmp_strb_V_reg_233                     |   8|   0|    8|          0|
    +---------------------------------------+----+----+-----+-----------+
    |Total                                  | 111|   0|  111|          0|
    +---------------------------------------+----+----+-----+-----------+



================================================================
== Interface
================================================================
* Summary: 
+-----------------------+-----+-----+------------+---------------------+--------------+
|       RTL Ports       | Dir | Bits|  Protocol  |    Source Object    |    C Type    |
+-----------------------+-----+-----+------------+---------------------+--------------+
|s_axi_control_AWVALID  |   in|    1|       s_axi|              control|       pointer|
|s_axi_control_AWREADY  |  out|    1|       s_axi|              control|       pointer|
|s_axi_control_AWADDR   |   in|    5|       s_axi|              control|       pointer|
|s_axi_control_WVALID   |   in|    1|       s_axi|              control|       pointer|
|s_axi_control_WREADY   |  out|    1|       s_axi|              control|       pointer|
|s_axi_control_WDATA    |   in|   32|       s_axi|              control|       pointer|
|s_axi_control_WSTRB    |   in|    4|       s_axi|              control|       pointer|
|s_axi_control_ARVALID  |   in|    1|       s_axi|              control|       pointer|
|s_axi_control_ARREADY  |  out|    1|       s_axi|              control|       pointer|
|s_axi_control_ARADDR   |   in|    5|       s_axi|              control|       pointer|
|s_axi_control_RVALID   |  out|    1|       s_axi|              control|       pointer|
|s_axi_control_RREADY   |   in|    1|       s_axi|              control|       pointer|
|s_axi_control_RDATA    |  out|   32|       s_axi|              control|       pointer|
|s_axi_control_RRESP    |  out|    2|       s_axi|              control|       pointer|
|s_axi_control_BVALID   |  out|    1|       s_axi|              control|       pointer|
|s_axi_control_BREADY   |   in|    1|       s_axi|              control|       pointer|
|s_axi_control_BRESP    |  out|    2|       s_axi|              control|       pointer|
|ap_clk                 |   in|    1|  ap_ctrl_hs|           trigger_ip|  return value|
|ap_rst_n               |   in|    1|  ap_ctrl_hs|           trigger_ip|  return value|
|interrupt              |  out|    1|  ap_ctrl_hs|           trigger_ip|  return value|
|s_axis_in_TVALID       |   in|    1|        axis|   s_axis_in_V_last_V|       pointer|
|s_axis_in_TREADY       |  out|    1|        axis|   s_axis_in_V_last_V|       pointer|
|s_axis_in_TLAST        |   in|    1|        axis|   s_axis_in_V_last_V|       pointer|
|m_axis_out_TREADY      |   in|    1|        axis|  m_axis_out_V_last_V|       pointer|
|m_axis_out_TVALID      |  out|    1|        axis|  m_axis_out_V_last_V|       pointer|
|m_axis_out_TLAST       |  out|    1|        axis|  m_axis_out_V_last_V|       pointer|
|s_axis_in_TDATA        |   in|   64|        axis|   s_axis_in_V_data_V|       pointer|
|s_axis_in_TKEEP        |   in|    8|        axis|   s_axis_in_V_keep_V|       pointer|
|s_axis_in_TSTRB        |   in|    8|        axis|   s_axis_in_V_strb_V|       pointer|
|m_axis_out_TDATA       |  out|   64|        axis|  m_axis_out_V_data_V|       pointer|
|m_axis_out_TKEEP       |  out|    8|        axis|  m_axis_out_V_keep_V|       pointer|
|m_axis_out_TSTRB       |  out|    8|        axis|  m_axis_out_V_strb_V|       pointer|
+-----------------------+-----+-----+------------+---------------------+--------------+

============================================================
+ Verbose Summary: Synthesis Manager
============================================================
InlineROM: 1
ExposeGlobal: 0
============================================================
+ Verbose Summary: CDFG Model
============================================================
IsTopModel: 1
ResetActiveHigh: 1
IsCombinational: 2
IsDatapathOnly: 2
HasWiredReturn: 1
HasMFsm: 2
HasVarLatency: 0
IsPipeline: 1
IsRtlPipelined: 1
IsInstanceOverlapped: 0
IsDontTouch: 0
HasImplIP: 0
IsGatedGlobalClock: 0

+ Individual pipeline summary: 
  * Pipeline-0: initiation interval (II) = 1, depth = 3


============================================================
+ Verbose Summary: Schedule
============================================================
* Number of FSM states : 3
* Pipeline : 1
  Pipeline-0 : II = 1, D = 3, States = { 1 2 3 }
* Dataflow Pipeline: 0

* FSM state transitions: 
1 --> 2 
2 --> 3 
3 --> 

* FSM state operations: 

State 1 <SV = 0> <Delay = 4.99>
ST_1 : Operation 4 [1/1] (0.00ns)   --->   "%specpipeline_ln16 = specpipeline void @_ssdm_op_SpecPipeline, i32 1, i32 0, i32 0, i32 0, void @empty_1" [project_trigger_ip/trigger_ip.cpp:16]   --->   Operation 4 'specpipeline' 'specpipeline_ln16' <Predicate = true> <Delay = 0.00>
ST_1 : Operation 5 [1/1] (0.00ns)   --->   "%spectopmodule_ln3 = spectopmodule void @_ssdm_op_SpecTopModule, void @empty_7" [project_trigger_ip/trigger_ip.cpp:3]   --->   Operation 5 'spectopmodule' 'spectopmodule_ln3' <Predicate = true> <Delay = 0.00>
ST_1 : Operation 6 [1/1] (0.00ns)   --->   "%specinterface_ln0 = specinterface void @_ssdm_op_SpecInterface, i64 %s_axis_in_V_data_V, i8 %s_axis_in_V_keep_V, i8 %s_axis_in_V_strb_V, i1 %s_axis_in_V_last_V, void @empty, i32 1, i32 1, void @empty_0, i32 0, i32 0, void @empty_1, void @empty_1, void @empty_1, i32 0, i32 0, i32 0, i32 0, void @empty_1, void @empty_1, i32 4294967295, i32 0"   --->   Operation 6 'specinterface' 'specinterface_ln0' <Predicate = true> <Delay = 0.00>
ST_1 : Operation 7 [1/1] (0.00ns)   --->   "%specbitsmap_ln0 = specbitsmap void @_ssdm_op_SpecBitsMap, i64 %s_axis_in_V_data_V"   --->   Operation 7 'specbitsmap' 'specbitsmap_ln0' <Predicate = true> <Delay = 0.00>
ST_1 : Operation 8 [1/1] (0.00ns)   --->   "%specbitsmap_ln0 = specbitsmap void @_ssdm_op_SpecBitsMap, i8 %s_axis_in_V_keep_V"   --->   Operation 8 'specbitsmap' 'specbitsmap_ln0' <Predicate = true> <Delay = 0.00>
ST_1 : Operation 9 [1/1] (0.00ns)   --->   "%specbitsmap_ln0 = specbitsmap void @_ssdm_op_SpecBitsMap, i8 %s_axis_in_V_strb_V"   --->   Operation 9 'specbitsmap' 'specbitsmap_ln0' <Predicate = true> <Delay = 0.00>
ST_1 : Operation 10 [1/1] (0.00ns)   --->   "%specbitsmap_ln0 = specbitsmap void @_ssdm_op_SpecBitsMap, i1 %s_axis_in_V_last_V"   --->   Operation 10 'specbitsmap' 'specbitsmap_ln0' <Predicate = true> <Delay = 0.00>
ST_1 : Operation 11 [1/1] (0.00ns)   --->   "%specinterface_ln0 = specinterface void @_ssdm_op_SpecInterface, i64 %m_axis_out_V_data_V, i8 %m_axis_out_V_keep_V, i8 %m_axis_out_V_strb_V, i1 %m_axis_out_V_last_V, void @empty, i32 1, i32 1, void @empty_0, i32 0, i32 0, void @empty_1, void @empty_1, void @empty_1, i32 0, i32 0, i32 0, i32 0, void @empty_1, void @empty_1, i32 4294967295, i32 0"   --->   Operation 11 'specinterface' 'specinterface_ln0' <Predicate = true> <Delay = 0.00>
ST_1 : Operation 12 [1/1] (0.00ns)   --->   "%specbitsmap_ln0 = specbitsmap void @_ssdm_op_SpecBitsMap, i64 %m_axis_out_V_data_V"   --->   Operation 12 'specbitsmap' 'specbitsmap_ln0' <Predicate = true> <Delay = 0.00>
ST_1 : Operation 13 [1/1] (0.00ns)   --->   "%specbitsmap_ln0 = specbitsmap void @_ssdm_op_SpecBitsMap, i8 %m_axis_out_V_keep_V"   --->   Operation 13 'specbitsmap' 'specbitsmap_ln0' <Predicate = true> <Delay = 0.00>
ST_1 : Operation 14 [1/1] (0.00ns)   --->   "%specbitsmap_ln0 = specbitsmap void @_ssdm_op_SpecBitsMap, i8 %m_axis_out_V_strb_V"   --->   Operation 14 'specbitsmap' 'specbitsmap_ln0' <Predicate = true> <Delay = 0.00>
ST_1 : Operation 15 [1/1] (0.00ns)   --->   "%specbitsmap_ln0 = specbitsmap void @_ssdm_op_SpecBitsMap, i1 %m_axis_out_V_last_V"   --->   Operation 15 'specbitsmap' 'specbitsmap_ln0' <Predicate = true> <Delay = 0.00>
ST_1 : Operation 16 [1/1] (0.00ns)   --->   "%specbitsmap_ln0 = specbitsmap void @_ssdm_op_SpecBitsMap, i1 %sync_reset"   --->   Operation 16 'specbitsmap' 'specbitsmap_ln0' <Predicate = true> <Delay = 0.00>
ST_1 : Operation 17 [1/1] (0.00ns)   --->   "%specinterface_ln0 = specinterface void @_ssdm_op_SpecInterface, i1 %sync_reset, void @empty_2, i32 0, i32 0, void @empty_1, i32 0, i32 0, void @empty_3, void @empty_4, void @empty_1, i32 0, i32 0, i32 0, i32 0, void @empty_1, void @empty_1, i32 4294967295, i32 0"   --->   Operation 17 'specinterface' 'specinterface_ln0' <Predicate = true> <Delay = 0.00>
ST_1 : Operation 18 [1/1] (0.00ns)   --->   "%specinterface_ln0 = specinterface void @_ssdm_op_SpecInterface, i1 %sync_reset, void @empty_5, i32 0, i32 0, void @empty_1, i32 0, i32 0, void @empty_1, void @empty_1, void @empty_1, i32 0, i32 0, i32 0, i32 0, void @empty_1, void @empty_1, i32 4294967295, i32 0"   --->   Operation 18 'specinterface' 'specinterface_ln0' <Predicate = true> <Delay = 0.00>
ST_1 : Operation 19 [1/1] (0.00ns)   --->   "%specbitsmap_ln0 = specbitsmap void @_ssdm_op_SpecBitsMap, i1 %trigger_done"   --->   Operation 19 'specbitsmap' 'specbitsmap_ln0' <Predicate = true> <Delay = 0.00>
ST_1 : Operation 20 [1/1] (0.00ns)   --->   "%specinterface_ln0 = specinterface void @_ssdm_op_SpecInterface, i1 %trigger_done, void @empty_2, i32 0, i32 0, void @empty_1, i32 0, i32 0, void @empty_3, void @empty_6, void @empty_1, i32 0, i32 0, i32 0, i32 0, void @empty_1, void @empty_1, i32 4294967295, i32 0"   --->   Operation 20 'specinterface' 'specinterface_ln0' <Predicate = true> <Delay = 0.00>
ST_1 : Operation 21 [1/1] (0.00ns)   --->   "%specinterface_ln0 = specinterface void @_ssdm_op_SpecInterface, i1 %trigger_done, void @empty_5, i32 0, i32 0, void @empty_1, i32 0, i32 0, void @empty_1, void @empty_1, void @empty_1, i32 0, i32 0, i32 0, i32 0, void @empty_1, void @empty_1, i32 4294967295, i32 0"   --->   Operation 21 'specinterface' 'specinterface_ln0' <Predicate = true> <Delay = 0.00>
ST_1 : Operation 22 [1/1] (0.00ns)   --->   "%specinterface_ln0 = specinterface void @_ssdm_op_SpecInterface, i32 0, void @empty_2, i32 0, i32 0, void @empty_1, i32 0, i32 0, void @empty_3, void @empty_1, void @empty_1, i32 0, i32 0, i32 0, i32 0, void @empty_1, void @empty_1, i32 4294967295, i32 0"   --->   Operation 22 'specinterface' 'specinterface_ln0' <Predicate = true> <Delay = 0.00>
ST_1 : Operation 23 [1/1] (1.00ns)   --->   "%sync_reset_read = read i1 @_ssdm_op_Read.s_axilite.i1, i1 %sync_reset"   --->   Operation 23 'read' 'sync_reset_read' <Predicate = true> <Delay = 1.00> <CoreInst = "s_axilite">   --->   Core 114 's_axilite' <Latency = 0> <II = 1> <Delay = 1.00> <Adapter> <Opcode : 'read' 'write'>
ST_1 : Operation 24 [1/1] (0.00ns)   --->   "%br_ln22 = br i1 %sync_reset_read, void %if.end, void %if.then" [project_trigger_ip/trigger_ip.cpp:22]   --->   Operation 24 'br' 'br_ln22' <Predicate = true> <Delay = 0.00>
ST_1 : Operation 25 [1/1] (0.00ns)   --->   "%done_V_load = load i1 %done_V"   --->   Operation 25 'load' 'done_V_load' <Predicate = (!sync_reset_read)> <Delay = 0.00>
ST_1 : Operation 26 [1/1] (0.00ns)   --->   "%br_ln30 = br i1 %done_V_load, void %if.end14, void %return" [project_trigger_ip/trigger_ip.cpp:30]   --->   Operation 26 'br' 'br_ln30' <Predicate = (!sync_reset_read)> <Delay = 0.00>
ST_1 : Operation 27 [1/1] (0.00ns)   --->   "%empty = read i81 @_ssdm_op_Read.axis.volatile.i64P0A.i8P0A.i8P0A.i1P0A, i64 %s_axis_in_V_data_V, i8 %s_axis_in_V_keep_V, i8 %s_axis_in_V_strb_V, i1 %s_axis_in_V_last_V"   --->   Operation 27 'read' 'empty' <Predicate = (!sync_reset_read & !done_V_load)> <Delay = 0.00> <CoreInst = "axis">   --->   Core 115 'axis' <Latency = 0> <II = 1> <Delay = 1.00> <Adapter> <Opcode : >
ST_1 : Operation 28 [1/1] (0.00ns)   --->   "%p_0 = extractvalue i81 %empty"   --->   Operation 28 'extractvalue' 'p_0' <Predicate = (!sync_reset_read & !done_V_load)> <Delay = 0.00>
ST_1 : Operation 29 [1/1] (0.00ns)   --->   "%tmp_keep_V = extractvalue i81 %empty"   --->   Operation 29 'extractvalue' 'tmp_keep_V' <Predicate = (!sync_reset_read & !done_V_load)> <Delay = 0.00>
ST_1 : Operation 30 [1/1] (0.00ns)   --->   "%tmp_strb_V = extractvalue i81 %empty"   --->   Operation 30 'extractvalue' 'tmp_strb_V' <Predicate = (!sync_reset_read & !done_V_load)> <Delay = 0.00>
ST_1 : Operation 31 [1/1] (0.00ns)   --->   "%samp_cnt_V_load = load i16 %samp_cnt_V"   --->   Operation 31 'load' 'samp_cnt_V_load' <Predicate = (!sync_reset_read & !done_V_load)> <Delay = 0.00>
ST_1 : Operation 32 [1/1] (2.42ns)   --->   "%last_of_batch = icmp_eq  i16 %samp_cnt_V_load, i16 32767"   --->   Operation 32 'icmp' 'last_of_batch' <Predicate = (!sync_reset_read & !done_V_load)> <Delay = 2.42> <CoreInst = "Cmp">   --->   Core 9 'Cmp' <Latency = 0> <II = 1> <Delay = 2.42> <FuncUnit> <Opcode : 'icmp'> <InPorts = 2> <OutPorts = 1>
ST_1 : Operation 33 [1/1] (0.00ns)   --->   "%br_ln43 = br i1 %last_of_batch, void %if.else24, void %if.then17" [project_trigger_ip/trigger_ip.cpp:43]   --->   Operation 33 'br' 'br_ln43' <Predicate = (!sync_reset_read & !done_V_load)> <Delay = 0.00>
ST_1 : Operation 34 [1/1] (2.07ns)   --->   "%add_ln886 = add i16 %samp_cnt_V_load, i16 1"   --->   Operation 34 'add' 'add_ln886' <Predicate = (!sync_reset_read & !done_V_load & !last_of_batch)> <Delay = 2.07> <CoreInst = "Adder">   --->   Core 1 'Adder' <Latency = 0> <II = 1> <Delay = 2.07> <FuncUnit> <Opcode : 'add' 'sub'> <InPorts = 2> <OutPorts = 1>
ST_1 : Operation 35 [1/1] (1.58ns)   --->   "%store_ln886 = store i16 %add_ln886, i16 %samp_cnt_V"   --->   Operation 35 'store' 'store_ln886' <Predicate = (!sync_reset_read & !done_V_load & !last_of_batch)> <Delay = 1.58>
ST_1 : Operation 36 [1/1] (0.00ns)   --->   "%br_ln0 = br void %if.end26"   --->   Operation 36 'br' 'br_ln0' <Predicate = (!sync_reset_read & !done_V_load & !last_of_batch)> <Delay = 0.00>
ST_1 : Operation 37 [1/1] (1.58ns)   --->   "%store_ln44 = store i16 0, i16 %samp_cnt_V" [project_trigger_ip/trigger_ip.cpp:44]   --->   Operation 37 'store' 'store_ln44' <Predicate = (!sync_reset_read & !done_V_load & last_of_batch)> <Delay = 1.58>
ST_1 : Operation 38 [1/1] (0.00ns)   --->   "%batch_cnt_V_load = load i5 %batch_cnt_V"   --->   Operation 38 'load' 'batch_cnt_V_load' <Predicate = (!sync_reset_read & !done_V_load & last_of_batch)> <Delay = 0.00>
ST_1 : Operation 39 [1/1] (1.36ns)   --->   "%icmp_ln1065 = icmp_eq  i5 %batch_cnt_V_load, i5 7"   --->   Operation 39 'icmp' 'icmp_ln1065' <Predicate = (!sync_reset_read & !done_V_load & last_of_batch)> <Delay = 1.36> <CoreInst = "Cmp">   --->   Core 9 'Cmp' <Latency = 0> <II = 1> <Delay = 1.36> <FuncUnit> <Opcode : 'icmp'> <InPorts = 2> <OutPorts = 1>
ST_1 : Operation 40 [1/1] (0.00ns)   --->   "%br_ln46 = br i1 %icmp_ln1065, void %if.else, void %if.then20" [project_trigger_ip/trigger_ip.cpp:46]   --->   Operation 40 'br' 'br_ln46' <Predicate = (!sync_reset_read & !done_V_load & last_of_batch)> <Delay = 0.00>
ST_1 : Operation 41 [1/1] (1.78ns)   --->   "%add_ln886_1 = add i5 %batch_cnt_V_load, i5 1"   --->   Operation 41 'add' 'add_ln886_1' <Predicate = (!sync_reset_read & !done_V_load & last_of_batch & !icmp_ln1065)> <Delay = 1.78> <CoreInst = "Adder">   --->   Core 1 'Adder' <Latency = 0> <II = 1> <Delay = 1.78> <FuncUnit> <Opcode : 'add' 'sub'> <InPorts = 2> <OutPorts = 1>
ST_1 : Operation 42 [1/1] (1.58ns)   --->   "%store_ln886 = store i5 %add_ln886_1, i5 %batch_cnt_V"   --->   Operation 42 'store' 'store_ln886' <Predicate = (!sync_reset_read & !done_V_load & last_of_batch & !icmp_ln1065)> <Delay = 1.58>
ST_1 : Operation 43 [1/1] (0.00ns)   --->   "%br_ln0 = br void %if.end23"   --->   Operation 43 'br' 'br_ln0' <Predicate = (!sync_reset_read & !done_V_load & last_of_batch & !icmp_ln1065)> <Delay = 0.00>
ST_1 : Operation 44 [1/1] (1.58ns)   --->   "%store_ln47 = store i1 1, i1 %done_V" [project_trigger_ip/trigger_ip.cpp:47]   --->   Operation 44 'store' 'store_ln47' <Predicate = (!sync_reset_read & !done_V_load & last_of_batch & icmp_ln1065)> <Delay = 1.58>
ST_1 : Operation 45 [1/1] (0.00ns)   --->   "%br_ln52 = br void %if.end26" [project_trigger_ip/trigger_ip.cpp:52]   --->   Operation 45 'br' 'br_ln52' <Predicate = (!sync_reset_read & !done_V_load & last_of_batch)> <Delay = 0.00>
ST_1 : Operation 46 [1/1] (0.00ns)   --->   "%br_ln55 = br void %return" [project_trigger_ip/trigger_ip.cpp:55]   --->   Operation 46 'br' 'br_ln55' <Predicate = (!sync_reset_read & !done_V_load)> <Delay = 0.00>
ST_1 : Operation 47 [1/1] (1.58ns)   --->   "%store_ln23 = store i16 0, i16 %samp_cnt_V" [project_trigger_ip/trigger_ip.cpp:23]   --->   Operation 47 'store' 'store_ln23' <Predicate = (sync_reset_read)> <Delay = 1.58>
ST_1 : Operation 48 [1/1] (1.58ns)   --->   "%store_ln24 = store i5 0, i5 %batch_cnt_V" [project_trigger_ip/trigger_ip.cpp:24]   --->   Operation 48 'store' 'store_ln24' <Predicate = (sync_reset_read)> <Delay = 1.58>
ST_1 : Operation 49 [1/1] (1.58ns)   --->   "%store_ln25 = store i1 0, i1 %done_V" [project_trigger_ip/trigger_ip.cpp:25]   --->   Operation 49 'store' 'store_ln25' <Predicate = (sync_reset_read)> <Delay = 1.58>

State 2 <SV = 1> <Delay = 1.00>
ST_2 : Operation 50 [2/2] (0.00ns)   --->   "%write_ln304 = write void @_ssdm_op_Write.axis.volatile.i64P0A.i8P0A.i8P0A.i1P0A, i64 %m_axis_out_V_data_V, i8 %m_axis_out_V_keep_V, i8 %m_axis_out_V_strb_V, i1 %m_axis_out_V_last_V, i64 %p_0, i8 %tmp_keep_V, i8 %tmp_strb_V, i1 %last_of_batch"   --->   Operation 50 'write' 'write_ln304' <Predicate = (!sync_reset_read & !done_V_load)> <Delay = 0.00> <CoreInst = "axis">   --->   Core 115 'axis' <Latency = 0> <II = 1> <Delay = 1.00> <Adapter> <Opcode : >
ST_2 : Operation 51 [1/1] (1.00ns)   --->   "%write_ln48 = write void @_ssdm_op_Write.s_axilite.i1P0A, i1 %trigger_done, i1 1" [project_trigger_ip/trigger_ip.cpp:48]   --->   Operation 51 'write' 'write_ln48' <Predicate = (!sync_reset_read & !done_V_load & last_of_batch & icmp_ln1065)> <Delay = 1.00> <CoreInst = "s_axilite">   --->   Core 114 's_axilite' <Latency = 0> <II = 1> <Delay = 1.00> <Adapter> <Opcode : 'read' 'write'>
ST_2 : Operation 52 [1/1] (0.00ns)   --->   "%br_ln49 = br void %if.end23" [project_trigger_ip/trigger_ip.cpp:49]   --->   Operation 52 'br' 'br_ln49' <Predicate = (!sync_reset_read & !done_V_load & last_of_batch & icmp_ln1065)> <Delay = 0.00>
ST_2 : Operation 53 [1/1] (1.00ns)   --->   "%write_ln26 = write void @_ssdm_op_Write.s_axilite.i1P0A, i1 %trigger_done, i1 0" [project_trigger_ip/trigger_ip.cpp:26]   --->   Operation 53 'write' 'write_ln26' <Predicate = (sync_reset_read)> <Delay = 1.00> <CoreInst = "s_axilite">   --->   Core 114 's_axilite' <Latency = 0> <II = 1> <Delay = 1.00> <Adapter> <Opcode : 'read' 'write'>
ST_2 : Operation 54 [1/1] (0.00ns)   --->   "%br_ln27 = br void %return" [project_trigger_ip/trigger_ip.cpp:27]   --->   Operation 54 'br' 'br_ln27' <Predicate = (sync_reset_read)> <Delay = 0.00>

State 3 <SV = 2> <Delay = 0.00>
ST_3 : Operation 55 [1/2] (0.00ns)   --->   "%write_ln304 = write void @_ssdm_op_Write.axis.volatile.i64P0A.i8P0A.i8P0A.i1P0A, i64 %m_axis_out_V_data_V, i8 %m_axis_out_V_keep_V, i8 %m_axis_out_V_strb_V, i1 %m_axis_out_V_last_V, i64 %p_0, i8 %tmp_keep_V, i8 %tmp_strb_V, i1 %last_of_batch"   --->   Operation 55 'write' 'write_ln304' <Predicate = (!sync_reset_read & !done_V_load)> <Delay = 0.00> <CoreInst = "axis">   --->   Core 115 'axis' <Latency = 0> <II = 1> <Delay = 1.00> <Adapter> <Opcode : >
ST_3 : Operation 56 [1/1] (0.00ns)   --->   "%ret_ln55 = ret" [project_trigger_ip/trigger_ip.cpp:55]   --->   Operation 56 'ret' 'ret_ln55' <Predicate = true> <Delay = 0.00>


============================================================
+ Verbose Summary: Binding
============================================================
STG Binding: 
---------------- STG Properties BEGIN ----------------
- Is combinational: 0
- Is one-state seq: 0
- Is datapath-only: 0
- Is pipelined: 1
- Is top level: 1
Port [ Return ] is wired: 1; IO mode=ap_ctrl_hs:ce=0
Port [ s_axis_in_V_data_V]:  wired=1; compound=1; hidden=0; nouse=0; global=0; static=0; extern=0; dir=0; type=0; pingpong=0; private_global=0; IO mode=axis:ce=0
Port [ s_axis_in_V_keep_V]:  wired=1; compound=1; hidden=0; nouse=0; global=0; static=0; extern=0; dir=0; type=0; pingpong=0; private_global=0; IO mode=axis:ce=0
Port [ s_axis_in_V_strb_V]:  wired=1; compound=1; hidden=0; nouse=0; global=0; static=0; extern=0; dir=0; type=0; pingpong=0; private_global=0; IO mode=axis:ce=0
Port [ s_axis_in_V_last_V]:  wired=1; compound=1; hidden=0; nouse=0; global=0; static=0; extern=0; dir=0; type=0; pingpong=0; private_global=0; IO mode=axis:ce=0
Port [ m_axis_out_V_data_V]:  wired=1; compound=1; hidden=0; nouse=0; global=0; static=0; extern=0; dir=1; type=0; pingpong=0; private_global=0; IO mode=axis:ce=0
Port [ m_axis_out_V_keep_V]:  wired=1; compound=1; hidden=0; nouse=0; global=0; static=0; extern=0; dir=1; type=0; pingpong=0; private_global=0; IO mode=axis:ce=0
Port [ m_axis_out_V_strb_V]:  wired=1; compound=1; hidden=0; nouse=0; global=0; static=0; extern=0; dir=1; type=0; pingpong=0; private_global=0; IO mode=axis:ce=0
Port [ m_axis_out_V_last_V]:  wired=1; compound=1; hidden=0; nouse=0; global=0; static=0; extern=0; dir=1; type=0; pingpong=0; private_global=0; IO mode=axis:ce=0
Port [ sync_reset]:  wired=1; compound=0; hidden=0; nouse=0; global=0; static=0; extern=0; dir=0; type=0; pingpong=0; private_global=0; IO mode=ap_none:ce=0
Port [ trigger_done]:  wired=1; compound=0; hidden=0; nouse=0; global=0; static=0; extern=0; dir=1; type=0; pingpong=0; private_global=0; IO mode=ap_ovld_nt:ce=0
Port [ samp_cnt_V]:  wired=0; compound=0; hidden=1; nouse=0; global=1; static=1; extern=0; dir=2; type=0; pingpong=0; private_global=1; IO mode=ap_ovld:ce=0
Port [ batch_cnt_V]:  wired=0; compound=0; hidden=1; nouse=0; global=1; static=1; extern=0; dir=2; type=0; pingpong=0; private_global=1; IO mode=ap_ovld:ce=0
Port [ done_V]:  wired=0; compound=0; hidden=1; nouse=0; global=1; static=1; extern=0; dir=2; type=0; pingpong=0; private_global=1; IO mode=ap_ovld:ce=0
---------------- STG Properties END ------------------

---------------- Datapath Model BEGIN ----------------

<LifeTime>
<method=bitvector/>
specpipeline_ln16 (specpipeline ) [ 0000]
spectopmodule_ln3 (spectopmodule) [ 0000]
specinterface_ln0 (specinterface) [ 0000]
specbitsmap_ln0   (specbitsmap  ) [ 0000]
specbitsmap_ln0   (specbitsmap  ) [ 0000]
specbitsmap_ln0   (specbitsmap  ) [ 0000]
specbitsmap_ln0   (specbitsmap  ) [ 0000]
specinterface_ln0 (specinterface) [ 0000]
specbitsmap_ln0   (specbitsmap  ) [ 0000]
specbitsmap_ln0   (specbitsmap  ) [ 0000]
specbitsmap_ln0   (specbitsmap  ) [ 0000]
specbitsmap_ln0   (specbitsmap  ) [ 0000]
specbitsmap_ln0   (specbitsmap  ) [ 0000]
specinterface_ln0 (specinterface) [ 0000]
specinterface_ln0 (specinterface) [ 0000]
specbitsmap_ln0   (specbitsmap  ) [ 0000]
specinterface_ln0 (specinterface) [ 0000]
specinterface_ln0 (specinterface) [ 0000]
specinterface_ln0 (specinterface) [ 0000]
sync_reset_read   (read         ) [ 0111]
br_ln22           (br           ) [ 0000]
done_V_load       (load         ) [ 0111]
br_ln30           (br           ) [ 0000]
empty             (read         ) [ 0000]
p_0               (extractvalue ) [ 0111]
tmp_keep_V        (extractvalue ) [ 0111]
tmp_strb_V        (extractvalue ) [ 0111]
samp_cnt_V_load   (load         ) [ 0000]
last_of_batch     (icmp         ) [ 0111]
br_ln43           (br           ) [ 0000]
add_ln886         (add          ) [ 0000]
store_ln886       (store        ) [ 0000]
br_ln0            (br           ) [ 0000]
store_ln44        (store        ) [ 0000]
batch_cnt_V_load  (load         ) [ 0000]
icmp_ln1065       (icmp         ) [ 0110]
br_ln46           (br           ) [ 0000]
add_ln886_1       (add          ) [ 0000]
store_ln886       (store        ) [ 0000]
br_ln0            (br           ) [ 0000]
store_ln47        (store        ) [ 0000]
br_ln52           (br           ) [ 0000]
br_ln55           (br           ) [ 0000]
store_ln23        (store        ) [ 0000]
store_ln24        (store        ) [ 0000]
store_ln25        (store        ) [ 0000]
write_ln48        (write        ) [ 0000]
br_ln49           (br           ) [ 0000]
write_ln26        (write        ) [ 0000]
br_ln27           (br           ) [ 0000]
write_ln304       (write        ) [ 0000]
ret_ln55          (ret          ) [ 0000]
</LifeTime>

<model>

<comp_list>
<comp id="0" class="1000" name="s_axis_in_V_data_V">
<pin_list>
<pin id="1" dir="1" index="0" bw="1" slack="0"/>
</pin_list>
<bind>
<StgValue><ssdm name="s_axis_in_V_data_V"/></StgValue>
</bind>
</comp>

<comp id="2" class="1000" name="s_axis_in_V_keep_V">
<pin_list>
<pin id="3" dir="1" index="0" bw="1" slack="0"/>
</pin_list>
<bind>
<StgValue><ssdm name="s_axis_in_V_keep_V"/></StgValue>
</bind>
</comp>

<comp id="4" class="1000" name="s_axis_in_V_strb_V">
<pin_list>
<pin id="5" dir="1" index="0" bw="1" slack="0"/>
</pin_list>
<bind>
<StgValue><ssdm name="s_axis_in_V_strb_V"/></StgValue>
</bind>
</comp>

<comp id="6" class="1000" name="s_axis_in_V_last_V">
<pin_list>
<pin id="7" dir="1" index="0" bw="1" slack="0"/>
</pin_list>
<bind>
<StgValue><ssdm name="s_axis_in_V_last_V"/></StgValue>
</bind>
</comp>

<comp id="8" class="1000" name="m_axis_out_V_data_V">
<pin_list>
<pin id="9" dir="1" index="0" bw="1" slack="0"/>
</pin_list>
<bind>
<StgValue><ssdm name="m_axis_out_V_data_V"/></StgValue>
</bind>
</comp>

<comp id="10" class="1000" name="m_axis_out_V_keep_V">
<pin_list>
<pin id="11" dir="1" index="0" bw="1" slack="0"/>
</pin_list>
<bind>
<StgValue><ssdm name="m_axis_out_V_keep_V"/></StgValue>
</bind>
</comp>

<comp id="12" class="1000" name="m_axis_out_V_strb_V">
<pin_list>
<pin id="13" dir="1" index="0" bw="1" slack="0"/>
</pin_list>
<bind>
<StgValue><ssdm name="m_axis_out_V_strb_V"/></StgValue>
</bind>
</comp>

<comp id="14" class="1000" name="m_axis_out_V_last_V">
<pin_list>
<pin id="15" dir="1" index="0" bw="1" slack="0"/>
</pin_list>
<bind>
<StgValue><ssdm name="m_axis_out_V_last_V"/></StgValue>
</bind>
</comp>

<comp id="16" class="1000" name="sync_reset">
<pin_list>
<pin id="17" dir="1" index="0" bw="1" slack="0"/>
</pin_list>
<bind>
<StgValue><ssdm name="sync_reset"/></StgValue>
</bind>
</comp>

<comp id="18" class="1000" name="trigger_done">
<pin_list>
<pin id="19" dir="1" index="0" bw="1" slack="0"/>
</pin_list>
<bind>
<StgValue><ssdm name="trigger_done"/></StgValue>
</bind>
</comp>

<comp id="20" class="1000" name="samp_cnt_V">
<pin_list>
<pin id="21" dir="1" index="0" bw="1" slack="0"/>
</pin_list>
<bind>
<StgValue><ssdm name="samp_cnt_V"/></StgValue>
</bind>
</comp>

<comp id="22" class="1000" name="batch_cnt_V">
<pin_list>
<pin id="23" dir="1" index="0" bw="1" slack="0"/>
</pin_list>
<bind>
<StgValue><ssdm name="batch_cnt_V"/></StgValue>
</bind>
</comp>

<comp id="24" class="1000" name="done_V">
<pin_list>
<pin id="25" dir="1" index="0" bw="1" slack="0"/>
</pin_list>
<bind>
<StgValue><ssdm name="done_V"/></StgValue>
</bind>
</comp>

<comp id="26" class="1001" name="const_26">
<pin_list>
<pin id="27" dir="1" index="0" bw="1" slack="2147483647"/>
</pin_list>
<bind>
<StgValue><ssdm name="_ssdm_op_SpecPipeline"/></StgValue>
</bind>
</comp>

<comp id="28" class="1001" name="const_28">
<pin_list>
<pin id="29" dir="1" index="0" bw="1" slack="2147483647"/>
</pin_list>
<bind>
<StgValue><ssdm name=""/></StgValue>
</bind>
</comp>

<comp id="30" class="1001" name="const_30">
<pin_list>
<pin id="31" dir="1" index="0" bw="1" slack="2147483647"/>
</pin_list>
<bind>
<StgValue><ssdm name=""/></StgValue>
</bind>
</comp>

<comp id="32" class="1001" name="const_32">
<pin_list>
<pin id="33" dir="1" index="0" bw="1" slack="2147483647"/>
</pin_list>
<bind>
<StgValue><ssdm name="empty_1"/></StgValue>
</bind>
</comp>

<comp id="34" class="1001" name="const_34">
<pin_list>
<pin id="35" dir="1" index="0" bw="1" slack="2147483647"/>
</pin_list>
<bind>
<StgValue><ssdm name="_ssdm_op_SpecTopModule"/></StgValue>
</bind>
</comp>

<comp id="36" class="1001" name="const_36">
<pin_list>
<pin id="37" dir="1" index="0" bw="1" slack="2147483647"/>
</pin_list>
<bind>
<StgValue><ssdm name="empty_7"/></StgValue>
</bind>
</comp>

<comp id="38" class="1001" name="const_38">
<pin_list>
<pin id="39" dir="1" index="0" bw="1" slack="2147483647"/>
</pin_list>
<bind>
<StgValue><ssdm name="_ssdm_op_SpecInterface"/></StgValue>
</bind>
</comp>

<comp id="40" class="1001" name="const_40">
<pin_list>
<pin id="41" dir="1" index="0" bw="1" slack="2147483647"/>
</pin_list>
<bind>
<StgValue><ssdm name="empty"/></StgValue>
</bind>
</comp>

<comp id="42" class="1001" name="const_42">
<pin_list>
<pin id="43" dir="1" index="0" bw="1" slack="2147483647"/>
</pin_list>
<bind>
<StgValue><ssdm name="empty_0"/></StgValue>
</bind>
</comp>

<comp id="44" class="1001" name="const_44">
<pin_list>
<pin id="45" dir="1" index="0" bw="1" slack="2147483647"/>
</pin_list>
<bind>
<StgValue><ssdm name=""/></StgValue>
</bind>
</comp>

<comp id="46" class="1001" name="const_46">
<pin_list>
<pin id="47" dir="1" index="0" bw="1" slack="2147483647"/>
</pin_list>
<bind>
<StgValue><ssdm name="_ssdm_op_SpecBitsMap"/></StgValue>
</bind>
</comp>

<comp id="48" class="1001" name="const_48">
<pin_list>
<pin id="49" dir="1" index="0" bw="1" slack="2147483647"/>
</pin_list>
<bind>
<StgValue><ssdm name="empty_2"/></StgValue>
</bind>
</comp>

<comp id="50" class="1001" name="const_50">
<pin_list>
<pin id="51" dir="1" index="0" bw="1" slack="2147483647"/>
</pin_list>
<bind>
<StgValue><ssdm name="empty_3"/></StgValue>
</bind>
</comp>

<comp id="52" class="1001" name="const_52">
<pin_list>
<pin id="53" dir="1" index="0" bw="1" slack="2147483647"/>
</pin_list>
<bind>
<StgValue><ssdm name="empty_4"/></StgValue>
</bind>
</comp>

<comp id="54" class="1001" name="const_54">
<pin_list>
<pin id="55" dir="1" index="0" bw="1" slack="2147483647"/>
</pin_list>
<bind>
<StgValue><ssdm name="empty_5"/></StgValue>
</bind>
</comp>

<comp id="56" class="1001" name="const_56">
<pin_list>
<pin id="57" dir="1" index="0" bw="1" slack="2147483647"/>
</pin_list>
<bind>
<StgValue><ssdm name="empty_6"/></StgValue>
</bind>
</comp>

<comp id="58" class="1001" name="const_58">
<pin_list>
<pin id="59" dir="1" index="0" bw="1" slack="0"/>
</pin_list>
<bind>
<StgValue><ssdm name="_ssdm_op_Read.s_axilite.i1"/></StgValue>
</bind>
</comp>

<comp id="60" class="1001" name="const_60">
<pin_list>
<pin id="61" dir="1" index="0" bw="1" slack="0"/>
</pin_list>
<bind>
<StgValue><ssdm name="_ssdm_op_Read.axis.volatile.i64P0A.i8P0A.i8P0A.i1P0A"/></StgValue>
</bind>
</comp>

<comp id="62" class="1001" name="const_62">
<pin_list>
<pin id="63" dir="1" index="0" bw="1" slack="0"/>
</pin_list>
<bind>
<StgValue><ssdm name=""/></StgValue>
</bind>
</comp>

<comp id="64" class="1001" name="const_64">
<pin_list>
<pin id="65" dir="1" index="0" bw="1" slack="0"/>
</pin_list>
<bind>
<StgValue><ssdm name=""/></StgValue>
</bind>
</comp>

<comp id="66" class="1001" name="const_66">
<pin_list>
<pin id="67" dir="1" index="0" bw="1" slack="0"/>
</pin_list>
<bind>
<StgValue><ssdm name=""/></StgValue>
</bind>
</comp>

<comp id="68" class="1001" name="const_68">
<pin_list>
<pin id="69" dir="1" index="0" bw="1" slack="0"/>
</pin_list>
<bind>
<StgValue><ssdm name=""/></StgValue>
</bind>
</comp>

<comp id="70" class="1001" name="const_70">
<pin_list>
<pin id="71" dir="1" index="0" bw="1" slack="0"/>
</pin_list>
<bind>
<StgValue><ssdm name=""/></StgValue>
</bind>
</comp>

<comp id="72" class="1001" name="const_72">
<pin_list>
<pin id="73" dir="1" index="0" bw="1" slack="0"/>
</pin_list>
<bind>
<StgValue><ssdm name=""/></StgValue>
</bind>
</comp>

<comp id="74" class="1001" name="const_74">
<pin_list>
<pin id="75" dir="1" index="0" bw="1" slack="0"/>
</pin_list>
<bind>
<StgValue><ssdm name=""/></StgValue>
</bind>
</comp>

<comp id="76" class="1001" name="const_76">
<pin_list>
<pin id="77" dir="1" index="0" bw="1" slack="0"/>
</pin_list>
<bind>
<StgValue><ssdm name=""/></StgValue>
</bind>
</comp>

<comp id="78" class="1001" name="const_78">
<pin_list>
<pin id="79" dir="1" index="0" bw="1" slack="0"/>
</pin_list>
<bind>
<StgValue><ssdm name="_ssdm_op_Write.axis.volatile.i64P0A.i8P0A.i8P0A.i1P0A"/></StgValue>
</bind>
</comp>

<comp id="80" class="1001" name="const_80">
<pin_list>
<pin id="81" dir="1" index="0" bw="1" slack="0"/>
</pin_list>
<bind>
<StgValue><ssdm name="_ssdm_op_Write.s_axilite.i1P0A"/></StgValue>
</bind>
</comp>

<comp id="82" class="1004" name="sync_reset_read_read_fu_82">
<pin_list>
<pin id="83" dir="0" index="0" bw="1" slack="0"/>
<pin id="84" dir="0" index="1" bw="1" slack="0"/>
<pin id="85" dir="1" index="2" bw="1" slack="1"/>
</pin_list>
<bind>
<opcode="read(1150) " fcode="read"/>
<opset="sync_reset_read/1 "/>
</bind>
</comp>

<comp id="88" class="1004" name="empty_read_fu_88">
<pin_list>
<pin id="89" dir="0" index="0" bw="81" slack="0"/>
<pin id="90" dir="0" index="1" bw="64" slack="0"/>
<pin id="91" dir="0" index="2" bw="8" slack="0"/>
<pin id="92" dir="0" index="3" bw="8" slack="0"/>
<pin id="93" dir="0" index="4" bw="1" slack="0"/>
<pin id="94" dir="1" index="5" bw="81" slack="0"/>
</pin_list>
<bind>
<opcode="read(1150) " fcode="read"/>
<opset="empty/1 "/>
</bind>
</comp>

<comp id="100" class="1004" name="grp_write_fu_100">
<pin_list>
<pin id="101" dir="0" index="0" bw="0" slack="0"/>
<pin id="102" dir="0" index="1" bw="64" slack="0"/>
<pin id="103" dir="0" index="2" bw="8" slack="0"/>
<pin id="104" dir="0" index="3" bw="8" slack="0"/>
<pin id="105" dir="0" index="4" bw="1" slack="0"/>
<pin id="106" dir="0" index="5" bw="64" slack="1"/>
<pin id="107" dir="0" index="6" bw="8" slack="1"/>
<pin id="108" dir="0" index="7" bw="8" slack="1"/>
<pin id="109" dir="0" index="8" bw="1" slack="1"/>
<pin id="110" dir="1" index="9" bw="0" slack="2147483647"/>
</pin_list>
<bind>
<opcode="write(1151) " fcode="write"/>
<opset="write_ln304/2 "/>
</bind>
</comp>

<comp id="116" class="1004" name="grp_write_fu_116">
<pin_list>
<pin id="117" dir="0" index="0" bw="0" slack="0"/>
<pin id="118" dir="0" index="1" bw="1" slack="0"/>
<pin id="119" dir="0" index="2" bw="1" slack="0"/>
<pin id="120" dir="1" index="3" bw="0" slack="2147483647"/>
</pin_list>
<bind>
<opcode="write(1151) " fcode="write"/>
<opset="write_ln48/2 write_ln26/2 "/>
</bind>
</comp>

<comp id="125" class="1004" name="done_V_load_load_fu_125">
<pin_list>
<pin id="126" dir="0" index="0" bw="1" slack="0"/>
<pin id="127" dir="1" index="1" bw="1" slack="1"/>
</pin_list>
<bind>
<opcode="load(27) " fcode="load"/>
<opset="done_V_load/1 "/>
</bind>
</comp>

<comp id="129" class="1004" name="p_0_fu_129">
<pin_list>
<pin id="130" dir="0" index="0" bw="81" slack="0"/>
<pin id="131" dir="1" index="1" bw="64" slack="1"/>
</pin_list>
<bind>
<opcode="extractvalue(56) " fcode="extractvalue"/>
<opset="p_0/1 "/>
</bind>
</comp>

<comp id="133" class="1004" name="tmp_keep_V_fu_133">
<pin_list>
<pin id="134" dir="0" index="0" bw="81" slack="0"/>
<pin id="135" dir="1" index="1" bw="8" slack="1"/>
</pin_list>
<bind>
<opcode="extractvalue(56) " fcode="extractvalue"/>
<opset="tmp_keep_V/1 "/>
</bind>
</comp>

<comp id="137" class="1004" name="tmp_strb_V_fu_137">
<pin_list>
<pin id="138" dir="0" index="0" bw="81" slack="0"/>
<pin id="139" dir="1" index="1" bw="8" slack="1"/>
</pin_list>
<bind>
<opcode="extractvalue(56) " fcode="extractvalue"/>
<opset="tmp_strb_V/1 "/>
</bind>
</comp>

<comp id="141" class="1004" name="samp_cnt_V_load_load_fu_141">
<pin_list>
<pin id="142" dir="0" index="0" bw="16" slack="0"/>
<pin id="143" dir="1" index="1" bw="16" slack="0"/>
</pin_list>
<bind>
<opcode="load(27) " fcode="load"/>
<opset="samp_cnt_V_load/1 "/>
</bind>
</comp>

<comp id="145" class="1004" name="last_of_batch_fu_145">
<pin_list>
<pin id="146" dir="0" index="0" bw="16" slack="0"/>
<pin id="147" dir="0" index="1" bw="16" slack="0"/>
<pin id="148" dir="1" index="2" bw="1" slack="1"/>
</pin_list>
<bind>
<opcode="icmp(45) " fcode="icmp"/>
<opset="last_of_batch/1 "/>
</bind>
</comp>

<comp id="151" class="1004" name="add_ln886_fu_151">
<pin_list>
<pin id="152" dir="0" index="0" bw="16" slack="0"/>
<pin id="153" dir="0" index="1" bw="1" slack="0"/>
<pin id="154" dir="1" index="2" bw="16" slack="0"/>
</pin_list>
<bind>
<opcode="add(8) " fcode="add"/>
<opset="add_ln886/1 "/>
</bind>
</comp>

<comp id="157" class="1004" name="store_ln886_store_fu_157">
<pin_list>
<pin id="158" dir="0" index="0" bw="16" slack="0"/>
<pin id="159" dir="0" index="1" bw="16" slack="0"/>
<pin id="160" dir="1" index="2" bw="0" slack="2147483647"/>
</pin_list>
<bind>
<opcode="store(28) " fcode="store"/>
<opset="store_ln886/1 "/>
</bind>
</comp>

<comp id="163" class="1004" name="store_ln44_store_fu_163">
<pin_list>
<pin id="164" dir="0" index="0" bw="1" slack="0"/>
<pin id="165" dir="0" index="1" bw="16" slack="0"/>
<pin id="166" dir="1" index="2" bw="0" slack="2147483647"/>
</pin_list>
<bind>
<opcode="store(28) " fcode="store"/>
<opset="store_ln44/1 "/>
</bind>
</comp>

<comp id="169" class="1004" name="batch_cnt_V_load_load_fu_169">
<pin_list>
<pin id="170" dir="0" index="0" bw="5" slack="0"/>
<pin id="171" dir="1" index="1" bw="5" slack="0"/>
</pin_list>
<bind>
<opcode="load(27) " fcode="load"/>
<opset="batch_cnt_V_load/1 "/>
</bind>
</comp>

<comp id="173" class="1004" name="icmp_ln1065_fu_173">
<pin_list>
<pin id="174" dir="0" index="0" bw="5" slack="0"/>
<pin id="175" dir="0" index="1" bw="5" slack="0"/>
<pin id="176" dir="1" index="2" bw="1" slack="1"/>
</pin_list>
<bind>
<opcode="icmp(45) " fcode="icmp"/>
<opset="icmp_ln1065/1 "/>
</bind>
</comp>

<comp id="179" class="1004" name="add_ln886_1_fu_179">
<pin_list>
<pin id="180" dir="0" index="0" bw="5" slack="0"/>
<pin id="181" dir="0" index="1" bw="1" slack="0"/>
<pin id="182" dir="1" index="2" bw="5" slack="0"/>
</pin_list>
<bind>
<opcode="add(8) " fcode="add"/>
<opset="add_ln886_1/1 "/>
</bind>
</comp>

<comp id="185" class="1004" name="store_ln886_store_fu_185">
<pin_list>
<pin id="186" dir="0" index="0" bw="5" slack="0"/>
<pin id="187" dir="0" index="1" bw="5" slack="0"/>
<pin id="188" dir="1" index="2" bw="0" slack="2147483647"/>
</pin_list>
<bind>
<opcode="store(28) " fcode="store"/>
<opset="store_ln886/1 "/>
</bind>
</comp>

<comp id="191" class="1004" name="store_ln47_store_fu_191">
<pin_list>
<pin id="192" dir="0" index="0" bw="1" slack="0"/>
<pin id="193" dir="0" index="1" bw="1" slack="0"/>
<pin id="194" dir="1" index="2" bw="0" slack="2147483647"/>
</pin_list>
<bind>
<opcode="store(28) " fcode="store"/>
<opset="store_ln47/1 "/>
</bind>
</comp>

<comp id="197" class="1004" name="store_ln23_store_fu_197">
<pin_list>
<pin id="198" dir="0" index="0" bw="1" slack="0"/>
<pin id="199" dir="0" index="1" bw="16" slack="0"/>
<pin id="200" dir="1" index="2" bw="0" slack="2147483647"/>
</pin_list>
<bind>
<opcode="store(28) " fcode="store"/>
<opset="store_ln23/1 "/>
</bind>
</comp>

<comp id="203" class="1004" name="store_ln24_store_fu_203">
<pin_list>
<pin id="204" dir="0" index="0" bw="1" slack="0"/>
<pin id="205" dir="0" index="1" bw="5" slack="0"/>
<pin id="206" dir="1" index="2" bw="0" slack="2147483647"/>
</pin_list>
<bind>
<opcode="store(28) " fcode="store"/>
<opset="store_ln24/1 "/>
</bind>
</comp>

<comp id="209" class="1004" name="store_ln25_store_fu_209">
<pin_list>
<pin id="210" dir="0" index="0" bw="1" slack="0"/>
<pin id="211" dir="0" index="1" bw="1" slack="0"/>
<pin id="212" dir="1" index="2" bw="0" slack="2147483647"/>
</pin_list>
<bind>
<opcode="store(28) " fcode="store"/>
<opset="store_ln25/1 "/>
</bind>
</comp>

<comp id="215" class="1005" name="sync_reset_read_reg_215">
<pin_list>
<pin id="216" dir="0" index="0" bw="1" slack="1"/>
<pin id="217" dir="1" index="1" bw="1" slack="2147483647"/>
</pin_list>
<bind>
<opset="sync_reset_read "/>
</bind>
</comp>

<comp id="219" class="1005" name="done_V_load_reg_219">
<pin_list>
<pin id="220" dir="0" index="0" bw="1" slack="1"/>
<pin id="221" dir="1" index="1" bw="1" slack="2147483647"/>
</pin_list>
<bind>
<opset="done_V_load "/>
</bind>
</comp>

<comp id="223" class="1005" name="p_0_reg_223">
<pin_list>
<pin id="224" dir="0" index="0" bw="64" slack="1"/>
<pin id="225" dir="1" index="1" bw="64" slack="1"/>
</pin_list>
<bind>
<opset="p_0 "/>
</bind>
</comp>

<comp id="228" class="1005" name="tmp_keep_V_reg_228">
<pin_list>
<pin id="229" dir="0" index="0" bw="8" slack="1"/>
<pin id="230" dir="1" index="1" bw="8" slack="1"/>
</pin_list>
<bind>
<opset="tmp_keep_V "/>
</bind>
</comp>

<comp id="233" class="1005" name="tmp_strb_V_reg_233">
<pin_list>
<pin id="234" dir="0" index="0" bw="8" slack="1"/>
<pin id="235" dir="1" index="1" bw="8" slack="1"/>
</pin_list>
<bind>
<opset="tmp_strb_V "/>
</bind>
</comp>

<comp id="238" class="1005" name="last_of_batch_reg_238">
<pin_list>
<pin id="239" dir="0" index="0" bw="1" slack="1"/>
<pin id="240" dir="1" index="1" bw="1" slack="1"/>
</pin_list>
<bind>
<opset="last_of_batch "/>
</bind>
</comp>

<comp id="243" class="1005" name="icmp_ln1065_reg_243">
<pin_list>
<pin id="244" dir="0" index="0" bw="1" slack="1"/>
<pin id="245" dir="1" index="1" bw="1" slack="2147483647"/>
</pin_list>
<bind>
<opset="icmp_ln1065 "/>
</bind>
</comp>

</comp_list>

<net_list>
<net id="86"><net_src comp="58" pin="0"/><net_sink comp="82" pin=0"/></net>

<net id="87"><net_src comp="16" pin="0"/><net_sink comp="82" pin=1"/></net>

<net id="95"><net_src comp="60" pin="0"/><net_sink comp="88" pin=0"/></net>

<net id="96"><net_src comp="0" pin="0"/><net_sink comp="88" pin=1"/></net>

<net id="97"><net_src comp="2" pin="0"/><net_sink comp="88" pin=2"/></net>

<net id="98"><net_src comp="4" pin="0"/><net_sink comp="88" pin=3"/></net>

<net id="99"><net_src comp="6" pin="0"/><net_sink comp="88" pin=4"/></net>

<net id="111"><net_src comp="78" pin="0"/><net_sink comp="100" pin=0"/></net>

<net id="112"><net_src comp="8" pin="0"/><net_sink comp="100" pin=1"/></net>

<net id="113"><net_src comp="10" pin="0"/><net_sink comp="100" pin=2"/></net>

<net id="114"><net_src comp="12" pin="0"/><net_sink comp="100" pin=3"/></net>

<net id="115"><net_src comp="14" pin="0"/><net_sink comp="100" pin=4"/></net>

<net id="121"><net_src comp="80" pin="0"/><net_sink comp="116" pin=0"/></net>

<net id="122"><net_src comp="18" pin="0"/><net_sink comp="116" pin=1"/></net>

<net id="123"><net_src comp="72" pin="0"/><net_sink comp="116" pin=2"/></net>

<net id="124"><net_src comp="76" pin="0"/><net_sink comp="116" pin=2"/></net>

<net id="128"><net_src comp="24" pin="0"/><net_sink comp="125" pin=0"/></net>

<net id="132"><net_src comp="88" pin="5"/><net_sink comp="129" pin=0"/></net>

<net id="136"><net_src comp="88" pin="5"/><net_sink comp="133" pin=0"/></net>

<net id="140"><net_src comp="88" pin="5"/><net_sink comp="137" pin=0"/></net>

<net id="144"><net_src comp="20" pin="0"/><net_sink comp="141" pin=0"/></net>

<net id="149"><net_src comp="141" pin="1"/><net_sink comp="145" pin=0"/></net>

<net id="150"><net_src comp="62" pin="0"/><net_sink comp="145" pin=1"/></net>

<net id="155"><net_src comp="141" pin="1"/><net_sink comp="151" pin=0"/></net>

<net id="156"><net_src comp="64" pin="0"/><net_sink comp="151" pin=1"/></net>

<net id="161"><net_src comp="151" pin="2"/><net_sink comp="157" pin=0"/></net>

<net id="162"><net_src comp="20" pin="0"/><net_sink comp="157" pin=1"/></net>

<net id="167"><net_src comp="66" pin="0"/><net_sink comp="163" pin=0"/></net>

<net id="168"><net_src comp="20" pin="0"/><net_sink comp="163" pin=1"/></net>

<net id="172"><net_src comp="22" pin="0"/><net_sink comp="169" pin=0"/></net>

<net id="177"><net_src comp="169" pin="1"/><net_sink comp="173" pin=0"/></net>

<net id="178"><net_src comp="68" pin="0"/><net_sink comp="173" pin=1"/></net>

<net id="183"><net_src comp="169" pin="1"/><net_sink comp="179" pin=0"/></net>

<net id="184"><net_src comp="70" pin="0"/><net_sink comp="179" pin=1"/></net>

<net id="189"><net_src comp="179" pin="2"/><net_sink comp="185" pin=0"/></net>

<net id="190"><net_src comp="22" pin="0"/><net_sink comp="185" pin=1"/></net>

<net id="195"><net_src comp="72" pin="0"/><net_sink comp="191" pin=0"/></net>

<net id="196"><net_src comp="24" pin="0"/><net_sink comp="191" pin=1"/></net>

<net id="201"><net_src comp="66" pin="0"/><net_sink comp="197" pin=0"/></net>

<net id="202"><net_src comp="20" pin="0"/><net_sink comp="197" pin=1"/></net>

<net id="207"><net_src comp="74" pin="0"/><net_sink comp="203" pin=0"/></net>

<net id="208"><net_src comp="22" pin="0"/><net_sink comp="203" pin=1"/></net>

<net id="213"><net_src comp="76" pin="0"/><net_sink comp="209" pin=0"/></net>

<net id="214"><net_src comp="24" pin="0"/><net_sink comp="209" pin=1"/></net>

<net id="218"><net_src comp="82" pin="2"/><net_sink comp="215" pin=0"/></net>

<net id="222"><net_src comp="125" pin="1"/><net_sink comp="219" pin=0"/></net>

<net id="226"><net_src comp="129" pin="1"/><net_sink comp="223" pin=0"/></net>

<net id="227"><net_src comp="223" pin="1"/><net_sink comp="100" pin=5"/></net>

<net id="231"><net_src comp="133" pin="1"/><net_sink comp="228" pin=0"/></net>

<net id="232"><net_src comp="228" pin="1"/><net_sink comp="100" pin=6"/></net>

<net id="236"><net_src comp="137" pin="1"/><net_sink comp="233" pin=0"/></net>

<net id="237"><net_src comp="233" pin="1"/><net_sink comp="100" pin=7"/></net>

<net id="241"><net_src comp="145" pin="2"/><net_sink comp="238" pin=0"/></net>

<net id="242"><net_src comp="238" pin="1"/><net_sink comp="100" pin=8"/></net>

<net id="246"><net_src comp="173" pin="2"/><net_sink comp="243" pin=0"/></net>

</net_list>

</model> 
---------------- Datapath Model END ------------------

* FSMD analyzer results:
  - Output states:
	Port: m_axis_out_V_data_V | {3 }
	Port: m_axis_out_V_keep_V | {3 }
	Port: m_axis_out_V_strb_V | {3 }
	Port: m_axis_out_V_last_V | {3 }
	Port: trigger_done | {2 }
	Port: samp_cnt_V | {1 }
	Port: batch_cnt_V | {1 }
	Port: done_V | {1 }
 - Input state : 
	Port: trigger_ip : s_axis_in_V_data_V | {1 }
	Port: trigger_ip : s_axis_in_V_keep_V | {1 }
	Port: trigger_ip : s_axis_in_V_strb_V | {1 }
	Port: trigger_ip : s_axis_in_V_last_V | {1 }
	Port: trigger_ip : sync_reset | {1 }
	Port: trigger_ip : samp_cnt_V | {1 }
	Port: trigger_ip : batch_cnt_V | {1 }
	Port: trigger_ip : done_V | {1 }
  - Chain level:
	State 1
		br_ln30 : 1
		last_of_batch : 1
		br_ln43 : 2
		add_ln886 : 1
		store_ln886 : 2
		icmp_ln1065 : 1
		br_ln46 : 2
		add_ln886_1 : 1
		store_ln886 : 2
	State 2
	State 3


============================================================
+ Verbose Summary: Datapath Resource usage 
============================================================

* Functional unit list:
|----------|----------------------------|---------|---------|
| Operation|       Functional Unit      |    FF   |   LUT   |
|----------|----------------------------|---------|---------|
|    add   |      add_ln886_fu_151      |    0    |    23   |
|          |     add_ln886_1_fu_179     |    0    |    13   |
|----------|----------------------------|---------|---------|
|   icmp   |    last_of_batch_fu_145    |    0    |    13   |
|          |     icmp_ln1065_fu_173     |    0    |    9    |
|----------|----------------------------|---------|---------|
|   read   | sync_reset_read_read_fu_82 |    0    |    0    |
|          |      empty_read_fu_88      |    0    |    0    |
|----------|----------------------------|---------|---------|
|   write  |      grp_write_fu_100      |    0    |    0    |
|          |      grp_write_fu_116      |    0    |    0    |
|----------|----------------------------|---------|---------|
|          |         p_0_fu_129         |    0    |    0    |
|extractvalue|      tmp_keep_V_fu_133     |    0    |    0    |
|          |      tmp_strb_V_fu_137     |    0    |    0    |
|----------|----------------------------|---------|---------|
|   Total  |                            |    0    |    58   |
|----------|----------------------------|---------|---------|

Memories:
N/A

* Register list:
+-----------------------+--------+
|                       |   FF   |
+-----------------------+--------+
|  done_V_load_reg_219  |    1   |
|  icmp_ln1065_reg_243  |    1   |
| last_of_batch_reg_238 |    1   |
|      p_0_reg_223      |   64   |
|sync_reset_read_reg_215|    1   |
|   tmp_keep_V_reg_228  |    8   |
|   tmp_strb_V_reg_233  |    8   |
+-----------------------+--------+
|         Total         |   84   |
+-----------------------+--------+

* Multiplexer (MUX) list: 
|------------------|------|------|------|--------||---------|
|       Comp       |  Pin | Size |  BW  | S x BW ||  Delay  |
|------------------|------|------|------|--------||---------|
| grp_write_fu_116 |  p2  |   2  |   1  |    2   |
|------------------|------|------|------|--------||---------|
|       Total      |      |      |      |    2   ||  1.588  |
|------------------|------|------|------|--------||---------|



* Summary:
+-----------+--------+--------+--------+
|           |  Delay |   FF   |   LUT  |
+-----------+--------+--------+--------+
|  Function |    -   |    0   |   58   |
|   Memory  |    -   |    -   |    -   |
|Multiplexer|    1   |    -   |    -   |
|  Register |    -   |   84   |    -   |
+-----------+--------+--------+--------+
|   Total   |    1   |   84   |   58   |
+-----------+--------+--------+--------+
