

================================================================
== Vitis HLS Report for 'fft_512_top'
================================================================
* Date:           Fri May  1 13:04:59 2026

* Version:        2022.1 (Build 3526262 on Mon Apr 18 15:47:01 MDT 2022)
* Project:        fft_512
* Solution:       solution1 (Vivado IP Flow Target)
* Product family: zynq
* Target device:  xc7z020-clg484-1


================================================================
== Performance Estimates
================================================================
+ Timing: 
    * Summary: 
    +--------+----------+----------+------------+
    |  Clock |  Target  | Estimated| Uncertainty|
    +--------+----------+----------+------------+
    |ap_clk  |  10.00 ns|  7.256 ns|     2.70 ns|
    +--------+----------+----------+------------+

+ Latency: 
    * Summary: 
    +---------+---------+----------+----------+-----+-----+---------+
    |  Latency (cycles) |  Latency (absolute) |  Interval | Pipeline|
    |   min   |   max   |    min   |    max   | min | max |   Type  |
    +---------+---------+----------+----------+-----+-----+---------+
    |        ?|        ?|         ?|         ?|    ?|    ?|       no|
    +---------+---------+----------+----------+-----+-----+---------+

    + Detail: 
        * Instance: 
        +-------------------------------------------------+--------------------------------------+---------+---------+----------+----------+-----+-----+---------+
        |                                                 |                                      |  Latency (cycles) |  Latency (absolute) |  Interval | Pipeline|
        |                     Instance                    |                Module                |   min   |   max   |    min   |    max   | min | max |   Type  |
        +-------------------------------------------------+--------------------------------------+---------+---------+----------+----------+-----+-----+---------+
        |grp_fft_512_top_Pipeline_1_fu_98                 |fft_512_top_Pipeline_1                |      513|      513|  5.130 us|  5.130 us|  513|  513|       no|
        |grp_fft_512_top_Pipeline_VITIS_LOOP_44_1_fu_104  |fft_512_top_Pipeline_VITIS_LOOP_44_1  |      514|      514|  5.140 us|  5.140 us|  514|  514|       no|
        |grp_fft_fast_fu_118                              |fft_fast                              |        ?|        ?|         ?|         ?|    ?|    ?|       no|
        |grp_fft_512_top_Pipeline_VITIS_LOOP_51_2_fu_130  |fft_512_top_Pipeline_VITIS_LOOP_51_2  |      514|      514|  5.140 us|  5.140 us|  514|  514|       no|
        +-------------------------------------------------+--------------------------------------+---------+---------+----------+----------+-----+-----+---------+

        * Loop: 
        N/A



================================================================
== Utilization Estimates
================================================================
* Summary: 
+-----------------+---------+-----+--------+-------+-----+
|       Name      | BRAM_18K| DSP |   FF   |  LUT  | URAM|
+-----------------+---------+-----+--------+-------+-----+
|DSP              |        -|    -|       -|      -|    -|
|Expression       |        -|    -|       0|      2|    -|
|FIFO             |        -|    -|       -|      -|    -|
|Instance         |        3|   16|    1867|   3197|    -|
|Memory           |        4|    -|       0|      0|    0|
|Multiplexer      |        -|    -|       -|    328|    -|
|Register         |        -|    -|      14|      -|    -|
+-----------------+---------+-----+--------+-------+-----+
|Total            |        7|   16|    1881|   3527|    0|
+-----------------+---------+-----+--------+-------+-----+
|Available        |      280|  220|  106400|  53200|    0|
+-----------------+---------+-----+--------+-------+-----+
|Utilization (%)  |        2|    7|       1|      6|    0|
+-----------------+---------+-----+--------+-------+-----+

+ Detail: 
    * Instance: 
    +-------------------------------------------------+--------------------------------------+---------+----+------+------+-----+
    |                     Instance                    |                Module                | BRAM_18K| DSP|  FF  |  LUT | URAM|
    +-------------------------------------------------+--------------------------------------+---------+----+------+------+-----+
    |grp_fft_512_top_Pipeline_1_fu_98                 |fft_512_top_Pipeline_1                |        0|   0|    11|    52|    0|
    |grp_fft_512_top_Pipeline_VITIS_LOOP_44_1_fu_104  |fft_512_top_Pipeline_VITIS_LOOP_44_1  |        0|   0|    12|    64|    0|
    |grp_fft_512_top_Pipeline_VITIS_LOOP_51_2_fu_130  |fft_512_top_Pipeline_VITIS_LOOP_51_2  |        0|   0|    14|    84|    0|
    |grp_fft_fast_fu_118                              |fft_fast                              |        3|  16|  1830|  2997|    0|
    +-------------------------------------------------+--------------------------------------+---------+----+------+------+-----+
    |Total                                            |                                      |        3|  16|  1867|  3197|    0|
    +-------------------------------------------------+--------------------------------------+---------+----+------+------+-----+

    * DSP: 
    N/A

    * Memory: 
    +----------------+--------------------------+---------+---+----+-----+------+-----+------+-------------+
    |     Memory     |          Module          | BRAM_18K| FF| LUT| URAM| Words| Bits| Banks| W*Bits*Banks|
    +----------------+--------------------------+---------+---+----+-----+------+-----+------+-------------+
    |zc_M_value_U    |zc_M_value_RAM_AUTO_1R1W  |        2|  0|   0|    0|   512|   32|     1|        16384|
    |zc_M_value_1_U  |zc_M_value_RAM_AUTO_1R1W  |        2|  0|   0|    0|   512|   32|     1|        16384|
    +----------------+--------------------------+---------+---+----+-----+------+-----+------+-------------+
    |Total           |                          |        4|  0|   0|    0|  1024|   64|     2|        32768|
    +----------------+--------------------------+---------+---+----+-----+------+-----+------+-------------+

    * FIFO: 
    N/A

    * Expression: 
    +-----------------------------------------------------------------+----------+----+---+----+------------+------------+
    |                          Variable Name                          | Operation| DSP| FF| LUT| Bitwidth P0| Bitwidth P1|
    +-----------------------------------------------------------------+----------+----+---+----+------------+------------+
    |grp_fft_512_top_Pipeline_VITIS_LOOP_51_2_fu_130_output_r_TREADY  |       and|   0|  0|   2|           1|           1|
    +-----------------------------------------------------------------+----------+----+---+----+------------+------------+
    |Total                                                            |          |   0|  0|   2|           1|           1|
    +-----------------------------------------------------------------+----------+----+---+----+------------+------------+

    * Multiplexer: 
    +-----------------------------+----+-----------+-----+-----------+
    |             Name            | LUT| Input Size| Bits| Total Bits|
    +-----------------------------+----+-----------+-----+-----------+
    |ap_NS_fsm                    |  59|         11|    1|         11|
    |input_r_TREADY_int_regslice  |   9|          2|    1|          2|
    |zc_M_value_1_address0        |  31|          6|    9|         54|
    |zc_M_value_1_ce0             |  31|          6|    1|          6|
    |zc_M_value_1_ce1             |   9|          2|    1|          2|
    |zc_M_value_1_d0              |  25|          5|   32|        160|
    |zc_M_value_1_we0             |  25|          5|    1|          5|
    |zc_M_value_1_we1             |   9|          2|    1|          2|
    |zc_M_value_address0          |  31|          6|    9|         54|
    |zc_M_value_ce0               |  31|          6|    1|          6|
    |zc_M_value_ce1               |   9|          2|    1|          2|
    |zc_M_value_d0                |  25|          5|   32|        160|
    |zc_M_value_we0               |  25|          5|    1|          5|
    |zc_M_value_we1               |   9|          2|    1|          2|
    +-----------------------------+----+-----------+-----+-----------+
    |Total                        | 328|         65|   92|        471|
    +-----------------------------+----+-----------+-----+-----------+

    * Register: 
    +--------------------------------------------------------------+----+----+-----+-----------+
    |                             Name                             | FF | LUT| Bits| Const Bits|
    +--------------------------------------------------------------+----+----+-----+-----------+
    |ap_CS_fsm                                                     |  10|   0|   10|          0|
    |grp_fft_512_top_Pipeline_1_fu_98_ap_start_reg                 |   1|   0|    1|          0|
    |grp_fft_512_top_Pipeline_VITIS_LOOP_44_1_fu_104_ap_start_reg  |   1|   0|    1|          0|
    |grp_fft_512_top_Pipeline_VITIS_LOOP_51_2_fu_130_ap_start_reg  |   1|   0|    1|          0|
    |grp_fft_fast_fu_118_ap_start_reg                              |   1|   0|    1|          0|
    +--------------------------------------------------------------+----+----+-----+-----------+
    |Total                                                         |  14|   0|   14|          0|
    +--------------------------------------------------------------+----+----+-----+-----------+



================================================================
== Interface
================================================================
* Summary: 
+-----------------+-----+-----+--------------+-------------------+--------------+
|    RTL Ports    | Dir | Bits|   Protocol   |   Source Object   |    C Type    |
+-----------------+-----+-----+--------------+-------------------+--------------+
|ap_clk           |   in|    1|  ap_ctrl_none|        fft_512_top|  return value|
|ap_rst_n         |   in|    1|  ap_ctrl_none|        fft_512_top|  return value|
|input_r_TDATA    |   in|   64|          axis|   input_r_V_data_V|       pointer|
|input_r_TVALID   |   in|    1|          axis|   input_r_V_last_V|       pointer|
|input_r_TREADY   |  out|    1|          axis|   input_r_V_last_V|       pointer|
|input_r_TLAST    |   in|    1|          axis|   input_r_V_last_V|       pointer|
|input_r_TKEEP    |   in|    8|          axis|   input_r_V_keep_V|       pointer|
|input_r_TSTRB    |   in|    8|          axis|   input_r_V_strb_V|       pointer|
|output_r_TDATA   |  out|   64|          axis|  output_r_V_data_V|       pointer|
|output_r_TVALID  |  out|    1|          axis|  output_r_V_last_V|       pointer|
|output_r_TREADY  |   in|    1|          axis|  output_r_V_last_V|       pointer|
|output_r_TLAST   |  out|    1|          axis|  output_r_V_last_V|       pointer|
|output_r_TKEEP   |  out|    8|          axis|  output_r_V_keep_V|       pointer|
|output_r_TSTRB   |  out|    8|          axis|  output_r_V_strb_V|       pointer|
+-----------------+-----+-----+--------------+-------------------+--------------+

